Archive member included to satisfy reference by file (symbol)

c:/programdata/matlab/supportpackages/r2024a/3p.instrset/gnuarm-armcortex.instrset/win/bin/../lib/gcc/arm-none-eabi/11.3.1/thumb/v7e-m+fp/hard\libm.a(libm_a-w_fmod.o)
                              MicroMouseTemplate.o (fmod)
c:/programdata/matlab/supportpackages/r2024a/3p.instrset/gnuarm-armcortex.instrset/win/bin/../lib/gcc/arm-none-eabi/11.3.1/thumb/v7e-m+fp/hard\libm.a(libm_a-s_floor.o)
                              MicroMouseTemplate.o (floor)
c:/programdata/matlab/supportpackages/r2024a/3p.instrset/gnuarm-armcortex.instrset/win/bin/../lib/gcc/arm-none-eabi/11.3.1/thumb/v7e-m+fp/hard\libm.a(libm_a-e_fmod.o)
                              c:/programdata/matlab/supportpackages/r2024a/3p.instrset/gnuarm-armcortex.instrset/win/bin/../lib/gcc/arm-none-eabi/11.3.1/thumb/v7e-m+fp/hard\libm.a(libm_a-w_fmod.o) (__ieee754_fmod)
c:/programdata/matlab/supportpackages/r2024a/3p.instrset/gnuarm-armcortex.instrset/win/bin/../lib/gcc/arm-none-eabi/11.3.1/thumb/v7e-m+fp/hard\libgcc.a(_arm_muldf3.o)
                              MicroMouseTemplate.o (__aeabi_dmul)
c:/programdata/matlab/supportpackages/r2024a/3p.instrset/gnuarm-armcortex.instrset/win/bin/../lib/gcc/arm-none-eabi/11.3.1/thumb/v7e-m+fp/hard\libgcc.a(_arm_addsubdf3.o)
                              MicroMouseTemplate.o (__aeabi_dsub)
c:/programdata/matlab/supportpackages/r2024a/3p.instrset/gnuarm-armcortex.instrset/win/bin/../lib/gcc/arm-none-eabi/11.3.1/thumb/v7e-m+fp/hard\libgcc.a(_arm_muldivdf3.o)
                              MicroMouseTemplate.o (__aeabi_ddiv)
c:/programdata/matlab/supportpackages/r2024a/3p.instrset/gnuarm-armcortex.instrset/win/bin/../lib/gcc/arm-none-eabi/11.3.1/thumb/v7e-m+fp/hard\libgcc.a(_arm_cmpdf2.o)
                              MicroMouseTemplate.o (__aeabi_dcmpeq)
c:/programdata/matlab/supportpackages/r2024a/3p.instrset/gnuarm-armcortex.instrset/win/bin/../lib/gcc/arm-none-eabi/11.3.1/thumb/v7e-m+fp/hard\libgcc.a(_arm_unorddf2.o)
                              c:/programdata/matlab/supportpackages/r2024a/3p.instrset/gnuarm-armcortex.instrset/win/bin/../lib/gcc/arm-none-eabi/11.3.1/thumb/v7e-m+fp/hard\libm.a(libm_a-w_fmod.o) (__aeabi_dcmpun)
c:/programdata/matlab/supportpackages/r2024a/3p.instrset/gnuarm-armcortex.instrset/win/bin/../lib/gcc/arm-none-eabi/11.3.1/thumb/v7e-m+fp/hard\libgcc.a(_arm_fixdfsi.o)
                              MicroMouseTemplate.o (__aeabi_d2iz)
c:/programdata/matlab/supportpackages/r2024a/3p.instrset/gnuarm-armcortex.instrset/win/bin/../lib/gcc/arm-none-eabi/11.3.1/thumb/v7e-m+fp/hard\libgcc.a(_arm_fixunsdfsi.o)
                              MicroMouseTemplate.o (__aeabi_d2uiz)
c:/programdata/matlab/supportpackages/r2024a/3p.instrset/gnuarm-armcortex.instrset/win/bin/../lib/gcc/arm-none-eabi/11.3.1/thumb/v7e-m+fp/hard\libgcc.a(_arm_truncdfsf2.o)
                              MicroMouseTemplate.o (__aeabi_d2f)
c:/programdata/matlab/supportpackages/r2024a/3p.instrset/gnuarm-armcortex.instrset/win/bin/../lib/gcc/arm-none-eabi/11.3.1/thumb/v7e-m+fp/hard\libc_nano.a(libc_a-exit.o)
                              c:/programdata/matlab/supportpackages/r2024a/3p.instrset/gnuarm-armcortex.instrset/win/bin/../lib/gcc/arm-none-eabi/11.3.1/thumb/v7e-m+fp/hard/crt0.o (exit)
c:/programdata/matlab/supportpackages/r2024a/3p.instrset/gnuarm-armcortex.instrset/win/bin/../lib/gcc/arm-none-eabi/11.3.1/thumb/v7e-m+fp/hard\libc_nano.a(libc_a-findfp.o)
                              c:/programdata/matlab/supportpackages/r2024a/3p.instrset/gnuarm-armcortex.instrset/win/bin/../lib/gcc/arm-none-eabi/11.3.1/thumb/v7e-m+fp/hard\libc_nano.a(libc_a-exit.o) (__stdio_exit_handler)
c:/programdata/matlab/supportpackages/r2024a/3p.instrset/gnuarm-armcortex.instrset/win/bin/../lib/gcc/arm-none-eabi/11.3.1/thumb/v7e-m+fp/hard\libc_nano.a(libc_a-fwalk.o)
                              c:/programdata/matlab/supportpackages/r2024a/3p.instrset/gnuarm-armcortex.instrset/win/bin/../lib/gcc/arm-none-eabi/11.3.1/thumb/v7e-m+fp/hard\libc_nano.a(libc_a-findfp.o) (_fwalk_sglue)
c:/programdata/matlab/supportpackages/r2024a/3p.instrset/gnuarm-armcortex.instrset/win/bin/../lib/gcc/arm-none-eabi/11.3.1/thumb/v7e-m+fp/hard\libc_nano.a(libc_a-stdio.o)
                              c:/programdata/matlab/supportpackages/r2024a/3p.instrset/gnuarm-armcortex.instrset/win/bin/../lib/gcc/arm-none-eabi/11.3.1/thumb/v7e-m+fp/hard\libc_nano.a(libc_a-findfp.o) (__sread)
c:/programdata/matlab/supportpackages/r2024a/3p.instrset/gnuarm-armcortex.instrset/win/bin/../lib/gcc/arm-none-eabi/11.3.1/thumb/v7e-m+fp/hard\libc_nano.a(libc_a-memset.o)
                              c:/programdata/matlab/supportpackages/r2024a/3p.instrset/gnuarm-armcortex.instrset/win/bin/../lib/gcc/arm-none-eabi/11.3.1/thumb/v7e-m+fp/hard/crt0.o (memset)
c:/programdata/matlab/supportpackages/r2024a/3p.instrset/gnuarm-armcortex.instrset/win/bin/../lib/gcc/arm-none-eabi/11.3.1/thumb/v7e-m+fp/hard\libc_nano.a(libc_a-closer.o)
[...]
Memory Configuration

Name             Origin             Length             Attributes
RAM              0x20000000         0x00018000         xrw
RAM2             0x10000000         0x00008000         xrw
FLASH            0x08000000         0x00080000         xr
*default*        0x00000000         0xffffffff

Linker script and memory map

LOAD c:/programdata/matlab/supportpackages/r2024a/3p.instrset/gnuarm-armcortex.instrset/win/bin/../lib/gcc/arm-none-eabi/11.3.1/thumb/v7e-m+fp/hard/crti.o
LOAD c:/programdata/matlab/supportpackages/r2024a/3p.instrset/gnuarm-armcortex.instrset/win/bin/../lib/gcc/arm-none-eabi/11.3.1/thumb/v7e-m+fp/hard/crtbegin.o
LOAD c:/programdata/matlab/supportpackages/r2024a/3p.instrset/gnuarm-armcortex.instrset/win/bin/../lib/gcc/arm-none-eabi/11.3.1/thumb/v7e-m+fp/hard/crt0.o
LOAD stm_timer_ll.o
LOAD stm_adc_ll.o
LOAD MicroMouseTemplate.o
LOAD MicroMouseTemplate_data.o
LOAD ert_main.o
LOAD IMU.o
LOAD CustomWhile.o
LOAD Motors.o
LOAD overrideHALDelay.o
LOAD platform_timer.o
LOAD SysTickScheduler.o
LOAD m3m4m4f_multitasking.o
LOAD main.o
LOAD gpio.o
LOAD adc.o
LOAD dma.o
LOAD i2c.o
LOAD tim.o
LOAD usart.o
LOAD usb_device.o
LOAD usbd_conf.o
LOAD usbd_desc.o
LOAD usbd_cdc_if.o
LOAD stm32l4xx_it.o
LOAD stm32l4xx_hal_msp.o
LOAD stm32l4xx_hal_timebase_tim.o
LOAD stm32l4xx_ll_utils.o
LOAD stm32l4xx_ll_exti.o
LOAD stm32l4xx_ll_gpio.o
LOAD stm32l4xx_hal_pcd.o
LOAD stm32l4xx_hal_pcd_ex.o
LOAD stm32l4xx_ll_usb.o
LOAD stm32l4xx_hal.o
LOAD stm32l4xx_hal_rcc.o
LOAD stm32l4xx_hal_rcc_ex.o
LOAD stm32l4xx_hal_flash.o
LOAD stm32l4xx_hal_flash_ex.o
LOAD stm32l4xx_hal_flash_ramfunc.o
LOAD stm32l4xx_hal_gpio.o
LOAD stm32l4xx_hal_i2c.o
LOAD stm32l4xx_hal_i2c_ex.o
LOAD stm32l4xx_hal_dma.o
LOAD stm32l4xx_hal_dma_ex.o
LOAD stm32l4xx_hal_pwr.o
LOAD stm32l4xx_hal_pwr_ex.o
LOAD stm32l4xx_hal_cortex.o
LOAD stm32l4xx_hal_exti.o
LOAD stm32l4xx_ll_adc.o
LOAD stm32l4xx_ll_dma.o
LOAD stm32l4xx_hal_tim.o
LOAD stm32l4xx_hal_tim_ex.o
LOAD stm32l4xx_ll_tim.o
LOAD stm32l4xx_ll_usart.o
LOAD stm32l4xx_ll_rcc.o
LOAD usbd_core.o
LOAD usbd_ctlreq.o
LOAD usbd_ioreq.o
LOAD usbd_cdc.o
LOAD system_stm32l4xx.o
LOAD syscalls.o
LOAD sysmem.o
LOAD startup_stm32l476vetx.o
LOAD code_profiling_utility_functions.o
LOAD C:/ProgramData/MATLAB/SupportPackages/R2024a/3P.instrset/cmsis_dsp.instrset/Lib/GCC/arm_cortexm4ldfsp_math/libCMSISDSP.a
LOAD c:/programdata/matlab/supportpackages/r2024a/3p.instrset/gnuarm-armcortex.instrset/win/bin/../lib/gcc/arm-none-eabi/11.3.1/thumb/v7e-m+fp/hard\libstdc++_nano.a
LOAD c:/programdata/matlab/supportpackages/r2024a/3p.instrset/gnuarm-armcortex.instrset/win/bin/../lib/gcc/arm-none-eabi/11.3.1/thumb/v7e-m+fp/hard\libm.a
START GROUP
LOAD c:/programdata/matlab/supportpackages/r2024a/3p.instrset/gnuarm-armcortex.instrset/win/bin/../lib/gcc/arm-none-eabi/11.3.1/thumb/v7e-m+fp/hard\libgcc.a
LOAD c:/programdata/matlab/supportpackages/r2024a/3p.instrset/gnuarm-armcortex.instrset/win/bin/../lib/gcc/arm-none-eabi/11.3.1/thumb/v7e-m+fp/hard\libc_nano.a
END GROUP
START GROUP
LOAD c:/programdata/matlab/supportpackages/r2024a/3p.instrset/gnuarm-armcortex.instrset/win/bin/../lib/gcc/arm-none-eabi/11.3.1/thumb/v7e-m+fp/hard\libgcc.a
LOAD c:/programdata/matlab/supportpackages/r2024a/3p.instrset/gnuarm-armcortex.instrset/win/bin/../lib/gcc/arm-none-eabi/11.3.1/thumb/v7e-m+fp/hard\libc_nano.a
LOAD c:/programdata/matlab/supportpackages/r2024a/3p.instrset/gnuarm-armcortex.instrset/win/bin/../lib/gcc/arm-none-eabi/11.3.1/thumb/v7e-m+fp/hard\libnosys.a
END GROUP
START GROUP
LOAD c:/programdata/matlab/supportpackages/r2024a/3p.instrset/gnuarm-armcortex.instrset/win/bin/../lib/gcc/arm-none-eabi/11.3.1/thumb/v7e-m+fp/hard\libgcc.a
LOAD c:/programdata/matlab/supportpackages/r2024a/3p.instrset/gnuarm-armcortex.instrset/win/bin/../lib/gcc/arm-none-eabi/11.3.1/thumb/v7e-m+fp/hard\libc_nano.a
LOAD c:/programdata/matlab/supportpackages/r2024a/3p.instrset/gnuarm-armcortex.instrset/win/bin/../lib/gcc/arm-none-eabi/11.3.1/thumb/v7e-m+fp/hard\libnosys.a
END GROUP
LOAD c:/programdata/matlab/supportpackages/r2024a/3p.instrset/gnuarm-armcortex.instrset/win/bin/../lib/gcc/arm-none-eabi/11.3.1/thumb/v7e-m+fp/hard/crtend.o
LOAD c:/programdata/matlab/supportpackages/r2024a/3p.instrset/gnuarm-armcortex.instrset/win/bin/../lib/gcc/arm-none-eabi/11.3.1/thumb/v7e-m+fp/hard/crtn.o
                0x20018000                _estack = (ORIGIN (RAM) + LENGTH (RAM))
                0x00000200                _Min_Heap_Size = 0x200
                0x00000400                _Min_Stack_Size = 0x400

.isr_vector     0x08000000      0x188
                0x08000000                . = ALIGN (0x4)
 *(.isr_vector)
 .isr_vector    0x08000000      0x188 startup_stm32l476vetx.o
                0x08000000                g_pfnVectors
                0x08000188                . = ALIGN (0x4)

.text           0x08000188    0x112a4
                0x08000188                . = ALIGN (0x4)
 *(.text)
 .text          0x08000188      0x378 c:/programdata/matlab/supportpackages/r2024a/3p.instrset/gnuarm-armcortex.instrset/win/bin/../lib/gcc/arm-none-eabi/11.3.1/thumb/v7e-m+fp/hard\libgcc.a(_arm_addsubdf3.o)
                0x08000188                __aeabi_drsub
                0x08000190                __aeabi_dsub
                0x08000190                __subdf3
                0x08000194                __aeabi_dadd
                0x08000194                __adddf3
                0x0800040c                __floatunsidf
                0x0800040c                __aeabi_ui2d
                0x0800042c                __floatsidf
                0x0800042c                __aeabi_i2d
                0x08000450                __aeabi_f2d
                0x08000450                __extendsfdf2
                0x08000494                __floatundidf
                0x08000494                __aeabi_ul2d
                0x080004a4                __floatdidf
                0x080004a4                __aeabi_l2d
 .text          0x08000500      0x424 c:/programdata/matlab/supportpackages/r2024a/3p.instrset/gnuarm-armcortex.instrset/win/bin/../lib/gcc/arm-none-eabi/11.3.1/thumb/v7e-m+fp/hard\libgcc.a(_arm_muldivdf3.o)
                0x08000500                __aeabi_dmul
                0x08000500                __muldf3
                0x08000754                __divdf3
                0x08000754                __aeabi_ddiv
 .text          0x08000924      0x110 c:/programdata/matlab/supportpackages/r2024a/3p.instrset/gnuarm-armcortex.instrset/win/bin/../lib/gcc/arm-none-eabi/11.3.1/thumb/v7e-m+fp/hard\libgcc.a(_arm_cmpdf2.o)
                0x08000924                __gtdf2
                0x08000924                __gedf2
                0x0800092c                __ltdf2
                0x0800092c                __ledf2
                0x08000934                __nedf2
                0x08000934                __eqdf2
                0x08000934                __cmpdf2
                0x080009b0                __aeabi_cdrcmple
                0x080009c0                __aeabi_cdcmpeq
                0x080009c0                __aeabi_cdcmple
                0x080009d0                __aeabi_dcmpeq
                0x080009e4                __aeabi_dcmplt
                0x080009f8                __aeabi_dcmple
                0x08000a0c                __aeabi_dcmpge
                0x08000a20                __aeabi_dcmpgt
 .text          0x08000a34       0x2c c:/programdata/matlab/supportpackages/r2024a/3p.instrset/gnuarm-armcortex.instrset/win/bin/../lib/gcc/arm-none-eabi/11.3.1/thumb/v7e-m+fp/hard\libgcc.a(_arm_unorddf2.o)
                0x08000a34                __unorddf2
                0x08000a34                __aeabi_dcmpun
 .text          0x08000a60       0x50 c:/programdata/matlab/supportpackages/r2024a/3p.instrset/gnuarm-armcortex.instrset/win/bin/../lib/gcc/arm-none-eabi/11.3.1/thumb/v7e-m+fp/hard\libgcc.a(_arm_fixdfsi.o)
                0x08000a60                __aeabi_d2iz
                0x08000a60                __fixdfsi
 .text          0x08000ab0       0x40 c:/programdata/matlab/supportpackages/r2024a/3p.instrset/gnuarm-armcortex.instrset/win/bin/../lib/gcc/arm-none-eabi/11.3.1/thumb/v7e-m+fp/hard\libgcc.a(_arm_fixunsdfsi.o)
                0x08000ab0                __aeabi_d2uiz
                0x08000ab0                __fixunsdfsi
 .text          0x08000af0       0xa0 c:/programdata/matlab/supportpackages/r2024a/3p.instrset/gnuarm-armcortex.instrset/win/bin/../lib/gcc/arm-none-eabi/11.3.1/thumb/v7e-m+fp/hard\libgcc.a(_arm_truncdfsf2.o)
                0x08000af0                __truncdfsf2
                0x08000af0                __aeabi_d2f
 *(.text*)
 .text.deregister_tm_clones
                0x08000b90       0x1c c:/programdata/matlab/supportpackages/r2024a/3p.instrset/gnuarm-armcortex.instrset/win/bin/../lib/gcc/arm-none-eabi/11.3.1/thumb/v7e-m+fp/hard/crtbegin.o
 .text.register_tm_clones
                0x08000bac       0x24 c:/programdata/matlab/supportpackages/r2024a/3p.instrset/gnuarm-armcortex.instrset/win/bin/../lib/gcc/arm-none-eabi/11.3.1/thumb/v7e-m+fp/hard/crtbegin.o
 .text.__do_global_dtors_aux
                0x08000bd0       0x28 c:/programdata/matlab/supportpackages/r2024a/3p.instrset/gnuarm-armcortex.instrset/win/bin/../lib/gcc/arm-none-eabi/11.3.1/thumb/v7e-m+fp/hard/crtbegin.o
 .text.frame_dummy
                0x08000bf8       0x24 c:/programdata/matlab/supportpackages/r2024a/3p.instrset/gnuarm-armcortex.instrset/win/bin/../lib/gcc/arm-none-eabi/11.3.1/thumb/v7e-m+fp/hard/crtbegin.o
 .text.LL_TIM_GetCounterMode
                0x08000c1c       0x30 stm_timer_ll.o
 .text.LL_TIM_GetRepetitionCounter
                0x08000c4c       0x18 stm_timer_ll.o
 .text.LL_TIM_CC_EnableChannel
                0x08000c64       0x22 stm_timer_ll.o
 .text.LL_TIM_CC_DisableChannel
                0x08000c86       0x24 stm_timer_ll.o
 .text.LL_TIM_EnableAllOutputs
                0x08000caa       0x20 stm_timer_ll.o
 .text.LL_TIM_EnableIT_UPDATE
                0x08000cca       0x20 stm_timer_ll.o
 .text.LL_TIM_DisableIT_UPDATE
                0x08000cea       0x20 stm_timer_ll.o
 .text.LL_TIM_IsEnabledIT_UPDATE
                0x08000d0a       0x26 stm_timer_ll.o
 .text.LL_TIM_EnableIT_CC1
                0x08000d30       0x20 stm_timer_ll.o
 .text.LL_TIM_DisableIT_CC1
                0x08000d50       0x20 stm_timer_ll.o
 .text.LL_TIM_IsEnabledIT_CC1
                0x08000d70       0x26 stm_timer_ll.o
 .text.LL_TIM_EnableIT_CC2
                0x08000d96       0x20 stm_timer_ll.o
 .text.LL_TIM_DisableIT_CC2
                0x08000db6       0x20 stm_timer_ll.o
 .text.LL_TIM_IsEnabledIT_CC2
                0x08000dd6       0x26 stm_timer_ll.o
 .text.LL_TIM_EnableIT_CC3
                0x08000dfc       0x20 stm_timer_ll.o
 .text.LL_TIM_DisableIT_CC3
                0x08000e1c       0x20 stm_timer_ll.o
 .text.LL_TIM_IsEnabledIT_CC3
                0x08000e3c       0x26 stm_timer_ll.o
 .text.LL_TIM_EnableIT_CC4
                0x08000e62       0x20 stm_timer_ll.o
 .text.LL_TIM_DisableIT_CC4
                0x08000e82       0x20 stm_timer_ll.o
 .text.LL_TIM_IsEnabledIT_CC4
                0x08000ea2       0x26 stm_timer_ll.o
 .text.LL_TIM_EnableIT_COM
                0x08000ec8       0x20 stm_timer_ll.o
 .text.LL_TIM_DisableIT_COM
                0x08000ee8       0x20 stm_timer_ll.o
 .text.LL_TIM_IsEnabledIT_COM
                0x08000f08       0x26 stm_timer_ll.o
 .text.LL_TIM_EnableIT_TRIG
                0x08000f2e       0x20 stm_timer_ll.o
 .text.LL_TIM_DisableIT_TRIG
                0x08000f4e       0x20 stm_timer_ll.o
 .text.LL_TIM_IsEnabledIT_TRIG
                0x08000f6e       0x26 stm_timer_ll.o
 .text.LL_TIM_EnableIT_BRK
                0x08000f94       0x20 stm_timer_ll.o
 .text.LL_TIM_DisableIT_BRK
                0x08000fb4       0x20 stm_timer_ll.o
 .text.LL_TIM_IsEnabledIT_BRK
                0x08000fd4       0x26 stm_timer_ll.o
 .text.enableTimerInterrupts
                0x08000ffa      0x134 stm_timer_ll.o
                0x08000ffa                enableTimerInterrupts
 .text.disableTimerInterrupts
                0x0800112e      0x134 stm_timer_ll.o
                0x0800112e                disableTimerInterrupts
 *fill*         0x08001262        0x2 
 .text.enableTimerChannel1
                0x08001264       0xa0 stm_timer_ll.o
                0x08001264                enableTimerChannel1
 .text.disableTimerChannel1
                0x08001304       0xa0 stm_timer_ll.o
                0x08001304                disableTimerChannel1
 .text.enableTimerChannel2
                0x080013a4       0xa0 stm_timer_ll.o
                0x080013a4                enableTimerChannel2
 .text.disableTimerChannel2
                0x08001444       0xa0 stm_timer_ll.o
                0x08001444                disableTimerChannel2
 .text.enableTimerChannel3
                0x080014e4       0xa8 stm_timer_ll.o
                0x080014e4                enableTimerChannel3
 .text.disableTimerChannel3
                0x0800158c       0xa8 stm_timer_ll.o
                0x0800158c                disableTimerChannel3
 .text.enableTimerChannel4
                0x08001634       0x28 stm_timer_ll.o
                0x08001634                enableTimerChannel4
 .text.disableTimerChannel4
                0x0800165c       0x28 stm_timer_ll.o
                0x0800165c                disableTimerChannel4
 .text.Timer_Handle_Init
                0x08001684       0xf0 stm_timer_ll.o
                0x08001684                Timer_Handle_Init
 .text.LL_ADC_DMA_GetRegAddr
                0x08001774       0x30 stm_adc_ll.o
 .text.LL_ADC_REG_IsTriggerSourceSWStart
                0x080017a4       0x26 stm_adc_ll.o
 .text.LL_ADC_REG_SetSequencerLength
                0x080017ca       0x26 stm_adc_ll.o
 .text.LL_ADC_REG_SetDMATransfer
                0x080017f0       0x26 stm_adc_ll.o
 .text.LL_ADC_INJ_IsTriggerSourceSWStart
                0x08001816       0x26 stm_adc_ll.o
 .text.LL_ADC_Enable
                0x0800183c       0x28 stm_adc_ll.o
 .text.LL_ADC_Disable
                0x08001864       0x28 stm_adc_ll.o
 .text.LL_ADC_IsEnabled
                0x0800188c       0x26 stm_adc_ll.o
 .text.LL_ADC_StartCalibration
                0x080018b2       0x32 stm_adc_ll.o
 .text.LL_ADC_IsCalibrationOnGoing
                0x080018e4       0x28 stm_adc_ll.o
 .text.LL_ADC_REG_StartConversion
                0x0800190c       0x28 stm_adc_ll.o
 .text.LL_ADC_INJ_StartConversion
                0x08001934       0x28 stm_adc_ll.o
 .text.LL_ADC_IsActiveFlag_EOS
                0x0800195c       0x26 stm_adc_ll.o
 .text.LL_ADC_IsActiveFlag_OVR
                0x08001982       0x26 stm_adc_ll.o
 .text.LL_ADC_ClearFlag_OVR
                0x080019a8       0x1a stm_adc_ll.o
 .text.LL_ADC_EnableIT_EOS
                0x080019c2       0x20 stm_adc_ll.o
 .text.LL_ADC_EnableIT_JEOS
                0x080019e2       0x20 stm_adc_ll.o
 .text.LL_ADC_DisableIT_EOS
                0x08001a02       0x20 stm_adc_ll.o
 .text.LL_ADC_DisableIT_OVR
                0x08001a22       0x20 stm_adc_ll.o
 .text.LL_ADC_DisableIT_JEOS
                0x08001a42       0x20 stm_adc_ll.o
 .text.LL_ADC_DisableIT_AWD1
                0x08001a62       0x20 stm_adc_ll.o
 .text.LL_ADC_IsEnabledIT_OVR
                0x08001a82       0x26 stm_adc_ll.o
 .text.LL_ADC_IsEnabledIT_AWD1
                0x08001aa8       0x26 stm_adc_ll.o
 *fill*         0x08001ace        0x2 
 .text.LL_DMA_EnableChannel
                0x08001ad0       0x44 stm_adc_ll.o
 .text.LL_DMA_DisableChannel
                0x08001b14       0x44 stm_adc_ll.o
 .text.LL_DMA_GetMode
                0x08001b58       0x34 stm_adc_ll.o
 .text.LL_DMA_SetDataLength
                0x08001b8c       0x4c stm_adc_ll.o
 .text.LL_DMA_ConfigAddresses
                0x08001bd8       0x7c stm_adc_ll.o
 .text.LL_DMA_SetPeriphAddress
                0x08001c54       0x34 stm_adc_ll.o
 .text.LL_DMA_IsActiveFlag_TC2
                0x08001c88       0x26 stm_adc_ll.o
 .text.LL_DMA_ClearFlag_TC2
                0x08001cae       0x1a stm_adc_ll.o
 .text.LL_DMA_EnableIT_TC
                0x08001cc8       0x44 stm_adc_ll.o
 .text.LL_DMA_EnableIT_TE
                0x08001d0c       0x44 stm_adc_ll.o
 .text.LL_DMA_DisableIT_TC
                0x08001d50       0x44 stm_adc_ll.o
 .text.LL_DMA_DisableIT_HT
                0x08001d94       0x44 stm_adc_ll.o
 .text.LL_DMA_DisableIT_TE
                0x08001dd8       0x44 stm_adc_ll.o
 .text.LL_DMA_IsEnabledIT_TC
                0x08001e1c       0x3c stm_adc_ll.o
 .text.regularADCTrigger
                0x08001e58       0x86 stm_adc_ll.o
 .text.configure_ADCs_DMA
                0x08001ede       0x64 stm_adc_ll.o
 .text.deconfigure_ADCs_DMA
                0x08001f42       0x3e stm_adc_ll.o
 .text.copyADCChannelsFromDMABuffer
                0x08001f80       0x54 stm_adc_ll.o
 .text.ADC_IsEnabledDMAITTransferComplete
                0x08001fd4       0xa2 stm_adc_ll.o
                0x08001fd4                ADC_IsEnabledDMAITTransferComplete
 *fill*         0x08002076        0x2 
 .text.DMA1_Channel2_IRQHandler
                0x08002078       0x20 stm_adc_ll.o
                0x08002078                DMA1_Channel2_IRQHandler
 .text.ADC_IsActiveFlagOVR
                0x08002098       0x42 stm_adc_ll.o
                0x08002098                ADC_IsActiveFlagOVR
 .text.startADCConversionForExternalTrigger
                0x080020da       0x50 stm_adc_ll.o
                0x080020da                startADCConversionForExternalTrigger
 *fill*         0x0800212a        0x2 
 .text.ADC_Handle_Init
                0x0800212c      0x11c stm_adc_ll.o
                0x0800212c                ADC_Handle_Init
 .text.enableADC
                0x08002248       0x2a stm_adc_ll.o
                0x08002248                enableADC
 .text.regularReadADCDMA
                0x08002272       0xb2 stm_adc_ll.o
                0x08002272                regularReadADCDMA
 .text.ADC_Handle_Deinit
                0x08002324       0xee stm_adc_ll.o
                0x08002324                ADC_Handle_Deinit
 *fill*         0x08002412        0x2 
 .text.enableADCAutomaticCalibrationOffset
                0x08002414      0x114 stm_adc_ll.o
                0x08002414                enableADCAutomaticCalibrationOffset
 .text.LL_TIM_EnableCounter
                0x08002528       0x20 MicroMouseTemplate.o
 .text.LL_TIM_DisableCounter
                0x08002548       0x20 MicroMouseTemplate.o
 .text.LL_TIM_SetUpdateSource
                0x08002568       0x26 MicroMouseTemplate.o
 .text.LL_TIM_GetUpdateSource
                0x0800258e       0x1c MicroMouseTemplate.o
 .text.LL_TIM_GetAutoReload
                0x080025aa       0x18 MicroMouseTemplate.o
 .text.LL_TIM_SetRepetitionCounter
                0x080025c2       0x1c MicroMouseTemplate.o
 .text.LL_TIM_OC_SetCompareCH1
                0x080025de       0x1c MicroMouseTemplate.o
 .text.LL_TIM_OC_SetCompareCH2
                0x080025fa       0x1c MicroMouseTemplate.o
 .text.LL_TIM_OC_SetCompareCH3
                0x08002616       0x1c MicroMouseTemplate.o
 .text.LL_TIM_OC_SetCompareCH4
                0x08002632       0x1c MicroMouseTemplate.o
 .text.LL_TIM_OC_GetCompareCH1
                0x0800264e       0x18 MicroMouseTemplate.o
 .text.LL_TIM_OC_GetCompareCH2
                0x08002666       0x18 MicroMouseTemplate.o
 .text.LL_TIM_OC_GetCompareCH3
                0x0800267e       0x18 MicroMouseTemplate.o
 .text.LL_TIM_OC_GetCompareCH4
                0x08002696       0x18 MicroMouseTemplate.o
 .text.LL_TIM_GenerateEvent_UPDATE
                0x080026ae       0x20 MicroMouseTemplate.o
 .text.LL_GPIO_ReadInputPort
                0x080026ce       0x18 MicroMouseTemplate.o
 .text.LL_GPIO_SetOutputPin
                0x080026e6       0x1c MicroMouseTemplate.o
 .text.LL_GPIO_ResetOutputPin
                0x08002702       0x1c MicroMouseTemplate.o
 *fill*         0x0800271e        0x2 
 .text.convertDutyCyclePercentageToCounts
                0x08002720       0x88 MicroMouseTemplate.o
 .text.setDutyCycleChannel1
                0x080027a8       0x30 MicroMouseTemplate.o
 .text.setDutyCycleChannel2
                0x080027d8       0x30 MicroMouseTemplate.o
 .text.setDutyCycleChannel3
                0x08002808       0x30 MicroMouseTemplate.o
 .text.setDutyCycleChannel4
                0x08002838       0x30 MicroMouseTemplate.o
 .text.setDutyCycleInPercentageChannel1
                0x08002868       0x28 MicroMouseTemplate.o
 .text.setDutyCycleInPercentageChannel2
                0x08002890       0x28 MicroMouseTemplate.o
 .text.setDutyCycleInPercentageChannel3
                0x080028b8       0x28 MicroMouseTemplate.o
 .text.setDutyCycleInPercentageChannel4
                0x080028e0       0x28 MicroMouseTemplate.o
 .text.isSlaveTriggerModeEnabled
                0x08002908       0x30 MicroMouseTemplate.o
 .text.enableCounter
                0x08002938      0x100 MicroMouseTemplate.o
 .text.disableCounter
                0x08002a38       0x1a MicroMouseTemplate.o
 *fill*         0x08002a52        0x2 
 .text.MicroMouseTemplate_SetEventsForThisBaseStep
                0x08002a54       0x2c MicroMouseTemplate.o
                0x08002a54                MicroMouseTemplate_SetEventsForThisBaseStep
 .text.rate_monotonic_scheduler
                0x08002a80       0x3c MicroMouseTemplate.o
 .text.MicroMou_MATLABSystem1_Init
                0x08002abc       0x58 MicroMouseTemplate.o
                0x08002abc                MicroMou_MATLABSystem1_Init
 .text.MicroMouseTem_MATLABSystem1
                0x08002b14       0x76 MicroMouseTemplate.o
                0x08002b14                MicroMouseTem_MATLABSystem1
 .text.MicroMou_MATLABSystem3_Init
                0x08002b8a       0x58 MicroMouseTemplate.o
                0x08002b8a                MicroMou_MATLABSystem3_Init
 .text.MicroMouseTem_MATLABSystem3
                0x08002be2       0x76 MicroMouseTemplate.o
                0x08002be2                MicroMouseTem_MATLABSystem3
 .text.MicroMouseTemplate_FollowLine
                0x08002c58      0x40c MicroMouseTemplate.o
 .text.MicroMouseTemp_SystemCore_setup
                0x08003064       0x90 MicroMouseTemplate.o
 .text.MicroMouseT_PWMOutput_setupImpl
                0x080030f4       0x78 MicroMouseTemplate.o
 .text.MicroMous_PWMOutput_setupImpl_d
                0x0800316c       0x78 MicroMouseTemplate.o
 *fill*         0x080031e4        0x4 
 .text.MicroMouseTemplate_step0
                0x080031e8     0x2400 MicroMouseTemplate.o
                0x080031e8                MicroMouseTemplate_step0
 .text.MicroMouseTemplate_step1
                0x080055e8      0x368 MicroMouseTemplate.o
                0x080055e8                MicroMouseTemplate_step1
 .text.MicroMouseTemplate_initialize
                0x08005950      0x328 MicroMouseTemplate.o
                0x08005950                MicroMouseTemplate_initialize
 .text.MicroMouseTemplate_terminate
                0x08005c78       0xfc MicroMouseTemplate.o
                0x08005c78                MicroMouseTemplate_terminate
 .text.store_code_profiling_data_point
                0x08005d74       0x94 ert_main.o
                0x08005d74                store_code_profiling_data_point
 .text.code_profiling_atomic_read_store
                0x08005e08       0x2e ert_main.o
                0x08005e08                code_profiling_atomic_read_store
 *fill*         0x08005e36        0x2 
 .text.rt_OneStep
                0x08005e38       0xe4 ert_main.o
                0x08005e38                rt_OneStep
 .text.main     0x08005f1c      0x100 ert_main.o
                0x08005f1c                main
 .text.signNumber16
                0x0800601c       0x2c IMU.o
                0x0800601c                signNumber16
 .text.ReadMem  0x08006048       0x54 IMU.o
 .text.refreshIMUValues
                0x0800609c      0x128 IMU.o
                0x0800609c                refreshIMUValues
 .text.initIMU  0x080061c4       0x9c IMU.o
                0x080061c4                initIMU
 .text.UnInterruptable
                0x08006260       0x3c CustomWhile.o
                0x08006260                UnInterruptable
 .text.Interruptable
                0x0800629c       0x2c CustomWhile.o
                0x0800629c                Interruptable
 .text.CustomWhile
                0x080062c8      0x46c CustomWhile.o
                0x080062c8                CustomWhile
 .text.HAL_Delay
                0x08006734       0x2e overrideHALDelay.o
                0x08006734                HAL_Delay
 *fill*         0x08006762        0x2 
 .text.getCurrentTimestampInMicros
                0x08006764       0x40 platform_timer.o
                0x08006764                getCurrentTimestampInMicros
 .text.__NVIC_SetPriority
                0x080067a4       0x54 SysTickScheduler.o
 .text.SysTick_Config
                0x080067f8       0x44 SysTickScheduler.o
 .text.SysTick_Isr
                0x0800683c       0x48 SysTickScheduler.o
 .text.SysTick_Handler
                0x08006884       0x20 SysTickScheduler.o
                0x08006884                SysTick_Handler
 .text.ARMCM_SysTick_Config
                0x080068a4       0xb0 SysTickScheduler.o
                0x080068a4                ARMCM_SysTick_Config
 .text.PendSV_Handler
                0x08006954       0x44 m3m4m4f_multitasking.o
                0x08006954                PendSV_Handler
 .text.SVC_Handler
                0x08006998       0x58 m3m4m4f_multitasking.o
                0x08006998                SVC_Handler
 .text.LL_RCC_HSE_EnableCSS
                0x080069f0       0x20 main.o
 .text.LL_RCC_HSE_Enable
                0x08006a10       0x20 main.o
 .text.LL_RCC_HSE_IsReady
                0x08006a30       0x28 main.o
 .text.LL_RCC_SetSysClkSource
                0x08006a58       0x28 main.o
 .text.LL_RCC_GetSysClkSource
                0x08006a80       0x1c main.o
 .text.LL_RCC_SetAHBPrescaler
                0x08006a9c       0x28 main.o
 .text.LL_RCC_SetAPB1Prescaler
                0x08006ac4       0x28 main.o
 .text.LL_RCC_SetAPB2Prescaler
                0x08006aec       0x28 main.o
 .text.LL_RCC_PLL_Enable
                0x08006b14       0x20 main.o
 .text.LL_RCC_PLL_IsReady
                0x08006b34       0x28 main.o
 .text.LL_RCC_PLL_ConfigDomain_SYS
                0x08006b5c       0x40 main.o
 .text.LL_RCC_PLL_EnableDomain_SYS
                0x08006b9c       0x20 main.o
 .text.LL_RCC_PLLSAI1_Enable
                0x08006bbc       0x20 main.o
 .text.LL_RCC_PLLSAI1_IsReady
                0x08006bdc       0x28 main.o
 .text.LL_RCC_PLLSAI1_ConfigDomain_48M
                0x08006c04       0x4c main.o
 .text.LL_RCC_PLLSAI1_EnableDomain_48M
                0x08006c50       0x20 main.o
 .text.LL_FLASH_SetLatency
                0x08006c70       0x28 main.o
 .text.LL_FLASH_GetLatency
                0x08006c98       0x1c main.o
 .text.LL_PWR_SetRegulVoltageScaling
                0x08006cb4       0x28 main.o
 .text.LL_PWR_IsActiveFlag_VOS
                0x08006cdc       0x28 main.o
 .text.SystemClock_Config
                0x08006d04       0xa0 main.o
                0x08006d04                SystemClock_Config
 .text.PeriphCommonClock_Config
                0x08006da4       0x2a main.o
                0x08006da4                PeriphCommonClock_Config
 *fill*         0x08006dce        0x2 
 .text.HAL_TIM_PeriodElapsedCallback
                0x08006dd0       0x24 main.o
                0x08006dd0                HAL_TIM_PeriodElapsedCallback
 .text.Error_Handler
                0x08006df4        0xa main.o
                0x08006df4                Error_Handler
 *fill*         0x08006dfe        0x2 
 .text.LL_AHB2_GRP1_EnableClock
                0x08006e00       0x30 gpio.o
 .text.LL_GPIO_SetOutputPin
                0x08006e30       0x1c gpio.o
 .text.LL_GPIO_ResetOutputPin
                0x08006e4c       0x1c gpio.o
 .text.MX_GPIO_Init
                0x08006e68      0x1dc gpio.o
                0x08006e68                MX_GPIO_Init
 .text.__NVIC_GetPriorityGrouping
                0x08007044       0x1c adc.o
 .text.__NVIC_EnableIRQ
                0x08007060       0x3c adc.o
 .text.__NVIC_SetPriority
                0x0800709c       0x54 adc.o
 .text.NVIC_EncodePriority
                0x080070f0       0x66 adc.o
 .text.LL_ADC_SetCommonPathInternalCh
                0x08007156       0x26 adc.o
 .text.LL_ADC_REG_SetSequencerRanks
                0x0800717c       0x58 adc.o
 .text.LL_ADC_SetChannelSamplingTime
                0x080071d4       0x56 adc.o
 *fill*         0x0800722a        0x2 
 .text.LL_ADC_SetChannelSingleDiff
                0x0800722c       0x48 adc.o
 .text.LL_ADC_SetOverSamplingScope
                0x08007274       0x2a adc.o
 .text.LL_ADC_SetOverSamplingDiscont
                0x0800729e       0x26 adc.o
 .text.LL_ADC_ConfigOverSamplingRatioShift
                0x080072c4       0x2c adc.o
 .text.LL_ADC_DisableDeepPowerDown
                0x080072f0       0x24 adc.o
 .text.LL_ADC_EnableInternalRegulator
                0x08007314       0x28 adc.o
 .text.LL_DMA_SetDataTransferDirection
                0x0800733c       0x50 adc.o
 .text.LL_DMA_SetMode
                0x0800738c       0x4c adc.o
 .text.LL_DMA_SetPeriphIncMode
                0x080073d8       0x4c adc.o
 .text.LL_DMA_SetMemoryIncMode
                0x08007424       0x4c adc.o
 .text.LL_DMA_SetPeriphSize
                0x08007470       0x4c adc.o
 .text.LL_DMA_SetMemorySize
                0x080074bc       0x4c adc.o
 .text.LL_DMA_SetChannelPriorityLevel
                0x08007508       0x4c adc.o
 .text.LL_DMA_SetPeriphRequest
                0x08007554       0x64 adc.o
 .text.LL_RCC_SetADCClockSource
                0x080075b8       0x2c adc.o
 .text.LL_AHB2_GRP1_EnableClock
                0x080075e4       0x30 adc.o
 .text.LL_GPIO_EnablePinAnalogControl
                0x08007614       0x22 adc.o
 *fill*         0x08007636        0x2 
 .text.MX_ADC1_Init
                0x08007638      0x348 adc.o
                0x08007638                MX_ADC1_Init
 .text.MX_ADC2_Init
                0x08007980      0x334 adc.o
                0x08007980                MX_ADC2_Init
 .text.__NVIC_GetPriorityGrouping
                0x08007cb4       0x1c dma.o
 .text.__NVIC_EnableIRQ
                0x08007cd0       0x3c dma.o
 .text.__NVIC_SetPriority
                0x08007d0c       0x54 dma.o
 .text.NVIC_EncodePriority
                0x08007d60       0x66 dma.o
 *fill*         0x08007dc6        0x2 
 .text.LL_AHB1_GRP1_EnableClock
                0x08007dc8       0x30 dma.o
 .text.MX_DMA_Init
                0x08007df8       0x8e dma.o
                0x08007df8                MX_DMA_Init
 *fill*         0x08007e86        0x2 
 .text.LL_RCC_SetI2CClockSource
                0x08007e88       0x50 i2c.o
 .text.MX_I2C2_Init
                0x08007ed8       0x80 i2c.o
                0x08007ed8                MX_I2C2_Init
 .text.HAL_I2C_MspInit
                0x08007f58       0x90 i2c.o
                0x08007f58                HAL_I2C_MspInit
 .text.LL_AHB2_GRP1_EnableClock
                0x08007fe8       0x30 tim.o
 .text.LL_APB1_GRP1_EnableClock
                0x08008018       0x30 tim.o
 .text.LL_TIM_EnableARRPreload
                0x08008048       0x20 tim.o
 .text.LL_TIM_OC_DisableFast
                0x08008068       0xa4 tim.o
 .text.LL_TIM_OC_EnablePreload
                0x0800810c       0xa0 tim.o
 .text.LL_TIM_DisableExternalClock
                0x080081ac       0x20 tim.o
 .text.LL_TIM_SetClockSource
                0x080081cc       0x2a tim.o
 .text.LL_TIM_SetTriggerOutput
                0x080081f6       0x26 tim.o
 .text.LL_TIM_DisableMasterSlaveMode
                0x0800821c       0x20 tim.o
 .text.LL_TIM_ConfigETR
                0x0800823c       0x32 tim.o
 .text.LL_TIM_SetOCRefClearInputSource
                0x0800826e       0x26 tim.o
 .text.MX_TIM3_Init
                0x08008294      0x160 tim.o
                0x08008294                MX_TIM3_Init
 .text.MX_TIM4_Init
                0x080083f4       0x9c tim.o
                0x080083f4                MX_TIM4_Init
 .text.HAL_TIM_Base_MspInit
                0x08008490       0x4c tim.o
                0x08008490                HAL_TIM_Base_MspInit
 .text.LL_DMA_SetDataTransferDirection
                0x080084dc       0x50 usart.o
 .text.LL_DMA_SetMode
                0x0800852c       0x4c usart.o
 .text.LL_DMA_SetPeriphIncMode
                0x08008578       0x4c usart.o
 .text.LL_DMA_SetMemoryIncMode
                0x080085c4       0x4c usart.o
 .text.LL_DMA_SetPeriphSize
                0x08008610       0x4c usart.o
 .text.LL_DMA_SetMemorySize
                0x0800865c       0x4c usart.o
 .text.LL_DMA_SetChannelPriorityLevel
                0x080086a8       0x4c usart.o
 .text.LL_DMA_SetPeriphRequest
                0x080086f4       0x64 usart.o
 .text.LL_RCC_SetUSARTClockSource
                0x08008758       0x34 usart.o
 .text.LL_AHB2_GRP1_EnableClock
                0x0800878c       0x30 usart.o
 .text.LL_APB1_GRP1_EnableClock
                0x080087bc       0x30 usart.o
 .text.LL_USART_Enable
                0x080087ec       0x20 usart.o
 .text.LL_USART_ConfigAsyncMode
                0x0800880c       0x2c usart.o
 .text.MX_USART2_UART_Init
                0x08008838      0x14c usart.o
                0x08008838                MX_USART2_UART_Init
 .text.MX_USB_DEVICE_Init
                0x08008984       0x60 usb_device.o
                0x08008984                MX_USB_DEVICE_Init
 .text.LL_RCC_SetUSBClockSource
                0x080089e4       0x2c usbd_conf.o
 .text.HAL_PCD_MspInit
                0x08008a10       0xf0 usbd_conf.o
                0x08008a10                HAL_PCD_MspInit
 .text.HAL_PCD_SetupStageCallback
                0x08008b00       0x24 usbd_conf.o
                0x08008b00                HAL_PCD_SetupStageCallback
 .text.HAL_PCD_DataOutStageCallback
                0x08008b24       0x36 usbd_conf.o
                0x08008b24                HAL_PCD_DataOutStageCallback
 .text.HAL_PCD_DataInStageCallback
                0x08008b5a       0x34 usbd_conf.o
                0x08008b5a                HAL_PCD_DataInStageCallback
 .text.HAL_PCD_SOFCallback
                0x08008b8e       0x1c usbd_conf.o
                0x08008b8e                HAL_PCD_SOFCallback
 .text.HAL_PCD_ResetCallback
                0x08008baa       0x3c usbd_conf.o
                0x08008baa                HAL_PCD_ResetCallback
 *fill*         0x08008be6        0x2 
 .text.HAL_PCD_SuspendCallback
                0x08008be8       0x4c usbd_conf.o
                0x08008be8                HAL_PCD_SuspendCallback
 .text.HAL_PCD_ResumeCallback
                0x08008c34       0x50 usbd_conf.o
                0x08008c34                HAL_PCD_ResumeCallback
 .text.HAL_PCD_ISOOUTIncompleteCallback
                0x08008c84       0x24 usbd_conf.o
                0x08008c84                HAL_PCD_ISOOUTIncompleteCallback
 .text.HAL_PCD_ISOINIncompleteCallback
                0x08008ca8       0x24 usbd_conf.o
                0x08008ca8                HAL_PCD_ISOINIncompleteCallback
 .text.HAL_PCD_ConnectCallback
                0x08008ccc       0x1c usbd_conf.o
                0x08008ccc                HAL_PCD_ConnectCallback
 .text.HAL_PCD_DisconnectCallback
                0x08008ce8       0x1c usbd_conf.o
                0x08008ce8                HAL_PCD_DisconnectCallback
 .text.USBD_LL_Init
                0x08008d04       0x98 usbd_conf.o
                0x08008d04                USBD_LL_Init
 .text.USBD_LL_Start
                0x08008d9c       0x64 usbd_conf.o
                0x08008d9c                USBD_LL_Start
 .text.USBD_LL_OpenEP
                0x08008e00       0x7c usbd_conf.o
                0x08008e00                USBD_LL_OpenEP
 .text.USBD_LL_CloseEP
                0x08008e7c       0x6c usbd_conf.o
                0x08008e7c                USBD_LL_CloseEP
 .text.USBD_LL_StallEP
                0x08008ee8       0x6c usbd_conf.o
                0x08008ee8                USBD_LL_StallEP
 .text.USBD_LL_ClearStallEP
                0x08008f54       0x6c usbd_conf.o
                0x08008f54                USBD_LL_ClearStallEP
 .text.USBD_LL_IsStallEP
                0x08008fc0       0x58 usbd_conf.o
                0x08008fc0                USBD_LL_IsStallEP
 .text.USBD_LL_SetUSBAddress
                0x08009018       0x6c usbd_conf.o
                0x08009018                USBD_LL_SetUSBAddress
 .text.USBD_LL_Transmit
                0x08009084       0x70 usbd_conf.o
                0x08009084                USBD_LL_Transmit
 .text.USBD_LL_PrepareReceive
                0x080090f4       0x70 usbd_conf.o
                0x080090f4                USBD_LL_PrepareReceive
 .text.USBD_LL_GetRxDataSize
                0x08009164       0x26 usbd_conf.o
                0x08009164                USBD_LL_GetRxDataSize
 *fill*         0x0800918a        0x2 
 .text.HAL_PCDEx_LPM_Callback
                0x0800918c       0x9c usbd_conf.o
                0x0800918c                HAL_PCDEx_LPM_Callback
 .text.USBD_static_malloc
                0x08009228       0x1c usbd_conf.o
                0x08009228                USBD_static_malloc
 .text.USBD_static_free
                0x08009244       0x14 usbd_conf.o
                0x08009244                USBD_static_free
 .text.SystemClockConfig_Resume
                0x08009258        0xc usbd_conf.o
 .text.USBD_FS_DeviceDescriptor
                0x08009264       0x24 usbd_desc.o
                0x08009264                USBD_FS_DeviceDescriptor
 .text.USBD_FS_LangIDStrDescriptor
                0x08009288       0x24 usbd_desc.o
                0x08009288                USBD_FS_LangIDStrDescriptor
 .text.USBD_FS_ProductStrDescriptor
                0x080092ac       0x3c usbd_desc.o
                0x080092ac                USBD_FS_ProductStrDescriptor
 .text.USBD_FS_ManufacturerStrDescriptor
                0x080092e8       0x28 usbd_desc.o
                0x080092e8                USBD_FS_ManufacturerStrDescriptor
 .text.USBD_FS_SerialStrDescriptor
                0x08009310       0x24 usbd_desc.o
                0x08009310                USBD_FS_SerialStrDescriptor
 .text.USBD_FS_ConfigStrDescriptor
                0x08009334       0x3c usbd_desc.o
                0x08009334                USBD_FS_ConfigStrDescriptor
 .text.USBD_FS_InterfaceStrDescriptor
                0x08009370       0x3c usbd_desc.o
                0x08009370                USBD_FS_InterfaceStrDescriptor
 .text.USBD_FS_USR_BOSDescriptor
                0x080093ac       0x24 usbd_desc.o
                0x080093ac                USBD_FS_USR_BOSDescriptor
 .text.Get_SerialNum
                0x080093d0       0x58 usbd_desc.o
 .text.IntToUnicode
                0x08009428       0x7e usbd_desc.o
 *fill*         0x080094a6        0x2 
 .text.CDC_Init_FS
                0x080094a8       0x28 usbd_cdc_if.o
 .text.CDC_DeInit_FS
                0x080094d0       0x10 usbd_cdc_if.o
 .text.CDC_Control_FS
                0x080094e0       0xbc usbd_cdc_if.o
 .text.CDC_Receive_FS
                0x0800959c       0x48 usbd_cdc_if.o
 .text.CDC_Transmit_FS
                0x080095e4       0x4c usbd_cdc_if.o
                0x080095e4                CDC_Transmit_FS
 .text.CDC_TransmitCplt_FS
                0x08009630       0x22 usbd_cdc_if.o
 .text.NMI_Handler
                0x08009652        0x6 stm32l4xx_it.o
                0x08009652                NMI_Handler
 .text.HardFault_Handler
                0x08009658        0x6 stm32l4xx_it.o
                0x08009658                HardFault_Handler
 .text.MemManage_Handler
                0x0800965e        0x6 stm32l4xx_it.o
                0x0800965e                MemManage_Handler
 .text.BusFault_Handler
                0x08009664        0x6 stm32l4xx_it.o
                0x08009664                BusFault_Handler
 .text.UsageFault_Handler
                0x0800966a        0x6 stm32l4xx_it.o
                0x0800966a                UsageFault_Handler
 .text.DebugMon_Handler
                0x08009670        0xe stm32l4xx_it.o
                0x08009670                DebugMon_Handler
 .text.DMA1_Channel1_IRQHandler
                0x0800967e        0xe stm32l4xx_it.o
                0x0800967e                DMA1_Channel1_IRQHandler
 .text.DMA1_Channel6_IRQHandler
                0x0800968c        0xe stm32l4xx_it.o
                0x0800968c                DMA1_Channel6_IRQHandler
 .text.DMA1_Channel7_IRQHandler
                0x0800969a        0xe stm32l4xx_it.o
                0x0800969a                DMA1_Channel7_IRQHandler
 .text.ADC1_2_IRQHandler
                0x080096a8        0xe stm32l4xx_it.o
                0x080096a8                ADC1_2_IRQHandler
 *fill*         0x080096b6        0x2 
 .text.TIM1_UP_TIM16_IRQHandler
                0x080096b8       0x14 stm32l4xx_it.o
                0x080096b8                TIM1_UP_TIM16_IRQHandler
 .text.OTG_FS_IRQHandler
                0x080096cc       0x14 stm32l4xx_it.o
                0x080096cc                OTG_FS_IRQHandler
 .text.HAL_MspInit
                0x080096e0       0x48 stm32l4xx_hal_msp.o
                0x080096e0                HAL_MspInit
 .text.HAL_InitTick
                0x08009728       0xdc stm32l4xx_hal_timebase_tim.o
                0x08009728                HAL_InitTick
 .text.LL_SetSystemCoreClock
                0x08009804       0x20 stm32l4xx_ll_utils.o
                0x08009804                LL_SetSystemCoreClock
 .text.LL_GPIO_SetPinMode
                0x08009824       0x7a stm32l4xx_ll_gpio.o
 .text.LL_GPIO_SetPinOutputType
                0x0800989e       0x30 stm32l4xx_ll_gpio.o
 .text.LL_GPIO_SetPinSpeed
                0x080098ce       0x7a stm32l4xx_ll_gpio.o
 .text.LL_GPIO_SetPinPull
                0x08009948       0x7a stm32l4xx_ll_gpio.o
 .text.LL_GPIO_SetAFPin_0_7
                0x080099c2       0x7a stm32l4xx_ll_gpio.o
 .text.LL_GPIO_SetAFPin_8_15
                0x08009a3c       0x7e stm32l4xx_ll_gpio.o
 .text.LL_GPIO_Init
                0x08009aba       0xdc stm32l4xx_ll_gpio.o
                0x08009aba                LL_GPIO_Init
 .text.HAL_PCD_Init
                0x08009b96      0x248 stm32l4xx_hal_pcd.o
                0x08009b96                HAL_PCD_Init
 .text.HAL_PCD_Start
                0x08009dde       0x5e stm32l4xx_hal_pcd.o
                0x08009dde                HAL_PCD_Start
 .text.HAL_PCD_IRQHandler
                0x08009e3c      0x926 stm32l4xx_hal_pcd.o
                0x08009e3c                HAL_PCD_IRQHandler
 .text.HAL_PCD_SetAddress
                0x0800a762       0x4a stm32l4xx_hal_pcd.o
                0x0800a762                HAL_PCD_SetAddress
 .text.HAL_PCD_EP_Open
                0x0800a7ac       0xd0 stm32l4xx_hal_pcd.o
                0x0800a7ac                HAL_PCD_EP_Open
 .text.HAL_PCD_EP_Close
                0x0800a87c       0x94 stm32l4xx_hal_pcd.o
                0x0800a87c                HAL_PCD_EP_Close
 .text.HAL_PCD_EP_Receive
                0x0800a910       0x7c stm32l4xx_hal_pcd.o
                0x0800a910                HAL_PCD_EP_Receive
 .text.HAL_PCD_EP_GetRxCount
                0x0800a98c       0x30 stm32l4xx_hal_pcd.o
                0x0800a98c                HAL_PCD_EP_GetRxCount
 .text.HAL_PCD_EP_Transmit
                0x0800a9bc       0x7a stm32l4xx_hal_pcd.o
                0x0800a9bc                HAL_PCD_EP_Transmit
 .text.HAL_PCD_EP_SetStall
                0x0800aa36       0xc4 stm32l4xx_hal_pcd.o
                0x0800aa36                HAL_PCD_EP_SetStall
 .text.HAL_PCD_EP_ClrStall
                0x0800aafa       0xac stm32l4xx_hal_pcd.o
                0x0800aafa                HAL_PCD_EP_ClrStall
 .text.HAL_PCD_EP_Abort
                0x0800aba6       0x62 stm32l4xx_hal_pcd.o
                0x0800aba6                HAL_PCD_EP_Abort
 .text.PCD_WriteEmptyTxFifo
                0x0800ac08      0x110 stm32l4xx_hal_pcd.o
 .text.PCD_EP_OutXfrComplete_int
                0x0800ad18       0x9c stm32l4xx_hal_pcd.o
 .text.PCD_EP_OutSetupPacket_int
                0x0800adb4       0x68 stm32l4xx_hal_pcd.o
 .text.HAL_PCDEx_SetTxFiFo
                0x0800ae1c       0x8e stm32l4xx_hal_pcd_ex.o
                0x0800ae1c                HAL_PCDEx_SetTxFiFo
 .text.HAL_PCDEx_SetRxFiFo
                0x0800aeaa       0x22 stm32l4xx_hal_pcd_ex.o
                0x0800aeaa                HAL_PCDEx_SetRxFiFo
 .text.HAL_PCDEx_ActivateLPM
                0x0800aecc       0x48 stm32l4xx_hal_pcd_ex.o
                0x0800aecc                HAL_PCDEx_ActivateLPM
 .text.USB_CoreInit
                0x0800af14       0x58 stm32l4xx_ll_usb.o
                0x0800af14                USB_CoreInit
 .text.USB_SetTurnaroundTime
                0x0800af6c      0x138 stm32l4xx_ll_usb.o
                0x0800af6c                USB_SetTurnaroundTime
 .text.USB_EnableGlobalInt
                0x0800b0a4       0x22 stm32l4xx_ll_usb.o
                0x0800b0a4                USB_EnableGlobalInt
 .text.USB_DisableGlobalInt
                0x0800b0c6       0x22 stm32l4xx_ll_usb.o
                0x0800b0c6                USB_DisableGlobalInt
 .text.USB_SetCurrentMode
                0x0800b0e8       0x98 stm32l4xx_ll_usb.o
                0x0800b0e8                USB_SetCurrentMode
 .text.USB_DevInit
                0x0800b180      0x298 stm32l4xx_ll_usb.o
                0x0800b180                USB_DevInit
 .text.USB_FlushTxFifo
                0x0800b418       0x68 stm32l4xx_ll_usb.o
                0x0800b418                USB_FlushTxFifo
 .text.USB_FlushRxFifo
                0x0800b480       0x60 stm32l4xx_ll_usb.o
                0x0800b480                USB_FlushRxFifo
 .text.USB_SetDevSpeed
                0x0800b4e0       0x32 stm32l4xx_ll_usb.o
                0x0800b4e0                USB_SetDevSpeed
 .text.USB_GetDevSpeed
                0x0800b512       0x3e stm32l4xx_ll_usb.o
                0x0800b512                USB_GetDevSpeed
 .text.USB_ActivateEndpoint
                0x0800b550      0x10e stm32l4xx_ll_usb.o
                0x0800b550                USB_ActivateEndpoint
 *fill*         0x0800b65e        0x2 
 .text.USB_DeactivateEndpoint
                0x0800b660      0x1b8 stm32l4xx_ll_usb.o
                0x0800b660                USB_DeactivateEndpoint
 .text.USB_EPStartXfer
                0x0800b818      0x3c0 stm32l4xx_ll_usb.o
                0x0800b818                USB_EPStartXfer
 .text.USB_EP0StartXfer
                0x0800bbd8      0x244 stm32l4xx_ll_usb.o
                0x0800bbd8                USB_EP0StartXfer
 .text.USB_EPStopXfer
                0x0800be1c      0x154 stm32l4xx_ll_usb.o
                0x0800be1c                USB_EPStopXfer
 .text.USB_WritePacket
                0x0800bf70       0x74 stm32l4xx_ll_usb.o
                0x0800bf70                USB_WritePacket
 .text.USB_ReadPacket
                0x0800bfe4       0xb0 stm32l4xx_ll_usb.o
                0x0800bfe4                USB_ReadPacket
 .text.USB_EPSetStall
                0x0800c094       0xdc stm32l4xx_ll_usb.o
                0x0800c094                USB_EPSetStall
 .text.USB_EPClearStall
                0x0800c170       0xcc stm32l4xx_ll_usb.o
                0x0800c170                USB_EPClearStall
 .text.USB_SetDevAddress
                0x0800c23c       0x4c stm32l4xx_ll_usb.o
                0x0800c23c                USB_SetDevAddress
 .text.USB_DevConnect
                0x0800c288       0x42 stm32l4xx_ll_usb.o
                0x0800c288                USB_DevConnect
 .text.USB_DevDisconnect
                0x0800c2ca       0x42 stm32l4xx_ll_usb.o
                0x0800c2ca                USB_DevDisconnect
 .text.USB_ReadInterrupts
                0x0800c30c       0x26 stm32l4xx_ll_usb.o
                0x0800c30c                USB_ReadInterrupts
 .text.USB_ReadDevAllOutEpInterrupt
                0x0800c332       0x34 stm32l4xx_ll_usb.o
                0x0800c332                USB_ReadDevAllOutEpInterrupt
 .text.USB_ReadDevAllInEpInterrupt
                0x0800c366       0x34 stm32l4xx_ll_usb.o
                0x0800c366                USB_ReadDevAllInEpInterrupt
 .text.USB_ReadDevOutEPInterrupt
                0x0800c39a       0x3c stm32l4xx_ll_usb.o
                0x0800c39a                USB_ReadDevOutEPInterrupt
 .text.USB_ReadDevInEPInterrupt
                0x0800c3d6       0x5c stm32l4xx_ll_usb.o
                0x0800c3d6                USB_ReadDevInEPInterrupt
 .text.USB_GetMode
                0x0800c432       0x1c stm32l4xx_ll_usb.o
                0x0800c432                USB_GetMode
 .text.USB_ActivateSetup
                0x0800c44e       0x46 stm32l4xx_ll_usb.o
                0x0800c44e                USB_ActivateSetup
 .text.USB_EP0_OutStart
                0x0800c494       0x90 stm32l4xx_ll_usb.o
                0x0800c494                USB_EP0_OutStart
 .text.USB_CoreReset
                0x0800c524       0x68 stm32l4xx_ll_usb.o
 .text.HAL_Init
                0x0800c58c       0x30 stm32l4xx_hal.o
                0x0800c58c                HAL_Init
 .text.HAL_IncTick
                0x0800c5bc       0x28 stm32l4xx_hal.o
                0x0800c5bc                HAL_IncTick
 .text.HAL_GetTick
                0x0800c5e4       0x18 stm32l4xx_hal.o
                0x0800c5e4                HAL_GetTick
 .text.HAL_RCC_GetHCLKFreq
                0x0800c5fc       0x18 stm32l4xx_hal_rcc.o
                0x0800c5fc                HAL_RCC_GetHCLKFreq
 .text.HAL_RCC_GetPCLK2Freq
                0x0800c614       0x2c stm32l4xx_hal_rcc.o
                0x0800c614                HAL_RCC_GetPCLK2Freq
 .text.HAL_RCC_GetClockConfig
                0x0800c640       0x64 stm32l4xx_hal_rcc.o
                0x0800c640                HAL_RCC_GetClockConfig
 .text.HAL_GPIO_Init
                0x0800c6a4      0x354 stm32l4xx_hal_gpio.o
                0x0800c6a4                HAL_GPIO_Init
 .text.HAL_GPIO_ReadPin
                0x0800c9f8       0x30 stm32l4xx_hal_gpio.o
                0x0800c9f8                HAL_GPIO_ReadPin
 .text.HAL_I2C_Init
                0x0800ca28      0x11e stm32l4xx_hal_i2c.o
                0x0800ca28                HAL_I2C_Init
 *fill*         0x0800cb46        0x2 
 .text.HAL_I2C_Mem_Write
                0x0800cb48      0x228 stm32l4xx_hal_i2c.o
                0x0800cb48                HAL_I2C_Mem_Write
 .text.HAL_I2C_Mem_Read
                0x0800cd70      0x234 stm32l4xx_hal_i2c.o
                0x0800cd70                HAL_I2C_Mem_Read
 .text.I2C_RequestMemoryWrite
                0x0800cfa4       0xa8 stm32l4xx_hal_i2c.o
 .text.I2C_RequestMemoryRead
                0x0800d04c       0xa8 stm32l4xx_hal_i2c.o
 .text.I2C_Flush_TXDR
                0x0800d0f4       0x48 stm32l4xx_hal_i2c.o
 .text.I2C_WaitOnFlagUntilTimeout
                0x0800d13c       0x80 stm32l4xx_hal_i2c.o
 .text.I2C_WaitOnTXISFlagUntilTimeout
                0x0800d1bc       0x80 stm32l4xx_hal_i2c.o
 .text.I2C_WaitOnSTOPFlagUntilTimeout
                0x0800d23c       0x78 stm32l4xx_hal_i2c.o
 .text.I2C_IsErrorOccurred
                0x0800d2b4      0x1d8 stm32l4xx_hal_i2c.o
 .text.I2C_TransferConfig
                0x0800d48c       0x64 stm32l4xx_hal_i2c.o
 .text.HAL_I2CEx_ConfigAnalogFilter
                0x0800d4f0       0x96 stm32l4xx_hal_i2c_ex.o
                0x0800d4f0                HAL_I2CEx_ConfigAnalogFilter
 .text.HAL_I2CEx_ConfigDigitalFilter
                0x0800d586       0x98 stm32l4xx_hal_i2c_ex.o
                0x0800d586                HAL_I2CEx_ConfigDigitalFilter
 *fill*         0x0800d61e        0x2 
 .text.HAL_PWREx_EnableVddUSB
                0x0800d620       0x20 stm32l4xx_hal_pwr_ex.o
                0x0800d620                HAL_PWREx_EnableVddUSB
 .text.__NVIC_SetPriorityGrouping
                0x0800d640       0x48 stm32l4xx_hal_cortex.o
 .text.__NVIC_GetPriorityGrouping
                0x0800d688       0x1c stm32l4xx_hal_cortex.o
 .text.__NVIC_EnableIRQ
                0x0800d6a4       0x3c stm32l4xx_hal_cortex.o
 .text.__NVIC_DisableIRQ
                0x0800d6e0       0x48 stm32l4xx_hal_cortex.o
 .text.__NVIC_SetPriority
                0x0800d728       0x54 stm32l4xx_hal_cortex.o
 .text.NVIC_EncodePriority
                0x0800d77c       0x66 stm32l4xx_hal_cortex.o
 .text.HAL_NVIC_SetPriorityGrouping
                0x0800d7e2       0x16 stm32l4xx_hal_cortex.o
                0x0800d7e2                HAL_NVIC_SetPriorityGrouping
 .text.HAL_NVIC_SetPriority
                0x0800d7f8       0x38 stm32l4xx_hal_cortex.o
                0x0800d7f8                HAL_NVIC_SetPriority
 .text.HAL_NVIC_EnableIRQ
                0x0800d830       0x1c stm32l4xx_hal_cortex.o
                0x0800d830                HAL_NVIC_EnableIRQ
 .text.HAL_NVIC_DisableIRQ
                0x0800d84c       0x1c stm32l4xx_hal_cortex.o
                0x0800d84c                HAL_NVIC_DisableIRQ
 .text.LL_ADC_REG_SetSequencerLength
                0x0800d868       0x26 stm32l4xx_ll_adc.o
 .text.LL_ADC_IsEnabled
                0x0800d88e       0x26 stm32l4xx_ll_adc.o
 .text.LL_ADC_CommonInit
                0x0800d8b4       0x90 stm32l4xx_ll_adc.o
                0x0800d8b4                LL_ADC_CommonInit
 .text.LL_ADC_Init
                0x0800d944       0x4c stm32l4xx_ll_adc.o
                0x0800d944                LL_ADC_Init
 .text.LL_ADC_REG_Init
                0x0800d990       0x94 stm32l4xx_ll_adc.o
                0x0800d990                LL_ADC_REG_Init
 .text.HAL_TIM_Base_Init
                0x0800da24       0xae stm32l4xx_hal_tim.o
                0x0800da24                HAL_TIM_Base_Init
 *fill*         0x0800dad2        0x2 
 .text.HAL_TIM_Base_Start_IT
                0x0800dad4       0xe0 stm32l4xx_hal_tim.o
                0x0800dad4                HAL_TIM_Base_Start_IT
 .text.HAL_TIM_IRQHandler
                0x0800dbb4      0x23e stm32l4xx_hal_tim.o
                0x0800dbb4                HAL_TIM_IRQHandler
 .text.HAL_TIM_ConfigClockSource
                0x0800ddf2      0x192 stm32l4xx_hal_tim.o
                0x0800ddf2                HAL_TIM_ConfigClockSource
 .text.HAL_TIM_OC_DelayElapsedCallback
                0x0800df84       0x14 stm32l4xx_hal_tim.o
                0x0800df84                HAL_TIM_OC_DelayElapsedCallback
 .text.HAL_TIM_IC_CaptureCallback
                0x0800df98       0x14 stm32l4xx_hal_tim.o
                0x0800df98                HAL_TIM_IC_CaptureCallback
 .text.HAL_TIM_PWM_PulseFinishedCallback
                0x0800dfac       0x14 stm32l4xx_hal_tim.o
                0x0800dfac                HAL_TIM_PWM_PulseFinishedCallback
 .text.HAL_TIM_TriggerCallback
                0x0800dfc0       0x14 stm32l4xx_hal_tim.o
                0x0800dfc0                HAL_TIM_TriggerCallback
 .text.TIM_Base_SetConfig
                0x0800dfd4      0x134 stm32l4xx_hal_tim.o
                0x0800dfd4                TIM_Base_SetConfig
 .text.TIM_TI1_ConfigInputStage
                0x0800e108       0x5e stm32l4xx_hal_tim.o
 .text.TIM_TI2_ConfigInputStage
                0x0800e166       0x60 stm32l4xx_hal_tim.o
 .text.TIM_ITRx_SetConfig
                0x0800e1c6       0x36 stm32l4xx_hal_tim.o
 .text.TIM_ETR_SetConfig
                0x0800e1fc       0x40 stm32l4xx_hal_tim.o
                0x0800e1fc                TIM_ETR_SetConfig
 .text.HAL_TIMEx_MasterConfigSynchronization
                0x0800e23c      0x110 stm32l4xx_hal_tim_ex.o
                0x0800e23c                HAL_TIMEx_MasterConfigSynchronization
 .text.HAL_TIMEx_CommutCallback
                0x0800e34c       0x14 stm32l4xx_hal_tim_ex.o
                0x0800e34c                HAL_TIMEx_CommutCallback
 .text.HAL_TIMEx_BreakCallback
                0x0800e360       0x14 stm32l4xx_hal_tim_ex.o
                0x0800e360                HAL_TIMEx_BreakCallback
 .text.HAL_TIMEx_Break2Callback
                0x0800e374       0x14 stm32l4xx_hal_tim_ex.o
                0x0800e374                HAL_TIMEx_Break2Callback
 .text.LL_TIM_SetPrescaler
                0x0800e388       0x1c stm32l4xx_ll_tim.o
 .text.LL_TIM_SetAutoReload
                0x0800e3a4       0x1c stm32l4xx_ll_tim.o
 .text.LL_TIM_SetRepetitionCounter
                0x0800e3c0       0x1c stm32l4xx_ll_tim.o
 .text.LL_TIM_OC_SetCompareCH1
                0x0800e3dc       0x1c stm32l4xx_ll_tim.o
 .text.LL_TIM_OC_SetCompareCH2
                0x0800e3f8       0x1c stm32l4xx_ll_tim.o
 .text.LL_TIM_OC_SetCompareCH3
                0x0800e414       0x1c stm32l4xx_ll_tim.o
 .text.LL_TIM_OC_SetCompareCH4
                0x0800e430       0x1c stm32l4xx_ll_tim.o
 .text.LL_TIM_OC_SetCompareCH5
                0x0800e44c       0x20 stm32l4xx_ll_tim.o
 .text.LL_TIM_OC_SetCompareCH6
                0x0800e46c       0x1c stm32l4xx_ll_tim.o
 .text.LL_TIM_GenerateEvent_UPDATE
                0x0800e488       0x20 stm32l4xx_ll_tim.o
 .text.LL_TIM_Init
                0x0800e4a8      0x128 stm32l4xx_ll_tim.o
                0x0800e4a8                LL_TIM_Init
 .text.LL_TIM_OC_Init
                0x0800e5d0       0xbe stm32l4xx_ll_tim.o
                0x0800e5d0                LL_TIM_OC_Init
 *fill*         0x0800e68e        0x2 
 .text.OC1Config
                0x0800e690      0x100 stm32l4xx_ll_tim.o
 .text.OC2Config
                0x0800e790      0x108 stm32l4xx_ll_tim.o
 .text.OC3Config
                0x0800e898      0x108 stm32l4xx_ll_tim.o
 .text.OC4Config
                0x0800e9a0       0xd8 stm32l4xx_ll_tim.o
 .text.OC5Config
                0x0800ea78       0xc8 stm32l4xx_ll_tim.o
 .text.OC6Config
                0x0800eb40       0xc8 stm32l4xx_ll_tim.o
 .text.LL_USART_IsEnabled
                0x0800ec08       0x26 stm32l4xx_ll_usart.o
 .text.LL_USART_SetStopBitsLength
                0x0800ec2e       0x26 stm32l4xx_ll_usart.o
 .text.LL_USART_SetHWFlowCtrl
                0x0800ec54       0x26 stm32l4xx_ll_usart.o
 .text.LL_USART_SetBaudRate
                0x0800ec7a       0x6e stm32l4xx_ll_usart.o
 .text.LL_USART_Init
                0x0800ece8       0xf8 stm32l4xx_ll_usart.o
                0x0800ece8                LL_USART_Init
 .text.LL_RCC_HSI_IsReady
                0x0800ede0       0x28 stm32l4xx_ll_rcc.o
 .text.LL_RCC_LSE_IsReady
                0x0800ee08       0x28 stm32l4xx_ll_rcc.o
 .text.LL_RCC_MSI_IsEnabledRangeSelect
                0x0800ee30       0x24 stm32l4xx_ll_rcc.o
 .text.LL_RCC_MSI_GetRange
                0x0800ee54       0x1c stm32l4xx_ll_rcc.o
 .text.LL_RCC_MSI_GetRangeAfterStandby
                0x0800ee70       0x1c stm32l4xx_ll_rcc.o
 .text.LL_RCC_GetSysClkSource
                0x0800ee8c       0x1c stm32l4xx_ll_rcc.o
 .text.LL_RCC_GetAHBPrescaler
                0x0800eea8       0x1c stm32l4xx_ll_rcc.o
 .text.LL_RCC_GetAPB1Prescaler
                0x0800eec4       0x1c stm32l4xx_ll_rcc.o
 .text.LL_RCC_GetAPB2Prescaler
                0x0800eee0       0x1c stm32l4xx_ll_rcc.o
 .text.LL_RCC_GetUSARTClockSource
                0x0800eefc       0x28 stm32l4xx_ll_rcc.o
 .text.LL_RCC_GetUARTClockSource
                0x0800ef24       0x28 stm32l4xx_ll_rcc.o
 .text.LL_RCC_PLL_GetMainSource
                0x0800ef4c       0x1c stm32l4xx_ll_rcc.o
 .text.LL_RCC_PLL_GetN
                0x0800ef68       0x1c stm32l4xx_ll_rcc.o
 .text.LL_RCC_PLL_GetR
                0x0800ef84       0x1c stm32l4xx_ll_rcc.o
 .text.LL_RCC_PLL_GetDivider
                0x0800efa0       0x1c stm32l4xx_ll_rcc.o
 .text.LL_RCC_GetUSARTClockFreq
                0x0800efbc      0x1c4 stm32l4xx_ll_rcc.o
                0x0800efbc                LL_RCC_GetUSARTClockFreq
 .text.LL_RCC_GetUARTClockFreq
                0x0800f180      0x128 stm32l4xx_ll_rcc.o
                0x0800f180                LL_RCC_GetUARTClockFreq
 .text.RCC_GetSystemClockFreq
                0x0800f2a8      0x120 stm32l4xx_ll_rcc.o
 .text.RCC_GetHCLKClockFreq
                0x0800f3c8       0x2c stm32l4xx_ll_rcc.o
 .text.RCC_GetPCLK1ClockFreq
                0x0800f3f4       0x28 stm32l4xx_ll_rcc.o
 .text.RCC_GetPCLK2ClockFreq
                0x0800f41c       0x28 stm32l4xx_ll_rcc.o
 .text.RCC_PLL_GetFreqDomain_SYS
                0x0800f444      0x118 stm32l4xx_ll_rcc.o
 .text.USBD_Init
                0x0800f55c       0x60 usbd_core.o
                0x0800f55c                USBD_Init
 .text.USBD_RegisterClass
                0x0800f5bc       0x4e usbd_core.o
                0x0800f5bc                USBD_RegisterClass
 .text.USBD_Start
                0x0800f60a       0x18 usbd_core.o
                0x0800f60a                USBD_Start
 .text.USBD_RunTestMode
                0x0800f622       0x16 usbd_core.o
                0x0800f622                USBD_RunTestMode
 .text.USBD_SetClassConfig
                0x0800f638       0x38 usbd_core.o
                0x0800f638                USBD_SetClassConfig
 .text.USBD_ClrClassConfig
                0x0800f670       0x30 usbd_core.o
                0x0800f670                USBD_ClrClassConfig
 .text.USBD_LL_SetupStage
                0x0800f6a0       0xaa usbd_core.o
                0x0800f6a0                USBD_LL_SetupStage
 .text.USBD_LL_DataOutStage
                0x0800f74a       0xc6 usbd_core.o
                0x0800f74a                USBD_LL_DataOutStage
 .text.USBD_LL_DataInStage
                0x0800f810      0x12c usbd_core.o
                0x0800f810                USBD_LL_DataInStage
 .text.USBD_LL_Reset
                0x0800f93c       0x9c usbd_core.o
                0x0800f93c                USBD_LL_Reset
 .text.USBD_LL_SetSpeed
                0x0800f9d8       0x20 usbd_core.o
                0x0800f9d8                USBD_LL_SetSpeed
 .text.USBD_LL_Suspend
                0x0800f9f8       0x2c usbd_core.o
                0x0800f9f8                USBD_LL_Suspend
 .text.USBD_LL_Resume
                0x0800fa24       0x30 usbd_core.o
                0x0800fa24                USBD_LL_Resume
 .text.USBD_LL_SOF
                0x0800fa54       0x44 usbd_core.o
                0x0800fa54                USBD_LL_SOF
 .text.USBD_LL_IsoINIncomplete
                0x0800fa98       0x4c usbd_core.o
                0x0800fa98                USBD_LL_IsoINIncomplete
 .text.USBD_LL_IsoOUTIncomplete
                0x0800fae4       0x4c usbd_core.o
                0x0800fae4                USBD_LL_IsoOUTIncomplete
 .text.USBD_LL_DevConnected
                0x0800fb30       0x16 usbd_core.o
                0x0800fb30                USBD_LL_DevConnected
 .text.USBD_LL_DevDisconnected
                0x0800fb46       0x38 usbd_core.o
                0x0800fb46                USBD_LL_DevDisconnected
 .text.SWAPBYTE
                0x0800fb7e       0x3c usbd_ctlreq.o
 *fill*         0x0800fbba        0x2 
 .text.USBD_StdDevReq
                0x0800fbbc       0xdc usbd_ctlreq.o
                0x0800fbbc                USBD_StdDevReq
 .text.USBD_StdItfReq
                0x0800fc98       0x92 usbd_ctlreq.o
                0x0800fc98                USBD_StdItfReq
 .text.USBD_StdEPReq
                0x0800fd2a      0x2c4 usbd_ctlreq.o
                0x0800fd2a                USBD_StdEPReq
 *fill*         0x0800ffee        0x2 
 .text.USBD_GetDescriptor
                0x0800fff0      0x328 usbd_ctlreq.o
 .text.USBD_SetAddress
                0x08010318       0x88 usbd_ctlreq.o
 .text.USBD_SetConfig
                0x080103a0      0x14c usbd_ctlreq.o
 .text.USBD_GetConfig
                0x080104ec       0x6c usbd_ctlreq.o
 .text.USBD_GetStatus
                0x08010558       0x68 usbd_ctlreq.o
 .text.USBD_SetFeature
                0x080105c0       0x28 usbd_ctlreq.o
 .text.USBD_ClrFeature
                0x080105e8       0x44 usbd_ctlreq.o
 .text.USBD_ParseSetupRequest
                0x0801062c       0x74 usbd_ctlreq.o
                0x0801062c                USBD_ParseSetupRequest
 .text.USBD_CtlError
                0x080106a0       0x22 usbd_ctlreq.o
                0x080106a0                USBD_CtlError
 .text.USBD_GetString
                0x080106c2       0x8c usbd_ctlreq.o
                0x080106c2                USBD_GetString
 .text.USBD_GetLen
                0x0801074e       0x34 usbd_ctlreq.o
 .text.USBD_CtlSendData
                0x08010782       0x36 usbd_ioreq.o
                0x08010782                USBD_CtlSendData
 .text.USBD_CtlContinueSendData
                0x080107b8       0x22 usbd_ioreq.o
                0x080107b8                USBD_CtlContinueSendData
 .text.USBD_CtlPrepareRx
                0x080107da       0x3a usbd_ioreq.o
                0x080107da                USBD_CtlPrepareRx
 .text.USBD_CtlContinueRx
                0x08010814       0x22 usbd_ioreq.o
                0x08010814                USBD_CtlContinueRx
 .text.USBD_CtlSendStatus
                0x08010836       0x26 usbd_ioreq.o
                0x08010836                USBD_CtlSendStatus
 .text.USBD_CtlReceiveStatus
                0x0801085c       0x26 usbd_ioreq.o
                0x0801085c                USBD_CtlReceiveStatus
 .text.USBD_CDC_Init
                0x08010882       0xfe usbd_cdc.o
 .text.USBD_CDC_DeInit
                0x08010980       0x74 usbd_cdc.o
 .text.USBD_CDC_Setup
                0x080109f4      0x190 usbd_cdc.o
 .text.USBD_CDC_DataIn
                0x08010b84       0xca usbd_cdc.o
 .text.USBD_CDC_DataOut
                0x08010c4e       0x56 usbd_cdc.o
 .text.USBD_CDC_EP0_RxReady
                0x08010ca4       0x5a usbd_cdc.o
 *fill*         0x08010cfe        0x2 
 .text.USBD_CDC_GetFSCfgDesc
                0x08010d00       0x20 usbd_cdc.o
 .text.USBD_CDC_GetHSCfgDesc
                0x08010d20       0x20 usbd_cdc.o
 .text.USBD_CDC_GetOtherSpeedCfgDesc
                0x08010d40       0x20 usbd_cdc.o
 .text.USBD_CDC_GetDeviceQualifierDescriptor
                0x08010d60       0x20 usbd_cdc.o
                0x08010d60                USBD_CDC_GetDeviceQualifierDescriptor
 .text.USBD_CDC_RegisterInterface
                0x08010d80       0x2a usbd_cdc.o
                0x08010d80                USBD_CDC_RegisterInterface
 .text.USBD_CDC_SetTxBuffer
                0x08010daa       0x3c usbd_cdc.o
                0x08010daa                USBD_CDC_SetTxBuffer
 .text.USBD_CDC_SetRxBuffer
                0x08010de6       0x32 usbd_cdc.o
                0x08010de6                USBD_CDC_SetRxBuffer
 .text.USBD_CDC_TransmitPacket
                0x08010e18       0x60 usbd_cdc.o
                0x08010e18                USBD_CDC_TransmitPacket
 .text.USBD_CDC_ReceivePacket
                0x08010e78       0x54 usbd_cdc.o
                0x08010e78                USBD_CDC_ReceivePacket
 .text.SystemInit
                0x08010ecc       0x24 system_stm32l4xx.o
                0x08010ecc                SystemInit
 .text.Reset_Handler
                0x08010ef0       0x50 startup_stm32l476vetx.o
                0x08010ef0                Reset_Handler
 .text.Default_Handler
                0x08010f40        0x2 startup_stm32l476vetx.o
                0x08010f40                RTC_Alarm_IRQHandler
                0x08010f40                EXTI2_IRQHandler
                0x08010f40                TIM8_TRG_COM_IRQHandler
                0x08010f40                TIM8_CC_IRQHandler
                0x08010f40                TIM1_CC_IRQHandler
                0x08010f40                TSC_IRQHandler
                0x08010f40                TAMP_STAMP_IRQHandler
                0x08010f40                EXTI3_IRQHandler
                0x08010f40                LPTIM2_IRQHandler
                0x08010f40                DFSDM1_FLT1_IRQHandler
                0x08010f40                I2C3_ER_IRQHandler
                0x08010f40                DFSDM1_FLT2_IRQHandler
                0x08010f40                EXTI0_IRQHandler
                0x08010f40                I2C2_EV_IRQHandler
                0x08010f40                CAN1_RX0_IRQHandler
                0x08010f40                FPU_IRQHandler
                0x08010f40                SPI1_IRQHandler
                0x08010f40                TIM6_DAC_IRQHandler
                0x08010f40                TIM8_UP_IRQHandler
                0x08010f40                DMA2_Channel2_IRQHandler
                0x08010f40                DMA1_Channel4_IRQHandler
                0x08010f40                SAI2_IRQHandler
                0x08010f40                DFSDM1_FLT3_IRQHandler
                0x08010f40                USART3_IRQHandler
                0x08010f40                CAN1_RX1_IRQHandler
                0x08010f40                LCD_IRQHandler
                0x08010f40                UART5_IRQHandler
                0x08010f40                ADC3_IRQHandler
                0x08010f40                TIM4_IRQHandler
                0x08010f40                DMA2_Channel1_IRQHandler
                0x08010f40                QUADSPI_IRQHandler
                0x08010f40                I2C1_EV_IRQHandler
                0x08010f40                UART4_IRQHandler
                0x08010f40                DMA2_Channel4_IRQHandler
                0x08010f40                TIM3_IRQHandler
                0x08010f40                RCC_IRQHandler
                0x08010f40                Default_Handler
                0x08010f40                DMA2_Channel7_IRQHandler
                0x08010f40                EXTI15_10_IRQHandler
                0x08010f40                TIM7_IRQHandler
                0x08010f40                SDMMC1_IRQHandler
                0x08010f40                TIM5_IRQHandler
                0x08010f40                I2C3_EV_IRQHandler
                0x08010f40                EXTI9_5_IRQHandler
                0x08010f40                RTC_WKUP_IRQHandler
                0x08010f40                PVD_PVM_IRQHandler
                0x08010f40                SPI2_IRQHandler
                0x08010f40                CAN1_TX_IRQHandler
                0x08010f40                DMA2_Channel5_IRQHandler
                0x08010f40                DMA1_Channel5_IRQHandler
                0x08010f40                EXTI4_IRQHandler
                0x08010f40                RNG_IRQHandler
                0x08010f40                TIM1_TRG_COM_TIM17_IRQHandler
                0x08010f40                DMA1_Channel3_IRQHandler
                0x08010f40                COMP_IRQHandler
                0x08010f40                WWDG_IRQHandler
                0x08010f40                LPUART1_IRQHandler
                0x08010f40                DMA2_Channel6_IRQHandler
                0x08010f40                TIM2_IRQHandler
                0x08010f40                EXTI1_IRQHandler
                0x08010f40                USART2_IRQHandler
                0x08010f40                DFSDM1_FLT0_IRQHandler
                0x08010f40                I2C2_ER_IRQHandler
                0x08010f40                TIM8_BRK_IRQHandler
                0x08010f40                CAN1_SCE_IRQHandler
                0x08010f40                FLASH_IRQHandler
                0x08010f40                USART1_IRQHandler
                0x08010f40                SPI3_IRQHandler
                0x08010f40                I2C1_ER_IRQHandler
                0x08010f40                FMC_IRQHandler
                0x08010f40                SWPMI1_IRQHandler
                0x08010f40                LPTIM1_IRQHandler
                0x08010f40                SAI1_IRQHandler
                0x08010f40                DMA2_Channel3_IRQHandler
                0x08010f40                TIM1_BRK_TIM15_IRQHandler
 .text.xilUploadProfilingData
                0x08010f42       0x16 code_profiling_utility_functions.o
                0x08010f42                xilUploadProfilingData
 .text.taskTimeStart_MicroMouseTemplate
                0x08010f58       0x16 code_profiling_utility_functions.o
                0x08010f58                taskTimeStart_MicroMouseTemplate
 .text.taskTimeEnd_MicroMouseTemplate
                0x08010f6e       0x20 code_profiling_utility_functions.o
                0x08010f6e                taskTimeEnd_MicroMouseTemplate
 *fill*         0x08010f8e        0x2 
 .text.fmod     0x08010f90       0x6c c:/programdata/matlab/supportpackages/r2024a/3p.instrset/gnuarm-armcortex.instrset/win/bin/../lib/gcc/arm-none-eabi/11.3.1/thumb/v7e-m+fp/hard\libm.a(libm_a-w_fmod.o)
                0x08010f90                fmod
 *fill*         0x08010ffc        0x4 
 .text.floor    0x08011000      0x118 c:/programdata/matlab/supportpackages/r2024a/3p.instrset/gnuarm-armcortex.instrset/win/bin/../lib/gcc/arm-none-eabi/11.3.1/thumb/v7e-m+fp/hard\libm.a(libm_a-s_floor.o)
                0x08011000                floor
 .text.__ieee754_fmod
                0x08011118      0x27c c:/programdata/matlab/supportpackages/r2024a/3p.instrset/gnuarm-armcortex.instrset/win/bin/../lib/gcc/arm-none-eabi/11.3.1/thumb/v7e-m+fp/hard\libm.a(libm_a-e_fmod.o)
                0x08011118                __ieee754_fmod
 .text.memset   0x08011394       0x10 c:/programdata/matlab/supportpackages/r2024a/3p.instrset/gnuarm-armcortex.instrset/win/bin/../lib/gcc/arm-none-eabi/11.3.1/thumb/v7e-m+fp/hard\libc_nano.a(libc_a-memset.o)
                0x08011394                memset
 .text.__errno  0x080113a4        0xc c:/programdata/matlab/supportpackages/r2024a/3p.instrset/gnuarm-armcortex.instrset/win/bin/../lib/gcc/arm-none-eabi/11.3.1/thumb/v7e-m+fp/hard\libc_nano.a(libc_a-errno.o)
                0x080113a4                __errno
 .text.__libc_init_array
                0x080113b0       0x48 c:/programdata/matlab/supportpackages/r2024a/3p.instrset/gnuarm-armcortex.instrset/win/bin/../lib/gcc/arm-none-eabi/11.3.1/thumb/v7e-m+fp/hard\libc_nano.a(libc_a-init.o)
                0x080113b0                __libc_init_array
 .text.memcpy   0x080113f8       0x1c c:/programdata/matlab/supportpackages/r2024a/3p.instrset/gnuarm-armcortex.instrset/win/bin/../lib/gcc/arm-none-eabi/11.3.1/thumb/v7e-m+fp/hard\libc_nano.a(libc_a-memcpy-stub.o)
                0x080113f8                memcpy
 *(.glue_7)
 .glue_7        0x08011414        0x0 linker stubs
 *(.glue_7t)
 .glue_7t       0x08011414        0x0 linker stubs
 *(.eh_frame)
 .eh_frame      0x08011414        0x0 c:/programdata/matlab/supportpackages/r2024a/3p.instrset/gnuarm-armcortex.instrset/win/bin/../lib/gcc/arm-none-eabi/11.3.1/thumb/v7e-m+fp/hard/crtbegin.o
 *(.init)
 .init          0x08011414        0x4 c:/programdata/matlab/supportpackages/r2024a/3p.instrset/gnuarm-armcortex.instrset/win/bin/../lib/gcc/arm-none-eabi/11.3.1/thumb/v7e-m+fp/hard/crti.o
                0x08011414                _init
 .init          0x08011418        0x8 c:/programdata/matlab/supportpackages/r2024a/3p.instrset/gnuarm-armcortex.instrset/win/bin/../lib/gcc/arm-none-eabi/11.3.1/thumb/v7e-m+fp/hard/crtn.o
 *(.fini)
 .fini          0x08011420        0x4 c:/programdata/matlab/supportpackages/r2024a/3p.instrset/gnuarm-armcortex.instrset/win/bin/../lib/gcc/arm-none-eabi/11.3.1/thumb/v7e-m+fp/hard/crti.o
                0x08011420                _fini
 .fini          0x08011424        0x8 c:/programdata/matlab/supportpackages/r2024a/3p.instrset/gnuarm-armcortex.instrset/win/bin/../lib/gcc/arm-none-eabi/11.3.1/thumb/v7e-m+fp/hard/crtn.o
                0x0801142c                . = ALIGN (0x4)
                0x0801142c                _etext = .

.vfp11_veneer   0x0801142c        0x0
 .vfp11_veneer  0x0801142c        0x0 linker stubs

.v4_bx          0x0801142c        0x0
 .v4_bx         0x0801142c        0x0 linker stubs

.iplt           0x0801142c        0x0
 .iplt          0x0801142c        0x0 c:/programdata/matlab/supportpackages/r2024a/3p.instrset/gnuarm-armcortex.instrset/win/bin/../lib/gcc/arm-none-eabi/11.3.1/thumb/v7e-m+fp/hard/crtbegin.o

.rodata         0x08011430       0xe8
                0x08011430                . = ALIGN (0x4)
 *(.rodata)
 .rodata        0x08011430        0x9 CustomWhile.o
 *fill*         0x08011439        0x3 
 .rodata        0x0801143c       0x46 usbd_desc.o
 *(.rodata*)
 *fill*         0x08011482        0x2 
 .rodata.CHANNEL_OFFSET_TAB
                0x08011484        0x7 stm_adc_ll.o
 *fill*         0x0801148b        0x1 
 .rodata.MicroMouseTemplate_M
                0x0801148c        0x4 MicroMouseTemplate.o
                0x0801148c                MicroMouseTemplate_M
 .rodata.b_a.0  0x08011490        0x5 MicroMouseTemplate.o
 *fill*         0x08011495        0x3 
 .rodata.CHANNEL_OFFSET_TAB
                0x08011498        0x7 adc.o
 *fill*         0x0801149f        0x1 
 .rodata.OFFSET_TAB_CCMRx
                0x080114a0        0x9 tim.o
 *fill*         0x080114a9        0x3 
 .rodata.SHIFT_TAB_OCxx
                0x080114ac        0x9 tim.o
 *fill*         0x080114b5        0x3 
 .rodata.CHANNEL_OFFSET_TAB
                0x080114b8        0x7 usart.o
 *fill*         0x080114bf        0x1 
 .rodata.AHBPrescTable
                0x080114c0       0x10 system_stm32l4xx.o
                0x080114c0                AHBPrescTable
 .rodata.APBPrescTable
                0x080114d0        0x8 system_stm32l4xx.o
                0x080114d0                APBPrescTable
 .rodata.MSIRangeTable
                0x080114d8       0x30 system_stm32l4xx.o
                0x080114d8                MSIRangeTable
 .rodata.Zero   0x08011508       0x10 c:/programdata/matlab/supportpackages/r2024a/3p.instrset/gnuarm-armcortex.instrset/win/bin/../lib/gcc/arm-none-eabi/11.3.1/thumb/v7e-m+fp/hard\libm.a(libm_a-e_fmod.o)
                0x08011518                . = ALIGN (0x4)

.rel.dyn        0x08011518        0x0
 .rel.iplt      0x08011518        0x0 c:/programdata/matlab/supportpackages/r2024a/3p.instrset/gnuarm-armcortex.instrset/win/bin/../lib/gcc/arm-none-eabi/11.3.1/thumb/v7e-m+fp/hard/crtbegin.o

.ARM.extab      0x08011518        0x0
                0x08011518                . = ALIGN (0x4)
 *(.ARM.extab* .gnu.linkonce.armextab.*)
                0x08011518                . = ALIGN (0x4)

.ARM            0x08011518        0x0
                0x08011518                . = ALIGN (0x4)
                0x08011518                __exidx_start = .
 *(.ARM.exidx*)
                0x08011518                __exidx_end = .
                0x08011518                . = ALIGN (0x4)

.preinit_array  0x08011518        0x0
                0x08011518                . = ALIGN (0x4)
                0x08011518                PROVIDE (__preinit_array_start = .)
 *(.preinit_array*)
                0x08011518                PROVIDE (__preinit_array_end = .)
                0x08011518                . = ALIGN (0x4)

.init_array     0x08011518        0x4
                0x08011518                . = ALIGN (0x4)
                0x08011518                PROVIDE (__init_array_start = .)
 *(SORT_BY_NAME(.init_array.*))
 *(.init_array*)
 .init_array    0x08011518        0x4 c:/programdata/matlab/supportpackages/r2024a/3p.instrset/gnuarm-armcortex.instrset/win/bin/../lib/gcc/arm-none-eabi/11.3.1/thumb/v7e-m+fp/hard/crtbegin.o
                0x0801151c                PROVIDE (__init_array_end = .)
                0x0801151c                . = ALIGN (0x4)

.fini_array     0x0801151c        0x4
                0x0801151c                . = ALIGN (0x4)
                [!provide]                PROVIDE (__fini_array_start = .)
 *(SORT_BY_NAME(.fini_array.*))
 *(.fini_array*)
 .fini_array    0x0801151c        0x4 c:/programdata/matlab/supportpackages/r2024a/3p.instrset/gnuarm-armcortex.instrset/win/bin/../lib/gcc/arm-none-eabi/11.3.1/thumb/v7e-m+fp/hard/crtbegin.o
                [!provide]                PROVIDE (__fini_array_end = .)
                0x08011520                . = ALIGN (0x4)
                0x08011520                _sidata = LOADADDR (.data)

.data           0x20000000      0x2b8 load address 0x08011520
                0x20000000                . = ALIGN (0x4)
                0x20000000                _sdata = .
 *(.data)
 *(.data*)
 .data.MicroMouseTemplate_P
                0x20000000       0xd8 MicroMouseTemplate_data.o
                0x20000000                MicroMouseTemplate_P
 .data.FS_Desc  0x200000d8       0x20 usbd_desc.o
                0x200000d8                FS_Desc
 .data.USBD_FS_DeviceDesc
                0x200000f8       0x12 usbd_desc.o
                0x200000f8                USBD_FS_DeviceDesc
 *fill*         0x2000010a        0x2 
 .data.USBD_FS_BOSDesc
                0x2000010c        0xc usbd_desc.o
                0x2000010c                USBD_FS_BOSDesc
 .data.USBD_LangIDDesc
                0x20000118        0x4 usbd_desc.o
                0x20000118                USBD_LangIDDesc
 .data.USBD_StringSerial
                0x2000011c       0x1a usbd_desc.o
                0x2000011c                USBD_StringSerial
 *fill*         0x20000136        0x2 
 .data.USBD_Interface_fops_FS
                0x20000138       0x14 usbd_cdc_if.o
                0x20000138                USBD_Interface_fops_FS
 .data.uwTickPrio
                0x2000014c        0x4 stm32l4xx_hal.o
                0x2000014c                uwTickPrio
 .data.uwTickFreq
                0x20000150        0x1 stm32l4xx_hal.o
                0x20000150                uwTickFreq
 *fill*         0x20000151        0x3 
 .data.USBD_CDC_DeviceQualifierDesc
                0x20000154        0xa usbd_cdc.o
 *fill*         0x2000015e        0x2 
 .data.USBD_CDC
                0x20000160       0x38 usbd_cdc.o
                0x20000160                USBD_CDC
 .data.USBD_CDC_CfgHSDesc
                0x20000198       0x43 usbd_cdc.o
 *fill*         0x200001db        0x1 
 .data.USBD_CDC_CfgFSDesc
                0x200001dc       0x43 usbd_cdc.o
 *fill*         0x2000021f        0x1 
 .data.USBD_CDC_OtherSpeedCfgDesc
                0x20000220       0x43 usbd_cdc.o
 *fill*         0x20000263        0x1 
 .data.SystemCoreClock
                0x20000264        0x4 system_stm32l4xx.o
                0x20000264                SystemCoreClock
 .data._impure_data
                0x20000268       0x4c c:/programdata/matlab/supportpackages/r2024a/3p.instrset/gnuarm-armcortex.instrset/win/bin/../lib/gcc/arm-none-eabi/11.3.1/thumb/v7e-m+fp/hard\libc_nano.a(libc_a-impure.o)
                0x20000268                _impure_data
 .data._impure_ptr
                0x200002b4        0x4 c:/programdata/matlab/supportpackages/r2024a/3p.instrset/gnuarm-armcortex.instrset/win/bin/../lib/gcc/arm-none-eabi/11.3.1/thumb/v7e-m+fp/hard\libc_nano.a(libc_a-impure.o)
                0x200002b4                _impure_ptr
 *(.RamFunc)
 *(.RamFunc*)
                0x200002b8                . = ALIGN (0x4)
                0x200002b8                _edata = .

.tm_clone_table
                0x200002b8        0x0 load address 0x080117d8
 .tm_clone_table
                0x200002b8        0x0 c:/programdata/matlab/supportpackages/r2024a/3p.instrset/gnuarm-armcortex.instrset/win/bin/../lib/gcc/arm-none-eabi/11.3.1/thumb/v7e-m+fp/hard/crtbegin.o
 .tm_clone_table
                0x200002b8        0x0 c:/programdata/matlab/supportpackages/r2024a/3p.instrset/gnuarm-armcortex.instrset/win/bin/../lib/gcc/arm-none-eabi/11.3.1/thumb/v7e-m+fp/hard/crtend.o

.igot.plt       0x200002b8        0x0 load address 0x080117d8
 .igot.plt      0x200002b8        0x0 c:/programdata/matlab/supportpackages/r2024a/3p.instrset/gnuarm-armcortex.instrset/win/bin/../lib/gcc/arm-none-eabi/11.3.1/thumb/v7e-m+fp/hard/crtbegin.o
                0x200002b8                . = ALIGN (0x4)

.bss            0x200002b8     0x52fc load address 0x080117d8
                0x200002b8                _sbss = .
                0x200002b8                __bss_start__ = _sbss
 *(.bss)
 *(.bss*)
 .bss.completed.1
                0x200002b8        0x1 c:/programdata/matlab/supportpackages/r2024a/3p.instrset/gnuarm-armcortex.instrset/win/bin/../lib/gcc/arm-none-eabi/11.3.1/thumb/v7e-m+fp/hard/crtbegin.o
 *fill*         0x200002b9        0x3 
 .bss.object.0  0x200002bc       0x18 c:/programdata/matlab/supportpackages/r2024a/3p.instrset/gnuarm-armcortex.instrset/win/bin/../lib/gcc/arm-none-eabi/11.3.1/thumb/v7e-m+fp/hard/crtbegin.o
 .bss.mw_tim3   0x200002d4       0x8c stm_timer_ll.o
                0x200002d4                mw_tim3
 .bss.mw_adc2   0x20000360       0x1c stm_adc_ll.o
                0x20000360                mw_adc2
 .bss.IMU_Accel
                0x2000037c        0xc MicroMouseTemplate.o
                0x2000037c                IMU_Accel
 .bss.IMU_Gyro  0x20000388        0xc MicroMouseTemplate.o
                0x20000388                IMU_Gyro
 .bss.currTicksRS
                0x20000394        0x4 MicroMouseTemplate.o
                0x20000394                currTicksRS
 .bss.currTicksLS
                0x20000398        0x4 MicroMouseTemplate.o
                0x20000398                currTicksLS
 .bss.ADC1s     0x2000039c       0x12 MicroMouseTemplate.o
                0x2000039c                ADC1s
 *fill*         0x200003ae        0x2 
 .bss.ADC_H     0x200003b0       0x12 MicroMouseTemplate.o
                0x200003b0                ADC_H
 *fill*         0x200003c2        0x2 
 .bss.ADC_L     0x200003c4       0x12 MicroMouseTemplate.o
                0x200003c4                ADC_L
 *fill*         0x200003d6        0x2 
 .bss.Thresholds
                0x200003d8       0x10 MicroMouseTemplate.o
                0x200003d8                Thresholds
 .bss.Detections
                0x200003e8        0x8 MicroMouseTemplate.o
                0x200003e8                Detections
 .bss.MicroMouseTemplate_B
                0x200003f0     0x11c0 MicroMouseTemplate.o
                0x200003f0                MicroMouseTemplate_B
 .bss.MicroMouseTemplate_DW
                0x200015b0      0xdd0 MicroMouseTemplate.o
                0x200015b0                MicroMouseTemplate_DW
 .bss.MicroMouseTemplate_M_
                0x20002380        0x8 MicroMouseTemplate.o
 .bss.profilingDataIdx
                0x20002388        0x4 ert_main.o
                0x20002388                profilingDataIdx
 .bss._tmwrunningCoreID
                0x2000238c        0x4 ert_main.o
                0x2000238c                _tmwrunningCoreID
 .bss.profilingData
                0x20002390     0x12c0 ert_main.o
                0x20002390                profilingData
 .bss.IsrOverrun
                0x20003650        0x4 ert_main.o
                0x20003650                IsrOverrun
 .bss.isRateRunning
                0x20003654        0x2 ert_main.o
                0x20003654                isRateRunning
 *fill*         0x20003656        0x2 
 .bss.need2runFlags
                0x20003658        0x2 ert_main.o
                0x20003658                need2runFlags
 .bss.stopRequested
                0x2000365a        0x1 ert_main.o
                0x2000365a                stopRequested
 .bss.runModel  0x2000365b        0x1 ert_main.o
                0x2000365b                runModel
 .bss.checkIMU  0x2000365c        0x1 IMU.o
                0x2000365c                checkIMU
 *fill*         0x2000365d        0x3 
 .bss.diag_ProSW
                0x20003660        0x2 CustomWhile.o
                0x20003660                diag_ProSW
 *fill*         0x20003662        0x2 
 .bss.diag_ProLED
                0x20003664        0x3 CustomWhile.o
                0x20003664                diag_ProLED
 *fill*         0x20003667        0x1 
 .bss.diag_IR_LEDs
                0x20003668        0x8 CustomWhile.o
                0x20003668                diag_IR_LEDs
 .bss.IR_LED_TIMER
                0x20003670        0x4 CustomWhile.o
                0x20003670                IR_LED_TIMER
 .bss.diag_MOT_L
                0x20003674        0x4 CustomWhile.o
                0x20003674                diag_MOT_L
 .bss.diag_MOT_R
                0x20003678        0x4 CustomWhile.o
                0x20003678                diag_MOT_R
 .bss.schdl_counter
                0x2000367c        0x4 SysTickScheduler.o
                0x2000367c                schdl_counter
 .bss.schdl_counter_max
                0x20003680        0x4 SysTickScheduler.o
                0x20003680                schdl_counter_max
 .bss.taskToSchedule
                0x20003684        0x4 m3m4m4f_multitasking.o
                0x20003684                taskToSchedule
 .bss.hi2c2     0x20003688       0x54 i2c.o
                0x20003688                hi2c2
 .bss.htim4     0x200036dc       0x4c tim.o
                0x200036dc                htim4
 .bss.hUsbDeviceFS
                0x20003728      0x2d0 usb_device.o
                0x20003728                hUsbDeviceFS
 .bss.hpcd_USB_OTG_FS
                0x200039f8      0x50c usbd_conf.o
                0x200039f8                hpcd_USB_OTG_FS
 .bss.mem.0     0x20003f04      0x220 usbd_conf.o
 .bss.USBD_StrDesc
                0x20004124      0x200 usbd_desc.o
                0x20004124                USBD_StrDesc
 .bss.usb_rx_buffer
                0x20004324      0x100 usbd_cdc_if.o
                0x20004324                usb_rx_buffer
 .bss.usb_rx_index
                0x20004424        0x1 usbd_cdc_if.o
                0x20004424                usb_rx_index
 *fill*         0x20004425        0x3 
 .bss.UserRxBufferFS
                0x20004428      0x800 usbd_cdc_if.o
                0x20004428                UserRxBufferFS
 .bss.UserTxBufferFS
                0x20004c28      0x800 usbd_cdc_if.o
                0x20004c28                UserTxBufferFS
 .bss.htim1     0x20005428       0x4c stm32l4xx_hal_timebase_tim.o
                0x20005428                htim1
 .bss.uwTick    0x20005474        0x4 stm32l4xx_hal.o
                0x20005474                uwTick
 .bss.cfgidx.0  0x20005478        0x1 usbd_ctlreq.o
 *fill*         0x20005479        0x3 
 .bss.__sf      0x2000547c      0x138 c:/programdata/matlab/supportpackages/r2024a/3p.instrset/gnuarm-armcortex.instrset/win/bin/../lib/gcc/arm-none-eabi/11.3.1/thumb/v7e-m+fp/hard\libc_nano.a(libc_a-findfp.o)
                0x2000547c                __sf
 *(COMMON)
                0x200055b4                . = ALIGN (0x4)
                0x200055b4                _ebss = .
                0x200055b4                __bss_end__ = _ebss

._user_heap_stack
                0x200055b4      0x604 load address 0x080117d8
                0x200055b8                . = ALIGN (0x8)
 *fill*         0x200055b4        0x4 
                [!provide]                PROVIDE (end = .)
                0x200055b8                PROVIDE (_end = .)
                0x200057b8                . = (. + _Min_Heap_Size)
 *fill*         0x200055b8      0x200 
                0x20005bb8                . = (. + _Min_Stack_Size)
 *fill*         0x200057b8      0x400 
                0x20005bb8                . = ALIGN (0x8)

/DISCARD/
 libc.a(*)
 libm.a(*)
 libgcc.a(*)

.ARM.attributes
                0x00000000       0x30
 *(.ARM.attributes)
 .ARM.attributes
                0x00000000       0x1e c:/programdata/matlab/supportpackages/r2024a/3p.instrset/gnuarm-armcortex.instrset/win/bin/../lib/gcc/arm-none-eabi/11.3.1/thumb/v7e-m+fp/hard/crti.o
 .ARM.attributes
                0x0000001e       0x34 c:/programdata/matlab/supportpackages/r2024a/3p.instrset/gnuarm-armcortex.instrset/win/bin/../lib/gcc/arm-none-eabi/11.3.1/thumb/v7e-m+fp/hard/crtbegin.o
 .ARM.attributes
                0x00000052       0x34 stm_timer_ll.o
 .ARM.attributes
                0x00000086       0x34 stm_adc_ll.o
 .ARM.attributes
                0x000000ba       0x34 MicroMouseTemplate.o
 .ARM.attributes
                0x000000ee       0x34 MicroMouseTemplate_data.o
 .ARM.attributes
                0x00000122       0x34 ert_main.o
 .ARM.attributes
                0x00000156       0x34 IMU.o
 .ARM.attributes
                0x0000018a       0x34 CustomWhile.o
 .ARM.attributes
                0x000001be       0x34 overrideHALDelay.o
 .ARM.attributes
                0x000001f2       0x34 platform_timer.o
 .ARM.attributes
                0x00000226       0x34 SysTickScheduler.o
 .ARM.attributes
                0x0000025a       0x34 m3m4m4f_multitasking.o
 .ARM.attributes
                0x0000028e       0x34 main.o
 .ARM.attributes
                0x000002c2       0x34 gpio.o
 .ARM.attributes
                0x000002f6       0x34 adc.o
 .ARM.attributes
                0x0000032a       0x34 dma.o
 .ARM.attributes
                0x0000035e       0x34 i2c.o
 .ARM.attributes
                0x00000392       0x34 tim.o
 .ARM.attributes
                0x000003c6       0x34 usart.o
 .ARM.attributes
                0x000003fa       0x34 usb_device.o
 .ARM.attributes
                0x0000042e       0x34 usbd_conf.o
 .ARM.attributes
                0x00000462       0x34 usbd_desc.o
 .ARM.attributes
                0x00000496       0x34 usbd_cdc_if.o
 .ARM.attributes
                0x000004ca       0x34 stm32l4xx_it.o
 .ARM.attributes
                0x000004fe       0x34 stm32l4xx_hal_msp.o
 .ARM.attributes
                0x00000532       0x34 stm32l4xx_hal_timebase_tim.o
 .ARM.attributes
                0x00000566       0x34 stm32l4xx_ll_utils.o
 .ARM.attributes
                0x0000059a       0x34 stm32l4xx_ll_gpio.o
 .ARM.attributes
                0x000005ce       0x34 stm32l4xx_hal_pcd.o
 .ARM.attributes
                0x00000602       0x34 stm32l4xx_hal_pcd_ex.o
 .ARM.attributes
                0x00000636       0x34 stm32l4xx_ll_usb.o
 .ARM.attributes
                0x0000066a       0x34 stm32l4xx_hal.o
 .ARM.attributes
                0x0000069e       0x34 stm32l4xx_hal_rcc.o
 .ARM.attributes
                0x000006d2       0x34 stm32l4xx_hal_gpio.o
 .ARM.attributes
                0x00000706       0x34 stm32l4xx_hal_i2c.o
 .ARM.attributes
                0x0000073a       0x34 stm32l4xx_hal_i2c_ex.o
 .ARM.attributes
                0x0000076e       0x34 stm32l4xx_hal_pwr_ex.o
 .ARM.attributes
                0x000007a2       0x34 stm32l4xx_hal_cortex.o
 .ARM.attributes
                0x000007d6       0x34 stm32l4xx_ll_adc.o
 .ARM.attributes
                0x0000080a       0x34 stm32l4xx_hal_tim.o
 .ARM.attributes
                0x0000083e       0x34 stm32l4xx_hal_tim_ex.o
 .ARM.attributes
                0x00000872       0x34 stm32l4xx_ll_tim.o
 .ARM.attributes
                0x000008a6       0x34 stm32l4xx_ll_usart.o
 .ARM.attributes
                0x000008da       0x34 stm32l4xx_ll_rcc.o
 .ARM.attributes
                0x0000090e       0x34 usbd_core.o
 .ARM.attributes
                0x00000942       0x34 usbd_ctlreq.o
 .ARM.attributes
                0x00000976       0x34 usbd_ioreq.o
 .ARM.attributes
                0x000009aa       0x34 usbd_cdc.o
 .ARM.attributes
                0x000009de       0x34 system_stm32l4xx.o
 .ARM.attributes
                0x00000a12       0x21 startup_stm32l476vetx.o