Archive member included to satisfy reference by file (symbol)

c:/programdata/matlab/supportpackages/r2024a/3p.instrset/gnuarm-armcortex.instrset/win/bin/../lib/gcc/arm-none-eabi/11.3.1/thumb/v7e-m+fp/hard\libm.a(libm_a-w_fmod.o)
                              MicroMouseTemplate.o (fmod)
c:/programdata/matlab/supportpackages/r2024a/3p.instrset/gnuarm-armcortex.instrset/win/bin/../lib/gcc/arm-none-eabi/11.3.1/thumb/v7e-m+fp/hard\libm.a(libm_a-s_floor.o)
                              MicroMouseTemplate.o (floor)
c:/programdata/matlab/supportpackages/r2024a/3p.instrset/gnuarm-armcortex.instrset/win/bin/../lib/gcc/arm-none-eabi/11.3.1/thumb/v7e-m+fp/hard\libm.a(libm_a-e_fmod.o)
                              c:/programdata/matlab/supportpackages/r2024a/3p.instrset/gnuarm-armcortex.instrset/win/bin/../lib/gcc/arm-none-eabi/11.3.1/thumb/v7e-m+fp/hard\libm.a(libm_a-w_fmod.o) (__ieee754_fmod)
c:/programdata/matlab/supportpackages/r2024a/3p.instrset/gnuarm-armcortex.instrset/win/bin/../lib/gcc/arm-none-eabi/11.3.1/thumb/v7e-m+fp/hard\libgcc.a(_arm_muldf3.o)
                              MicroMouseTemplate.o (__aeabi_dmul)
c:/programdata/matlab/supportpackages/r2024a/3p.instrset/gnuarm-armcortex.instrset/win/bin/../lib/gcc/arm-none-eabi/11.3.1/thumb/v7e-m+fp/hard\libgcc.a(_arm_addsubdf3.o)
                              MicroMouseTemplate.o (__aeabi_dsub)
c:/programdata/matlab/supportpackages/r2024a/3p.instrset/gnuarm-armcortex.instrset/win/bin/../lib/gcc/arm-none-eabi/11.3.1/thumb/v7e-m+fp/hard\libgcc.a(_arm_muldivdf3.o)
                              MicroMouseTemplate.o (__aeabi_ddiv)
c:/programdata/matlab/supportpackages/r2024a/3p.instrset/gnuarm-armcortex.instrset/win/bin/../lib/gcc/arm-none-eabi/11.3.1/thumb/v7e-m+fp/hard\libgcc.a(_arm_cmpdf2.o)
                              MicroMouseTemplate.o (__aeabi_dcmpeq)
c:/programdata/matlab/supportpackages/r2024a/3p.instrset/gnuarm-armcortex.instrset/win/bin/../lib/gcc/arm-none-eabi/11.3.1/thumb/v7e-m+fp/hard\libgcc.a(_arm_unorddf2.o)
                              c:/programdata/matlab/supportpackages/r2024a/3p.instrset/gnuarm-armcortex.instrset/win/bin/../lib/gcc/arm-none-eabi/11.3.1/thumb/v7e-m+fp/hard\libm.a(libm_a-w_fmod.o) (__aeabi_dcmpun)
c:/programdata/matlab/supportpackages/r2024a/3p.instrset/gnuarm-armcortex.instrset/win/bin/../lib/gcc/arm-none-eabi/11.3.1/thumb/v7e-m+fp/hard\libgcc.a(_arm_fixdfsi.o)
                              MicroMouseTemplate.o (__aeabi_d2iz)
c:/programdata/matlab/supportpackages/r2024a/3p.instrset/gnuarm-armcortex.instrset/win/bin/../lib/gcc/arm-none-eabi/11.3.1/thumb/v7e-m+fp/hard\libgcc.a(_arm_fixunsdfsi.o)
                              MicroMouseTemplate.o (__aeabi_d2uiz)
c:/programdata/matlab/supportpackages/r2024a/3p.instrset/gnuarm-armcortex.instrset/win/bin/../lib/gcc/arm-none-eabi/11.3.1/thumb/v7e-m+fp/hard\libgcc.a(_arm_truncdfsf2.o)
                              MicroMouseTemplate.o (__aeabi_d2f)
c:/programdata/matlab/supportpackages/r2024a/3p.instrset/gnuarm-armcortex.instrset/win/bin/../lib/gcc/arm-none-eabi/11.3.1/thumb/v7e-m+fp/hard\libc_nano.a(libc_a-exit.o)
                              c:/programdata/matlab/supportpackages/r2024a/3p.instrset/gnuarm-armcortex.instrset/win/bin/../lib/gcc/arm-none-eabi/11.3.1/thumb/v7e-m+fp/hard/crt0.o (exit)
c:/programdata/matlab/supportpackages/r2024a/3p.instrset/gnuarm-armcortex.instrset/win/bin/../lib/gcc/arm-none-eabi/11.3.1/thumb/v7e-m+fp/hard\libc_nano.a(libc_a-findfp.o)
                              c:/programdata/matlab/supportpackages/r2024a/3p.instrset/gnuarm-armcortex.instrset/win/bin/../lib/gcc/arm-none-eabi/11.3.1/thumb/v7e-m+fp/hard\libc_nano.a(libc_a-exit.o) (__stdio_exit_handler)
c:/programdata/matlab/supportpackages/r2024a/3p.instrset/gnuarm-armcortex.instrset/win/bin/../lib/gcc/arm-none-eabi/11.3.1/thumb/v7e-m+fp/hard\libc_nano.a(libc_a-fwalk.o)
                              c:/programdata/matlab/supportpackages/r2024a/3p.instrset/gnuarm-armcortex.instrset/win/bin/../lib/gcc/arm-none-eabi/11.3.1/thumb/v7e-m+fp/hard\libc_nano.a(libc_a-findfp.o) (_fwalk_sglue)
c:/programdata/matlab/supportpackages/r2024a/3p.instrset/gnuarm-armcortex.instrset/win/bin/../lib/gcc/arm-none-eabi/11.3.1/thumb/v7e-m+fp/hard\libc_nano.a(libc_a-stdio.o)
                              c:/programdata/matlab/supportpackages/r2024a/3p.instrset/gnuarm-armcortex.instrset/win/bin/../lib/gcc/arm-none-eabi/11.3.1/thumb/v7e-m+fp/hard\libc_nano.a(libc_a-findfp.o) (__sread)
c:/programdata/matlab/supportpackages/r2024a/3p.instrset/gnuarm-armcortex.instrset/win/bin/../lib/gcc/arm-none-eabi/11.3.1/thumb/v7e-m+fp/hard\libc_nano.a(libc_a-memmove.o)
                              MicroMouseTemplate.o (memmove)
c:/programdata/matlab/supportpackages/r2024a/3p.instrset/gnuarm-armcortex.instrset/win/bin/../lib/gcc/arm-none-eabi/11.3.1/thumb/v7e-m+fp/hard\libc_nano.a(libc_a-memset.o)
[...]
Memory Configuration

Name             Origin             Length             Attributes
RAM              0x20000000         0x00018000         xrw
RAM2             0x10000000         0x00008000         xrw
FLASH            0x08000000         0x00080000         xr
*default*        0x00000000         0xffffffff

Linker script and memory map

LOAD c:/programdata/matlab/supportpackages/r2024a/3p.instrset/gnuarm-armcortex.instrset/win/bin/../lib/gcc/arm-none-eabi/11.3.1/thumb/v7e-m+fp/hard/crti.o
LOAD c:/programdata/matlab/supportpackages/r2024a/3p.instrset/gnuarm-armcortex.instrset/win/bin/../lib/gcc/arm-none-eabi/11.3.1/thumb/v7e-m+fp/hard/crtbegin.o
LOAD c:/programdata/matlab/supportpackages/r2024a/3p.instrset/gnuarm-armcortex.instrset/win/bin/../lib/gcc/arm-none-eabi/11.3.1/thumb/v7e-m+fp/hard/crt0.o
LOAD stm_timer_ll.o
LOAD stm_adc_ll.o
LOAD MicroMouseTemplate.o
LOAD MicroMouseTemplate_data.o
LOAD ert_main.o
LOAD IMU.o
LOAD CustomWhile.o
LOAD Motors.o
LOAD overrideHALDelay.o
LOAD platform_timer.o
LOAD SysTickScheduler.o
LOAD m3m4m4f_multitasking.o
LOAD main.o
LOAD gpio.o
LOAD adc.o
LOAD dma.o
LOAD i2c.o
LOAD tim.o
LOAD usart.o
LOAD usb_device.o
LOAD usbd_conf.o
LOAD usbd_desc.o
LOAD usbd_cdc_if.o
LOAD stm32l4xx_it.o
LOAD stm32l4xx_hal_msp.o
LOAD stm32l4xx_hal_timebase_tim.o
LOAD stm32l4xx_ll_utils.o
LOAD stm32l4xx_ll_exti.o
LOAD stm32l4xx_ll_gpio.o
LOAD stm32l4xx_hal_pcd.o
LOAD stm32l4xx_hal_pcd_ex.o
LOAD stm32l4xx_ll_usb.o
LOAD stm32l4xx_hal.o
LOAD stm32l4xx_hal_rcc.o
LOAD stm32l4xx_hal_rcc_ex.o
LOAD stm32l4xx_hal_flash.o
LOAD stm32l4xx_hal_flash_ex.o
LOAD stm32l4xx_hal_flash_ramfunc.o
LOAD stm32l4xx_hal_gpio.o
LOAD stm32l4xx_hal_i2c.o
LOAD stm32l4xx_hal_i2c_ex.o
LOAD stm32l4xx_hal_dma.o
LOAD stm32l4xx_hal_dma_ex.o
LOAD stm32l4xx_hal_pwr.o
LOAD stm32l4xx_hal_pwr_ex.o
LOAD stm32l4xx_hal_cortex.o
LOAD stm32l4xx_hal_exti.o
LOAD stm32l4xx_ll_adc.o
LOAD stm32l4xx_ll_dma.o
LOAD stm32l4xx_hal_tim.o
LOAD stm32l4xx_hal_tim_ex.o
LOAD stm32l4xx_ll_tim.o
LOAD stm32l4xx_ll_usart.o
LOAD stm32l4xx_ll_rcc.o
LOAD usbd_core.o
LOAD usbd_ctlreq.o
LOAD usbd_ioreq.o
LOAD usbd_cdc.o
LOAD system_stm32l4xx.o
LOAD syscalls.o
LOAD sysmem.o
LOAD startup_stm32l476vetx.o
LOAD code_profiling_utility_functions.o
LOAD C:/ProgramData/MATLAB/SupportPackages/R2024a/3P.instrset/cmsis_dsp.instrset/Lib/GCC/arm_cortexm4ldfsp_math/libCMSISDSP.a
LOAD c:/programdata/matlab/supportpackages/r2024a/3p.instrset/gnuarm-armcortex.instrset/win/bin/../lib/gcc/arm-none-eabi/11.3.1/thumb/v7e-m+fp/hard\libstdc++_nano.a
LOAD c:/programdata/matlab/supportpackages/r2024a/3p.instrset/gnuarm-armcortex.instrset/win/bin/../lib/gcc/arm-none-eabi/11.3.1/thumb/v7e-m+fp/hard\libm.a
START GROUP
LOAD c:/programdata/matlab/supportpackages/r2024a/3p.instrset/gnuarm-armcortex.instrset/win/bin/../lib/gcc/arm-none-eabi/11.3.1/thumb/v7e-m+fp/hard\libgcc.a
LOAD c:/programdata/matlab/supportpackages/r2024a/3p.instrset/gnuarm-armcortex.instrset/win/bin/../lib/gcc/arm-none-eabi/11.3.1/thumb/v7e-m+fp/hard\libc_nano.a
END GROUP
START GROUP
LOAD c:/programdata/matlab/supportpackages/r2024a/3p.instrset/gnuarm-armcortex.instrset/win/bin/../lib/gcc/arm-none-eabi/11.3.1/thumb/v7e-m+fp/hard\libgcc.a
LOAD c:/programdata/matlab/supportpackages/r2024a/3p.instrset/gnuarm-armcortex.instrset/win/bin/../lib/gcc/arm-none-eabi/11.3.1/thumb/v7e-m+fp/hard\libc_nano.a
LOAD c:/programdata/matlab/supportpackages/r2024a/3p.instrset/gnuarm-armcortex.instrset/win/bin/../lib/gcc/arm-none-eabi/11.3.1/thumb/v7e-m+fp/hard\libnosys.a
END GROUP
START GROUP
LOAD c:/programdata/matlab/supportpackages/r2024a/3p.instrset/gnuarm-armcortex.instrset/win/bin/../lib/gcc/arm-none-eabi/11.3.1/thumb/v7e-m+fp/hard\libgcc.a
LOAD c:/programdata/matlab/supportpackages/r2024a/3p.instrset/gnuarm-armcortex.instrset/win/bin/../lib/gcc/arm-none-eabi/11.3.1/thumb/v7e-m+fp/hard\libc_nano.a
LOAD c:/programdata/matlab/supportpackages/r2024a/3p.instrset/gnuarm-armcortex.instrset/win/bin/../lib/gcc/arm-none-eabi/11.3.1/thumb/v7e-m+fp/hard\libnosys.a
END GROUP
LOAD c:/programdata/matlab/supportpackages/r2024a/3p.instrset/gnuarm-armcortex.instrset/win/bin/../lib/gcc/arm-none-eabi/11.3.1/thumb/v7e-m+fp/hard/crtend.o
LOAD c:/programdata/matlab/supportpackages/r2024a/3p.instrset/gnuarm-armcortex.instrset/win/bin/../lib/gcc/arm-none-eabi/11.3.1/thumb/v7e-m+fp/hard/crtn.o
                0x20018000                _estack = (ORIGIN (RAM) + LENGTH (RAM))
                0x00000200                _Min_Heap_Size = 0x200
                0x00000400                _Min_Stack_Size = 0x400

.isr_vector     0x08000000      0x188
                0x08000000                . = ALIGN (0x4)
 *(.isr_vector)
 .isr_vector    0x08000000      0x188 startup_stm32l476vetx.o
                0x08000000                g_pfnVectors
                0x08000188                . = ALIGN (0x4)

.text           0x08000188     0xbcb0
                0x08000188                . = ALIGN (0x4)
 *(.text)
 .text          0x08000188      0x378 c:/programdata/matlab/supportpackages/r2024a/3p.instrset/gnuarm-armcortex.instrset/win/bin/../lib/gcc/arm-none-eabi/11.3.1/thumb/v7e-m+fp/hard\libgcc.a(_arm_addsubdf3.o)
                0x08000188                __aeabi_drsub
                0x08000190                __aeabi_dsub
                0x08000190                __subdf3
                0x08000194                __aeabi_dadd
                0x08000194                __adddf3
                0x0800040c                __floatunsidf
                0x0800040c                __aeabi_ui2d
                0x0800042c                __floatsidf
                0x0800042c                __aeabi_i2d
                0x08000450                __aeabi_f2d
                0x08000450                __extendsfdf2
                0x08000494                __floatundidf
                0x08000494                __aeabi_ul2d
                0x080004a4                __floatdidf
                0x080004a4                __aeabi_l2d
 .text          0x08000500      0x424 c:/programdata/matlab/supportpackages/r2024a/3p.instrset/gnuarm-armcortex.instrset/win/bin/../lib/gcc/arm-none-eabi/11.3.1/thumb/v7e-m+fp/hard\libgcc.a(_arm_muldivdf3.o)
                0x08000500                __aeabi_dmul
                0x08000500                __muldf3
                0x08000754                __divdf3
                0x08000754                __aeabi_ddiv
 .text          0x08000924      0x110 c:/programdata/matlab/supportpackages/r2024a/3p.instrset/gnuarm-armcortex.instrset/win/bin/../lib/gcc/arm-none-eabi/11.3.1/thumb/v7e-m+fp/hard\libgcc.a(_arm_cmpdf2.o)
                0x08000924                __gtdf2
                0x08000924                __gedf2
                0x0800092c                __ltdf2
                0x0800092c                __ledf2
                0x08000934                __nedf2
                0x08000934                __eqdf2
                0x08000934                __cmpdf2
                0x080009b0                __aeabi_cdrcmple
                0x080009c0                __aeabi_cdcmpeq
                0x080009c0                __aeabi_cdcmple
                0x080009d0                __aeabi_dcmpeq
                0x080009e4                __aeabi_dcmplt
                0x080009f8                __aeabi_dcmple
                0x08000a0c                __aeabi_dcmpge
                0x08000a20                __aeabi_dcmpgt
 .text          0x08000a34       0x2c c:/programdata/matlab/supportpackages/r2024a/3p.instrset/gnuarm-armcortex.instrset/win/bin/../lib/gcc/arm-none-eabi/11.3.1/thumb/v7e-m+fp/hard\libgcc.a(_arm_unorddf2.o)
                0x08000a34                __unorddf2
                0x08000a34                __aeabi_dcmpun
 .text          0x08000a60       0x50 c:/programdata/matlab/supportpackages/r2024a/3p.instrset/gnuarm-armcortex.instrset/win/bin/../lib/gcc/arm-none-eabi/11.3.1/thumb/v7e-m+fp/hard\libgcc.a(_arm_fixdfsi.o)
                0x08000a60                __aeabi_d2iz
                0x08000a60                __fixdfsi
 .text          0x08000ab0       0x40 c:/programdata/matlab/supportpackages/r2024a/3p.instrset/gnuarm-armcortex.instrset/win/bin/../lib/gcc/arm-none-eabi/11.3.1/thumb/v7e-m+fp/hard\libgcc.a(_arm_fixunsdfsi.o)
                0x08000ab0                __aeabi_d2uiz
                0x08000ab0                __fixunsdfsi
 .text          0x08000af0       0xa0 c:/programdata/matlab/supportpackages/r2024a/3p.instrset/gnuarm-armcortex.instrset/win/bin/../lib/gcc/arm-none-eabi/11.3.1/thumb/v7e-m+fp/hard\libgcc.a(_arm_truncdfsf2.o)
                0x08000af0                __truncdfsf2
                0x08000af0                __aeabi_d2f
 *(.text*)
 .text.deregister_tm_clones
                0x08000b90       0x1c c:/programdata/matlab/supportpackages/r2024a/3p.instrset/gnuarm-armcortex.instrset/win/bin/../lib/gcc/arm-none-eabi/11.3.1/thumb/v7e-m+fp/hard/crtbegin.o
 .text.register_tm_clones
                0x08000bac       0x24 c:/programdata/matlab/supportpackages/r2024a/3p.instrset/gnuarm-armcortex.instrset/win/bin/../lib/gcc/arm-none-eabi/11.3.1/thumb/v7e-m+fp/hard/crtbegin.o
 .text.__do_global_dtors_aux
                0x08000bd0       0x28 c:/programdata/matlab/supportpackages/r2024a/3p.instrset/gnuarm-armcortex.instrset/win/bin/../lib/gcc/arm-none-eabi/11.3.1/thumb/v7e-m+fp/hard/crtbegin.o
 .text.frame_dummy
                0x08000bf8       0x24 c:/programdata/matlab/supportpackages/r2024a/3p.instrset/gnuarm-armcortex.instrset/win/bin/../lib/gcc/arm-none-eabi/11.3.1/thumb/v7e-m+fp/hard/crtbegin.o
 .text.enableTimerInterrupts
                0x08000c1c       0xb4 stm_timer_ll.o
                0x08000c1c                enableTimerInterrupts
 .text.disableTimerInterrupts
                0x08000cd0       0xb0 stm_timer_ll.o
                0x08000cd0                disableTimerInterrupts
 .text.enableTimerChannel1
                0x08000d80       0x58 stm_timer_ll.o
                0x08000d80                enableTimerChannel1
 .text.disableTimerChannel1
                0x08000dd8       0x58 stm_timer_ll.o
                0x08000dd8                disableTimerChannel1
 .text.enableTimerChannel2
                0x08000e30       0x58 stm_timer_ll.o
                0x08000e30                enableTimerChannel2
 .text.disableTimerChannel2
                0x08000e88       0x58 stm_timer_ll.o
                0x08000e88                disableTimerChannel2
 .text.enableTimerChannel3
                0x08000ee0       0x58 stm_timer_ll.o
                0x08000ee0                enableTimerChannel3
 .text.disableTimerChannel3
                0x08000f38       0x58 stm_timer_ll.o
                0x08000f38                disableTimerChannel3
 .text.enableTimerChannel4
                0x08000f90       0x10 stm_timer_ll.o
                0x08000f90                enableTimerChannel4
 .text.disableTimerChannel4
                0x08000fa0       0x10 stm_timer_ll.o
                0x08000fa0                disableTimerChannel4
 .text.Timer_Handle_Init
                0x08000fb0       0x2c stm_timer_ll.o
                0x08000fb0                Timer_Handle_Init
 .text.regularADCTrigger
                0x08000fdc       0x58 stm_adc_ll.o
 .text.DMA1_Channel2_IRQHandler
                0x08001034       0x60 stm_adc_ll.o
                0x08001034                DMA1_Channel2_IRQHandler
 .text.startADCConversionForExternalTrigger
                0x08001094       0x3c stm_adc_ll.o
                0x08001094                startADCConversionForExternalTrigger
 .text.ADC_Handle_Init
                0x080010d0       0xdc stm_adc_ll.o
                0x080010d0                ADC_Handle_Init
 .text.enableADC
                0x080011ac       0x1c stm_adc_ll.o
                0x080011ac                enableADC
 .text.regularReadADCDMA
                0x080011c8       0xb0 stm_adc_ll.o
                0x080011c8                regularReadADCDMA
 .text.ADC_Handle_Deinit
                0x08001278       0xbc stm_adc_ll.o
                0x08001278                ADC_Handle_Deinit
 .text.enableADCAutomaticCalibrationOffset
                0x08001334       0xd8 stm_adc_ll.o
                0x08001334                enableADCAutomaticCalibrationOffset
 .text.MicroMouseTemplat_delConnection
                0x0800140c       0x7c MicroMouseTemplate.o
 .text.MicroMouseTemplate_thingy.constprop.0
                0x08001488      0x630 MicroMouseTemplate.o
 .text.MicroMouseTemplate_FollowLine.part.0.constprop.0
                0x08001ab8      0x2a4 MicroMouseTemplate.o
 .text.MicroMouseTemplate_SetEventsForThisBaseStep
                0x08001d5c       0x14 MicroMouseTemplate.o
                0x08001d5c                MicroMouseTemplate_SetEventsForThisBaseStep
 .text.MicroMouseTemplate_step0
                0x08001d70     0x3008 MicroMouseTemplate.o
                0x08001d70                MicroMouseTemplate_step0
 .text.MicroMouseTemplate_step1
                0x08004d78      0x2b0 MicroMouseTemplate.o
                0x08004d78                MicroMouseTemplate_step1
 .text.MicroMouseTemplate_initialize
                0x08005028      0x524 MicroMouseTemplate.o
                0x08005028                MicroMouseTemplate_initialize
 .text.MicroMouseTemplate_terminate
                0x0800554c       0xbc MicroMouseTemplate.o
                0x0800554c                MicroMouseTemplate_terminate
 .text.code_profiling_atomic_read_store
                0x08005608       0x44 ert_main.o
                0x08005608                code_profiling_atomic_read_store
 .text.rt_OneStep
                0x0800564c       0x94 ert_main.o
                0x0800564c                rt_OneStep
 .text.startup.main
                0x080056e0       0xbc ert_main.o
                0x080056e0                main
 .text.refreshIMUValues
                0x0800579c      0x144 IMU.o
                0x0800579c                refreshIMUValues
 .text.initIMU  0x080058e0       0x8c IMU.o
                0x080058e0                initIMU
 .text.CustomWhile
                0x0800596c      0x3c8 CustomWhile.o
                0x0800596c                CustomWhile
 .text.HAL_Delay
                0x08005d34       0x18 overrideHALDelay.o
                0x08005d34                HAL_Delay
 .text.getCurrentTimestampInMicros
                0x08005d4c       0x40 platform_timer.o
                0x08005d4c                getCurrentTimestampInMicros
 .text.SysTick_Isr
                0x08005d8c       0x38 SysTickScheduler.o
 .text.SysTick_Handler
                0x08005dc4       0x10 SysTickScheduler.o
                0x08005dc4                SysTick_Handler
 .text.ARMCM_SysTick_Config
                0x08005dd4       0xb4 SysTickScheduler.o
                0x08005dd4                ARMCM_SysTick_Config
 .text.PendSV_Handler
                0x08005e88       0x44 m3m4m4f_multitasking.o
                0x08005e88                PendSV_Handler
 .text.SVC_Handler
                0x08005ecc       0x58 m3m4m4f_multitasking.o
                0x08005ecc                SVC_Handler
 .text.SystemClock_Config
                0x08005f24       0xc4 main.o
                0x08005f24                SystemClock_Config
 .text.PeriphCommonClock_Config
                0x08005fe8       0x3c main.o
                0x08005fe8                PeriphCommonClock_Config
 .text.HAL_TIM_PeriodElapsedCallback
                0x08006024       0x14 main.o
                0x08006024                HAL_TIM_PeriodElapsedCallback
 .text.Error_Handler
                0x08006038        0x4 main.o
                0x08006038                Error_Handler
 *fill*         0x0800603c        0x4 
 .text.MX_GPIO_Init
                0x08006040      0x1f4 gpio.o
                0x08006040                MX_GPIO_Init
 .text.MX_ADC1_Init
                0x08006234      0x300 adc.o
                0x08006234                MX_ADC1_Init
 .text.MX_ADC2_Init
                0x08006534      0x334 adc.o
                0x08006534                MX_ADC2_Init
 .text.MX_DMA_Init
                0x08006868       0x5c dma.o
                0x08006868                MX_DMA_Init
 .text.MX_I2C2_Init
                0x080068c4       0x70 i2c.o
                0x080068c4                MX_I2C2_Init
 .text.HAL_I2C_MspInit
                0x08006934       0x7c i2c.o
                0x08006934                HAL_I2C_MspInit
 .text.MX_TIM3_Init
                0x080069b0      0x164 tim.o
                0x080069b0                MX_TIM3_Init
 .text.MX_TIM4_Init
                0x08006b14       0x74 tim.o
                0x08006b14                MX_TIM4_Init
 .text.HAL_TIM_Base_MspInit
                0x08006b88       0x40 tim.o
                0x08006b88                HAL_TIM_Base_MspInit
 .text.MX_USART2_UART_Init
                0x08006bc8      0x190 usart.o
                0x08006bc8                MX_USART2_UART_Init
 .text.MX_USB_DEVICE_Init
                0x08006d58       0x74 usb_device.o
                0x08006d58                MX_USB_DEVICE_Init
 *fill*         0x08006dcc        0x4 
 .text.HAL_PCD_MspInit
                0x08006dd0       0xd4 usbd_conf.o
                0x08006dd0                HAL_PCD_MspInit
 .text.HAL_PCD_SetupStageCallback
                0x08006ea4        0xc usbd_conf.o
                0x08006ea4                HAL_PCD_SetupStageCallback
 .text.HAL_PCD_DataOutStageCallback
                0x08006eb0       0x14 usbd_conf.o
                0x08006eb0                HAL_PCD_DataOutStageCallback
 .text.HAL_PCD_DataInStageCallback
                0x08006ec4       0x14 usbd_conf.o
                0x08006ec4                HAL_PCD_DataInStageCallback
 .text.HAL_PCD_SOFCallback
                0x08006ed8        0x8 usbd_conf.o
                0x08006ed8                HAL_PCD_SOFCallback
 .text.HAL_PCD_ResetCallback
                0x08006ee0       0x24 usbd_conf.o
                0x08006ee0                HAL_PCD_ResetCallback
 .text.HAL_PCD_SuspendCallback
                0x08006f04       0x30 usbd_conf.o
                0x08006f04                HAL_PCD_SuspendCallback
 .text.HAL_PCD_ResumeCallback
                0x08006f34       0x40 usbd_conf.o
                0x08006f34                HAL_PCD_ResumeCallback
 .text.HAL_PCD_ISOOUTIncompleteCallback
                0x08006f74        0x8 usbd_conf.o
                0x08006f74                HAL_PCD_ISOOUTIncompleteCallback
 .text.HAL_PCD_ISOINIncompleteCallback
                0x08006f7c        0x8 usbd_conf.o
                0x08006f7c                HAL_PCD_ISOINIncompleteCallback
 .text.HAL_PCD_ConnectCallback
                0x08006f84        0x8 usbd_conf.o
                0x08006f84                HAL_PCD_ConnectCallback
 .text.HAL_PCD_DisconnectCallback
                0x08006f8c        0x8 usbd_conf.o
                0x08006f8c                HAL_PCD_DisconnectCallback
 *fill*         0x08006f94        0x4 
 .text.USBD_LL_Init
                0x08006f98       0x74 usbd_conf.o
                0x08006f98                USBD_LL_Init
 .text.USBD_LL_Start
                0x0800700c       0x1c usbd_conf.o
                0x0800700c                USBD_LL_Start
 .text.USBD_LL_OpenEP
                0x08007028       0x20 usbd_conf.o
                0x08007028                USBD_LL_OpenEP
 .text.USBD_LL_CloseEP
                0x08007048       0x1c usbd_conf.o
                0x08007048                USBD_LL_CloseEP
 .text.USBD_LL_StallEP
                0x08007064       0x1c usbd_conf.o
                0x08007064                USBD_LL_StallEP
 .text.USBD_LL_ClearStallEP
                0x08007080       0x1c usbd_conf.o
                0x08007080                USBD_LL_ClearStallEP
 .text.USBD_LL_IsStallEP
                0x0800709c       0x28 usbd_conf.o
                0x0800709c                USBD_LL_IsStallEP
 .text.USBD_LL_SetUSBAddress
                0x080070c4       0x1c usbd_conf.o
                0x080070c4                USBD_LL_SetUSBAddress
 .text.USBD_LL_Transmit
                0x080070e0       0x1c usbd_conf.o
                0x080070e0                USBD_LL_Transmit
 .text.USBD_LL_PrepareReceive
                0x080070fc       0x1c usbd_conf.o
                0x080070fc                USBD_LL_PrepareReceive
 .text.USBD_LL_GetRxDataSize
                0x08007118        0x8 usbd_conf.o
                0x08007118                USBD_LL_GetRxDataSize
 .text.HAL_PCDEx_LPM_Callback
                0x08007120       0x64 usbd_conf.o
                0x08007120                HAL_PCDEx_LPM_Callback
 .text.USBD_static_malloc
                0x08007184        0x8 usbd_conf.o
                0x08007184                USBD_static_malloc
 .text.USBD_static_free
                0x0800718c        0x4 usbd_conf.o
                0x0800718c                USBD_static_free
 .text.USBD_FS_DeviceDescriptor
                0x08007190        0xc usbd_desc.o
                0x08007190                USBD_FS_DeviceDescriptor
 .text.USBD_FS_LangIDStrDescriptor
                0x0800719c        0xc usbd_desc.o
                0x0800719c                USBD_FS_LangIDStrDescriptor
 .text.USBD_FS_USR_BOSDescriptor
                0x080071a8        0xc usbd_desc.o
                0x080071a8                USBD_FS_USR_BOSDescriptor
 .text.USBD_FS_ManufacturerStrDescriptor
                0x080071b4       0x1c usbd_desc.o
                0x080071b4                USBD_FS_ManufacturerStrDescriptor
 .text.USBD_FS_ProductStrDescriptor
                0x080071d0       0x1c usbd_desc.o
                0x080071d0                USBD_FS_ProductStrDescriptor
 .text.USBD_FS_ConfigStrDescriptor
                0x080071ec       0x1c usbd_desc.o
                0x080071ec                USBD_FS_ConfigStrDescriptor
 .text.USBD_FS_InterfaceStrDescriptor
                0x08007208       0x1c usbd_desc.o
                0x08007208                USBD_FS_InterfaceStrDescriptor
 .text.USBD_FS_SerialStrDescriptor
                0x08007224      0x120 usbd_desc.o
                0x08007224                USBD_FS_SerialStrDescriptor
 .text.CDC_DeInit_FS
                0x08007344        0x4 usbd_cdc_if.o
 .text.CDC_Control_FS
                0x08007348        0x4 usbd_cdc_if.o
 .text.CDC_TransmitCplt_FS
                0x0800734c        0x4 usbd_cdc_if.o
 .text.CDC_Receive_FS
                0x08007350       0x3c usbd_cdc_if.o
 .text.CDC_Init_FS
                0x0800738c       0x28 usbd_cdc_if.o
 .text.CDC_Transmit_FS
                0x080073b4       0x2c usbd_cdc_if.o
                0x080073b4                CDC_Transmit_FS
 .text.NMI_Handler
                0x080073e0        0x4 stm32l4xx_it.o
                0x080073e0                NMI_Handler
 .text.HardFault_Handler
                0x080073e4        0x4 stm32l4xx_it.o
                0x080073e4                HardFault_Handler
 .text.MemManage_Handler
                0x080073e8        0x4 stm32l4xx_it.o
                0x080073e8                MemManage_Handler
 .text.BusFault_Handler
                0x080073ec        0x4 stm32l4xx_it.o
                0x080073ec                BusFault_Handler
 .text.UsageFault_Handler
                0x080073f0        0x4 stm32l4xx_it.o
                0x080073f0                UsageFault_Handler
 .text.DebugMon_Handler
                0x080073f4        0x4 stm32l4xx_it.o
                0x080073f4                DebugMon_Handler
 .text.DMA1_Channel1_IRQHandler
                0x080073f8        0x4 stm32l4xx_it.o
                0x080073f8                DMA1_Channel1_IRQHandler
 .text.DMA1_Channel6_IRQHandler
                0x080073fc        0x4 stm32l4xx_it.o
                0x080073fc                DMA1_Channel6_IRQHandler
 .text.DMA1_Channel7_IRQHandler
                0x08007400        0x4 stm32l4xx_it.o
                0x08007400                DMA1_Channel7_IRQHandler
 .text.ADC1_2_IRQHandler
                0x08007404        0x4 stm32l4xx_it.o
                0x08007404                ADC1_2_IRQHandler
 .text.TIM1_UP_TIM16_IRQHandler
                0x08007408        0xc stm32l4xx_it.o
                0x08007408                TIM1_UP_TIM16_IRQHandler
 .text.OTG_FS_IRQHandler
                0x08007414        0xc stm32l4xx_it.o
                0x08007414                OTG_FS_IRQHandler
 .text.HAL_MspInit
                0x08007420       0x30 stm32l4xx_hal_msp.o
                0x08007420                HAL_MspInit
 .text.HAL_InitTick
                0x08007450       0x94 stm32l4xx_hal_timebase_tim.o
                0x08007450                HAL_InitTick
 .text.LL_SetSystemCoreClock
                0x080074e4        0xc stm32l4xx_ll_utils.o
                0x080074e4                LL_SetSystemCoreClock
 .text.LL_GPIO_Init
                0x080074f0      0x1c4 stm32l4xx_ll_gpio.o
                0x080074f0                LL_GPIO_Init
 .text.HAL_PCD_Init
                0x080076b4      0x12c stm32l4xx_hal_pcd.o
                0x080076b4                HAL_PCD_Init
 .text.HAL_PCD_Start
                0x080077e0       0x38 stm32l4xx_hal_pcd.o
                0x080077e0                HAL_PCD_Start
 .text.HAL_PCD_IRQHandler
                0x08007818      0xa58 stm32l4xx_hal_pcd.o
                0x08007818                HAL_PCD_IRQHandler
 .text.HAL_PCD_SetAddress
                0x08008270       0x28 stm32l4xx_hal_pcd.o
                0x08008270                HAL_PCD_SetAddress
 .text.HAL_PCD_EP_Open
                0x08008298       0x7c stm32l4xx_hal_pcd.o
                0x08008298                HAL_PCD_EP_Open
 .text.HAL_PCD_EP_Close
                0x08008314       0x5c stm32l4xx_hal_pcd.o
                0x08008314                HAL_PCD_EP_Close
 .text.HAL_PCD_EP_Receive
                0x08008370       0x44 stm32l4xx_hal_pcd.o
                0x08008370                HAL_PCD_EP_Receive
 .text.HAL_PCD_EP_GetRxCount
                0x080083b4       0x14 stm32l4xx_hal_pcd.o
                0x080083b4                HAL_PCD_EP_GetRxCount
 .text.HAL_PCD_EP_Transmit
                0x080083c8       0x44 stm32l4xx_hal_pcd.o
                0x080083c8                HAL_PCD_EP_Transmit
 .text.HAL_PCD_EP_SetStall
                0x0800840c       0x84 stm32l4xx_hal_pcd.o
                0x0800840c                HAL_PCD_EP_SetStall
 .text.HAL_PCD_EP_ClrStall
                0x08008490       0x70 stm32l4xx_hal_pcd.o
                0x08008490                HAL_PCD_EP_ClrStall
 .text.HAL_PCDEx_SetTxFiFo
                0x08008500       0x4c stm32l4xx_hal_pcd_ex.o
                0x08008500                HAL_PCDEx_SetTxFiFo
 .text.HAL_PCDEx_SetRxFiFo
                0x0800854c        0x8 stm32l4xx_hal_pcd_ex.o
                0x0800854c                HAL_PCDEx_SetRxFiFo
 .text.HAL_PCDEx_ActivateLPM
                0x08008554       0x2c stm32l4xx_hal_pcd_ex.o
                0x08008554                HAL_PCDEx_ActivateLPM
 .text.USB_CoreInit
                0x08008580       0x90 stm32l4xx_ll_usb.o
                0x08008580                USB_CoreInit
 .text.USB_SetTurnaroundTime
                0x08008610       0xf4 stm32l4xx_ll_usb.o
                0x08008610                USB_SetTurnaroundTime
 .text.USB_EnableGlobalInt
                0x08008704       0x10 stm32l4xx_ll_usb.o
                0x08008704                USB_EnableGlobalInt
 .text.USB_DisableGlobalInt
                0x08008714       0x10 stm32l4xx_ll_usb.o
                0x08008714                USB_DisableGlobalInt
 .text.USB_SetCurrentMode
                0x08008724       0x70 stm32l4xx_ll_usb.o
                0x08008724                USB_SetCurrentMode
 .text.USB_DevInit
                0x08008794      0x200 stm32l4xx_ll_usb.o
                0x08008794                USB_DevInit
 .text.USB_FlushTxFifo
                0x08008994       0x54 stm32l4xx_ll_usb.o
                0x08008994                USB_FlushTxFifo
 .text.USB_GetDevSpeed
                0x080089e8       0x14 stm32l4xx_ll_usb.o
                0x080089e8                USB_GetDevSpeed
 .text.USB_ActivateEndpoint
                0x080089fc       0x98 stm32l4xx_ll_usb.o
                0x080089fc                USB_ActivateEndpoint
 .text.USB_DeactivateEndpoint
                0x08008a94       0xc4 stm32l4xx_ll_usb.o
                0x08008a94                USB_DeactivateEndpoint
 .text.USB_EPStartXfer
                0x08008b58      0x1c8 stm32l4xx_ll_usb.o
                0x08008b58                USB_EPStartXfer
 .text.USB_EP0StartXfer
                0x08008d20      0x120 stm32l4xx_ll_usb.o
                0x08008d20                USB_EP0StartXfer
 .text.USB_EPStopXfer
                0x08008e40       0x88 stm32l4xx_ll_usb.o
                0x08008e40                USB_EPStopXfer
 .text.USB_WritePacket
                0x08008ec8       0x20 stm32l4xx_ll_usb.o
                0x08008ec8                USB_WritePacket
 .text.USB_ReadPacket
                0x08008ee8       0x4c stm32l4xx_ll_usb.o
                0x08008ee8                USB_ReadPacket
 .text.USB_EPSetStall
                0x08008f34       0x5c stm32l4xx_ll_usb.o
                0x08008f34                USB_EPSetStall
 .text.USB_EPClearStall
                0x08008f90       0x58 stm32l4xx_ll_usb.o
                0x08008f90                USB_EPClearStall
 .text.USB_SetDevAddress
                0x08008fe8       0x20 stm32l4xx_ll_usb.o
                0x08008fe8                USB_SetDevAddress
 .text.USB_DevConnect
                0x08009008       0x20 stm32l4xx_ll_usb.o
                0x08009008                USB_DevConnect
 .text.USB_DevDisconnect
                0x08009028       0x20 stm32l4xx_ll_usb.o
                0x08009028                USB_DevDisconnect
 .text.USB_ReadInterrupts
                0x08009048        0x8 stm32l4xx_ll_usb.o
                0x08009048                USB_ReadInterrupts
 .text.USB_ReadDevAllOutEpInterrupt
                0x08009050       0x10 stm32l4xx_ll_usb.o
                0x08009050                USB_ReadDevAllOutEpInterrupt
 .text.USB_ReadDevAllInEpInterrupt
                0x08009060       0x10 stm32l4xx_ll_usb.o
                0x08009060                USB_ReadDevAllInEpInterrupt
 .text.USB_ReadDevOutEPInterrupt
                0x08009070       0x14 stm32l4xx_ll_usb.o
                0x08009070                USB_ReadDevOutEPInterrupt
 .text.USB_ReadDevInEPInterrupt
                0x08009084       0x20 stm32l4xx_ll_usb.o
                0x08009084                USB_ReadDevInEPInterrupt
 .text.USB_GetMode
                0x080090a4        0x8 stm32l4xx_ll_usb.o
                0x080090a4                USB_GetMode
 .text.USB_ActivateSetup
                0x080090ac       0x24 stm32l4xx_ll_usb.o
                0x080090ac                USB_ActivateSetup
 .text.USB_EP0_OutStart
                0x080090d0       0x40 stm32l4xx_ll_usb.o
                0x080090d0                USB_EP0_OutStart
 .text.HAL_Init
                0x08009110       0x20 stm32l4xx_hal.o
                0x08009110                HAL_Init
 .text.HAL_IncTick
                0x08009130       0x18 stm32l4xx_hal.o
                0x08009130                HAL_IncTick
 .text.HAL_GetTick
                0x08009148        0xc stm32l4xx_hal.o
                0x08009148                HAL_GetTick
 .text.HAL_RCC_GetHCLKFreq
                0x08009154        0xc stm32l4xx_hal_rcc.o
                0x08009154                HAL_RCC_GetHCLKFreq
 .text.HAL_RCC_GetPCLK2Freq
                0x08009160       0x24 stm32l4xx_hal_rcc.o
                0x08009160                HAL_RCC_GetPCLK2Freq
 .text.HAL_RCC_GetClockConfig
                0x08009184       0x44 stm32l4xx_hal_rcc.o
                0x08009184                HAL_RCC_GetClockConfig
 .text.HAL_GPIO_Init
                0x080091c8      0x204 stm32l4xx_hal_gpio.o
                0x080091c8                HAL_GPIO_Init
 .text.HAL_GPIO_ReadPin
                0x080093cc        0xc stm32l4xx_hal_gpio.o
                0x080093cc                HAL_GPIO_ReadPin
 .text.I2C_WaitOnTXISFlagUntilTimeout
                0x080093d8      0x1d0 stm32l4xx_hal_i2c.o
 .text.I2C_WaitOnSTOPFlagUntilTimeout
                0x080095a8      0x1cc stm32l4xx_hal_i2c.o
 .text.HAL_I2C_Init
                0x08009774       0xa8 stm32l4xx_hal_i2c.o
                0x08009774                HAL_I2C_Init
 .text.HAL_I2C_Mem_Write
                0x0800981c      0x260 stm32l4xx_hal_i2c.o
                0x0800981c                HAL_I2C_Mem_Write
 .text.HAL_I2C_Mem_Read
                0x08009a7c      0x264 stm32l4xx_hal_i2c.o
                0x08009a7c                HAL_I2C_Mem_Read
 .text.HAL_I2CEx_ConfigAnalogFilter
                0x08009ce0       0x54 stm32l4xx_hal_i2c_ex.o
                0x08009ce0                HAL_I2CEx_ConfigAnalogFilter
 .text.HAL_I2CEx_ConfigDigitalFilter
                0x08009d34       0x58 stm32l4xx_hal_i2c_ex.o
                0x08009d34                HAL_I2CEx_ConfigDigitalFilter
 .text.HAL_PWREx_EnableVddUSB
                0x08009d8c       0x10 stm32l4xx_hal_pwr_ex.o
                0x08009d8c                HAL_PWREx_EnableVddUSB
 .text.HAL_NVIC_SetPriorityGrouping
                0x08009d9c       0x24 stm32l4xx_hal_cortex.o
                0x08009d9c                HAL_NVIC_SetPriorityGrouping
 .text.HAL_NVIC_SetPriority
                0x08009dc0       0x7c stm32l4xx_hal_cortex.o
                0x08009dc0                HAL_NVIC_SetPriority
 .text.HAL_NVIC_EnableIRQ
                0x08009e3c       0x1c stm32l4xx_hal_cortex.o
                0x08009e3c                HAL_NVIC_EnableIRQ
 .text.HAL_NVIC_DisableIRQ
                0x08009e58       0x24 stm32l4xx_hal_cortex.o
                0x08009e58                HAL_NVIC_DisableIRQ
 .text.LL_ADC_CommonInit
                0x08009e7c       0x64 stm32l4xx_ll_adc.o
                0x08009e7c                LL_ADC_CommonInit
 .text.LL_ADC_Init
                0x08009ee0       0x34 stm32l4xx_ll_adc.o
                0x08009ee0                LL_ADC_Init
 .text.LL_ADC_REG_Init
                0x08009f14       0x44 stm32l4xx_ll_adc.o
                0x08009f14                LL_ADC_REG_Init
 .text.HAL_TIM_Base_Init
                0x08009f58      0x118 stm32l4xx_hal_tim.o
                0x08009f58                HAL_TIM_Base_Init
 .text.HAL_TIM_Base_Start_IT
                0x0800a070       0x7c stm32l4xx_hal_tim.o
                0x0800a070                HAL_TIM_Base_Start_IT
 .text.HAL_TIM_ConfigClockSource
                0x0800a0ec      0x160 stm32l4xx_hal_tim.o
                0x0800a0ec                HAL_TIM_ConfigClockSource
 .text.HAL_TIM_OC_DelayElapsedCallback
                0x0800a24c        0x4 stm32l4xx_hal_tim.o
                0x0800a24c                HAL_TIM_OC_DelayElapsedCallback
 .text.HAL_TIM_IC_CaptureCallback
                0x0800a250        0x4 stm32l4xx_hal_tim.o
                0x0800a250                HAL_TIM_IC_CaptureCallback
 .text.HAL_TIM_PWM_PulseFinishedCallback
                0x0800a254        0x4 stm32l4xx_hal_tim.o
                0x0800a254                HAL_TIM_PWM_PulseFinishedCallback
 .text.HAL_TIM_TriggerCallback
                0x0800a258        0x4 stm32l4xx_hal_tim.o
                0x0800a258                HAL_TIM_TriggerCallback
 .text.HAL_TIM_IRQHandler
                0x0800a25c      0x170 stm32l4xx_hal_tim.o
                0x0800a25c                HAL_TIM_IRQHandler
 .text.HAL_TIMEx_MasterConfigSynchronization
                0x0800a3cc       0x94 stm32l4xx_hal_tim_ex.o
                0x0800a3cc                HAL_TIMEx_MasterConfigSynchronization
 .text.HAL_TIMEx_CommutCallback
                0x0800a460        0x4 stm32l4xx_hal_tim_ex.o
                0x0800a460                HAL_TIMEx_CommutCallback
 .text.HAL_TIMEx_BreakCallback
                0x0800a464        0x4 stm32l4xx_hal_tim_ex.o
                0x0800a464                HAL_TIMEx_BreakCallback
 .text.HAL_TIMEx_Break2Callback
                0x0800a468        0x4 stm32l4xx_hal_tim_ex.o
                0x0800a468                HAL_TIMEx_Break2Callback
 .text.LL_TIM_Init
                0x0800a46c       0xb0 stm32l4xx_ll_tim.o
                0x0800a46c                LL_TIM_Init
 .text.LL_TIM_OC_Init
                0x0800a51c      0x330 stm32l4xx_ll_tim.o
                0x0800a51c                LL_TIM_OC_Init
 .text.LL_USART_Init
                0x0800a84c       0xe0 stm32l4xx_ll_usart.o
                0x0800a84c                LL_USART_Init
 .text.RCC_GetSystemClockFreq
                0x0800a92c      0x100 stm32l4xx_ll_rcc.o
 .text.LL_RCC_GetUSARTClockFreq
                0x0800aa2c      0x160 stm32l4xx_ll_rcc.o
                0x0800aa2c                LL_RCC_GetUSARTClockFreq
 .text.LL_RCC_GetUARTClockFreq
                0x0800ab8c       0xc4 stm32l4xx_ll_rcc.o
                0x0800ab8c                LL_RCC_GetUARTClockFreq
 .text.USBD_Init
                0x0800ac50       0x28 usbd_core.o
                0x0800ac50                USBD_Init
 .text.USBD_RegisterClass
                0x0800ac78       0x34 usbd_core.o
                0x0800ac78                USBD_RegisterClass
 .text.USBD_Start
                0x0800acac        0x4 usbd_core.o
                0x0800acac                USBD_Start
 .text.USBD_SetClassConfig
                0x0800acb0       0x10 usbd_core.o
                0x0800acb0                USBD_SetClassConfig
 .text.USBD_ClrClassConfig
                0x0800acc0       0x10 usbd_core.o
                0x0800acc0                USBD_ClrClassConfig
 .text.USBD_LL_SetupStage
                0x0800acd0       0x60 usbd_core.o
                0x0800acd0                USBD_LL_SetupStage
 .text.USBD_LL_DataOutStage
                0x0800ad30       0x68 usbd_core.o
                0x0800ad30                USBD_LL_DataOutStage
 .text.USBD_LL_DataInStage
                0x0800ad98       0xac usbd_core.o
                0x0800ad98                USBD_LL_DataInStage
 .text.USBD_LL_Reset
                0x0800ae44       0x58 usbd_core.o
                0x0800ae44                USBD_LL_Reset
 .text.USBD_LL_SetSpeed
                0x0800ae9c        0x8 usbd_core.o
                0x0800ae9c                USBD_LL_SetSpeed
 .text.USBD_LL_Suspend
                0x0800aea4       0x18 usbd_core.o
                0x0800aea4                USBD_LL_Suspend
 .text.USBD_LL_Resume
                0x0800aebc       0x18 usbd_core.o
                0x0800aebc                USBD_LL_Resume
 .text.USBD_LL_SOF
                0x0800aed4       0x28 usbd_core.o
                0x0800aed4                USBD_LL_SOF
 .text.USBD_LL_IsoINIncomplete
                0x0800aefc       0x28 usbd_core.o
                0x0800aefc                USBD_LL_IsoINIncomplete
 .text.USBD_LL_IsoOUTIncomplete
                0x0800af24       0x28 usbd_core.o
                0x0800af24                USBD_LL_IsoOUTIncomplete
 .text.USBD_LL_DevConnected
                0x0800af4c        0x4 usbd_core.o
                0x0800af4c                USBD_LL_DevConnected
 .text.USBD_LL_DevDisconnected
                0x0800af50       0x1c usbd_core.o
                0x0800af50                USBD_LL_DevDisconnected
 .text.USBD_StdDevReq
                0x0800af6c      0x34c usbd_ctlreq.o
                0x0800af6c                USBD_StdDevReq
 .text.USBD_StdItfReq
                0x0800b2b8       0x60 usbd_ctlreq.o
                0x0800b2b8                USBD_StdItfReq
 .text.USBD_StdEPReq
                0x0800b318      0x130 usbd_ctlreq.o
                0x0800b318                USBD_StdEPReq
 .text.USBD_ParseSetupRequest
                0x0800b448       0x18 usbd_ctlreq.o
                0x0800b448                USBD_ParseSetupRequest
 .text.USBD_CtlError
                0x0800b460       0x18 usbd_ctlreq.o
                0x0800b460                USBD_CtlError
 .text.USBD_GetString
                0x0800b478       0x54 usbd_ctlreq.o
                0x0800b478                USBD_GetString
 .text.USBD_CtlSendData
                0x0800b4cc       0x1c usbd_ioreq.o
                0x0800b4cc                USBD_CtlSendData
 .text.USBD_CtlContinueSendData
                0x0800b4e8       0x10 usbd_ioreq.o
                0x0800b4e8                USBD_CtlContinueSendData
 .text.USBD_CtlPrepareRx
                0x0800b4f8       0x1c usbd_ioreq.o
                0x0800b4f8                USBD_CtlPrepareRx
 .text.USBD_CtlContinueRx
                0x0800b514       0x10 usbd_ioreq.o
                0x0800b514                USBD_CtlContinueRx
 .text.USBD_CtlSendStatus
                0x0800b524       0x18 usbd_ioreq.o
                0x0800b524                USBD_CtlSendStatus
 .text.USBD_CtlReceiveStatus
                0x0800b53c       0x18 usbd_ioreq.o
                0x0800b53c                USBD_CtlReceiveStatus
 .text.USBD_CDC_EP0_RxReady
                0x0800b554       0x30 usbd_cdc.o
 .text.USBD_CDC_GetFSCfgDesc
                0x0800b584        0xc usbd_cdc.o
 .text.USBD_CDC_GetHSCfgDesc
                0x0800b590        0xc usbd_cdc.o
 .text.USBD_CDC_GetOtherSpeedCfgDesc
                0x0800b59c        0xc usbd_cdc.o
 .text.USBD_CDC_GetDeviceQualifierDescriptor
                0x0800b5a8        0xc usbd_cdc.o
                0x0800b5a8                USBD_CDC_GetDeviceQualifierDescriptor
 .text.USBD_CDC_DataOut
                0x0800b5b4       0x2c usbd_cdc.o
 .text.USBD_CDC_DataIn
                0x0800b5e0       0x68 usbd_cdc.o
 .text.USBD_CDC_Setup
                0x0800b648      0x10c usbd_cdc.o
 .text.USBD_CDC_DeInit
                0x0800b754       0x44 usbd_cdc.o
 .text.USBD_CDC_Init
                0x0800b798       0xc0 usbd_cdc.o
 .text.USBD_CDC_RegisterInterface
                0x0800b858       0x10 usbd_cdc.o
                0x0800b858                USBD_CDC_RegisterInterface
 .text.USBD_CDC_SetTxBuffer
                0x0800b868       0x18 usbd_cdc.o
                0x0800b868                USBD_CDC_SetTxBuffer
 .text.USBD_CDC_SetRxBuffer
                0x0800b880       0x14 usbd_cdc.o
                0x0800b880                USBD_CDC_SetRxBuffer
 .text.USBD_CDC_TransmitPacket
                0x0800b894       0x30 usbd_cdc.o
                0x0800b894                USBD_CDC_TransmitPacket
 .text.USBD_CDC_ReceivePacket
                0x0800b8c4       0x34 usbd_cdc.o
                0x0800b8c4                USBD_CDC_ReceivePacket
 .text.SystemInit
                0x0800b8f8       0x14 system_stm32l4xx.o
                0x0800b8f8                SystemInit
 .text.Reset_Handler
                0x0800b90c       0x50 startup_stm32l476vetx.o
                0x0800b90c                Reset_Handler
 .text.Default_Handler
                0x0800b95c        0x2 startup_stm32l476vetx.o
                0x0800b95c                RTC_Alarm_IRQHandler
                0x0800b95c                EXTI2_IRQHandler
                0x0800b95c                TIM8_TRG_COM_IRQHandler
                0x0800b95c                TIM8_CC_IRQHandler
                0x0800b95c                TIM1_CC_IRQHandler
                0x0800b95c                TSC_IRQHandler
                0x0800b95c                TAMP_STAMP_IRQHandler
                0x0800b95c                EXTI3_IRQHandler
                0x0800b95c                LPTIM2_IRQHandler
                0x0800b95c                DFSDM1_FLT1_IRQHandler
                0x0800b95c                I2C3_ER_IRQHandler
                0x0800b95c                DFSDM1_FLT2_IRQHandler
                0x0800b95c                EXTI0_IRQHandler
                0x0800b95c                I2C2_EV_IRQHandler
                0x0800b95c                CAN1_RX0_IRQHandler
                0x0800b95c                FPU_IRQHandler
                0x0800b95c                SPI1_IRQHandler
                0x0800b95c                TIM6_DAC_IRQHandler
                0x0800b95c                TIM8_UP_IRQHandler
                0x0800b95c                DMA2_Channel2_IRQHandler
                0x0800b95c                DMA1_Channel4_IRQHandler
                0x0800b95c                SAI2_IRQHandler
                0x0800b95c                DFSDM1_FLT3_IRQHandler
                0x0800b95c                USART3_IRQHandler
                0x0800b95c                CAN1_RX1_IRQHandler
                0x0800b95c                LCD_IRQHandler
                0x0800b95c                UART5_IRQHandler
                0x0800b95c                ADC3_IRQHandler
                0x0800b95c                TIM4_IRQHandler
                0x0800b95c                DMA2_Channel1_IRQHandler
                0x0800b95c                QUADSPI_IRQHandler
                0x0800b95c                I2C1_EV_IRQHandler
                0x0800b95c                UART4_IRQHandler
                0x0800b95c                DMA2_Channel4_IRQHandler
                0x0800b95c                TIM3_IRQHandler
                0x0800b95c                RCC_IRQHandler
                0x0800b95c                Default_Handler
                0x0800b95c                DMA2_Channel7_IRQHandler
                0x0800b95c                EXTI15_10_IRQHandler
                0x0800b95c                TIM7_IRQHandler
                0x0800b95c                SDMMC1_IRQHandler
                0x0800b95c                TIM5_IRQHandler
                0x0800b95c                I2C3_EV_IRQHandler
                0x0800b95c                EXTI9_5_IRQHandler
                0x0800b95c                RTC_WKUP_IRQHandler
                0x0800b95c                PVD_PVM_IRQHandler
                0x0800b95c                SPI2_IRQHandler
                0x0800b95c                CAN1_TX_IRQHandler
                0x0800b95c                DMA2_Channel5_IRQHandler
                0x0800b95c                DMA1_Channel5_IRQHandler
                0x0800b95c                EXTI4_IRQHandler
                0x0800b95c                RNG_IRQHandler
                0x0800b95c                TIM1_TRG_COM_TIM17_IRQHandler
                0x0800b95c                DMA1_Channel3_IRQHandler
                0x0800b95c                COMP_IRQHandler
                0x0800b95c                WWDG_IRQHandler
                0x0800b95c                LPUART1_IRQHandler
                0x0800b95c                DMA2_Channel6_IRQHandler
                0x0800b95c                TIM2_IRQHandler
                0x0800b95c                EXTI1_IRQHandler
                0x0800b95c                USART2_IRQHandler
                0x0800b95c                DFSDM1_FLT0_IRQHandler
                0x0800b95c                I2C2_ER_IRQHandler
                0x0800b95c                TIM8_BRK_IRQHandler
                0x0800b95c                CAN1_SCE_IRQHandler
                0x0800b95c                FLASH_IRQHandler
                0x0800b95c                USART1_IRQHandler
                0x0800b95c                SPI3_IRQHandler
                0x0800b95c                I2C1_ER_IRQHandler
                0x0800b95c                FMC_IRQHandler
                0x0800b95c                SWPMI1_IRQHandler
                0x0800b95c                LPTIM1_IRQHandler
                0x0800b95c                SAI1_IRQHandler
                0x0800b95c                DMA2_Channel3_IRQHandler
                0x0800b95c                TIM1_BRK_TIM15_IRQHandler
 *fill*         0x0800b95e        0x2 
 .text.taskTimeStart_MicroMouseTemplate
                0x0800b960        0x4 code_profiling_utility_functions.o
                0x0800b960                taskTimeStart_MicroMouseTemplate
 .text.taskTimeEnd_MicroMouseTemplate
                0x0800b964        0x8 code_profiling_utility_functions.o
                0x0800b964                taskTimeEnd_MicroMouseTemplate
 .text.fmod     0x0800b96c       0x6c c:/programdata/matlab/supportpackages/r2024a/3p.instrset/gnuarm-armcortex.instrset/win/bin/../lib/gcc/arm-none-eabi/11.3.1/thumb/v7e-m+fp/hard\libm.a(libm_a-w_fmod.o)
                0x0800b96c                fmod
 .text.floor    0x0800b9d8      0x118 c:/programdata/matlab/supportpackages/r2024a/3p.instrset/gnuarm-armcortex.instrset/win/bin/../lib/gcc/arm-none-eabi/11.3.1/thumb/v7e-m+fp/hard\libm.a(libm_a-s_floor.o)
                0x0800b9d8                floor
 .text.__ieee754_fmod
                0x0800baf0      0x27c c:/programdata/matlab/supportpackages/r2024a/3p.instrset/gnuarm-armcortex.instrset/win/bin/../lib/gcc/arm-none-eabi/11.3.1/thumb/v7e-m+fp/hard\libm.a(libm_a-e_fmod.o)
                0x0800baf0                __ieee754_fmod
 .text.memmove  0x0800bd6c       0x34 c:/programdata/matlab/supportpackages/r2024a/3p.instrset/gnuarm-armcortex.instrset/win/bin/../lib/gcc/arm-none-eabi/11.3.1/thumb/v7e-m+fp/hard\libc_nano.a(libc_a-memmove.o)
                0x0800bd6c                memmove
 .text.memset   0x0800bda0       0x10 c:/programdata/matlab/supportpackages/r2024a/3p.instrset/gnuarm-armcortex.instrset/win/bin/../lib/gcc/arm-none-eabi/11.3.1/thumb/v7e-m+fp/hard\libc_nano.a(libc_a-memset.o)
                0x0800bda0                memset
 .text.__errno  0x0800bdb0        0xc c:/programdata/matlab/supportpackages/r2024a/3p.instrset/gnuarm-armcortex.instrset/win/bin/../lib/gcc/arm-none-eabi/11.3.1/thumb/v7e-m+fp/hard\libc_nano.a(libc_a-errno.o)
                0x0800bdb0                __errno
 .text.__libc_init_array
                0x0800bdbc       0x48 c:/programdata/matlab/supportpackages/r2024a/3p.instrset/gnuarm-armcortex.instrset/win/bin/../lib/gcc/arm-none-eabi/11.3.1/thumb/v7e-m+fp/hard\libc_nano.a(libc_a-init.o)
                0x0800bdbc                __libc_init_array
 .text.memcpy   0x0800be04       0x1c c:/programdata/matlab/supportpackages/r2024a/3p.instrset/gnuarm-armcortex.instrset/win/bin/../lib/gcc/arm-none-eabi/11.3.1/thumb/v7e-m+fp/hard\libc_nano.a(libc_a-memcpy-stub.o)
                0x0800be04                memcpy
 *(.glue_7)
 .glue_7        0x0800be20        0x0 linker stubs
 *(.glue_7t)
 .glue_7t       0x0800be20        0x0 linker stubs
 *(.eh_frame)
 .eh_frame      0x0800be20        0x0 c:/programdata/matlab/supportpackages/r2024a/3p.instrset/gnuarm-armcortex.instrset/win/bin/../lib/gcc/arm-none-eabi/11.3.1/thumb/v7e-m+fp/hard/crtbegin.o
 *(.init)
 .init          0x0800be20        0x4 c:/programdata/matlab/supportpackages/r2024a/3p.instrset/gnuarm-armcortex.instrset/win/bin/../lib/gcc/arm-none-eabi/11.3.1/thumb/v7e-m+fp/hard/crti.o
                0x0800be20                _init
 .init          0x0800be24        0x8 c:/programdata/matlab/supportpackages/r2024a/3p.instrset/gnuarm-armcortex.instrset/win/bin/../lib/gcc/arm-none-eabi/11.3.1/thumb/v7e-m+fp/hard/crtn.o
 *(.fini)
 .fini          0x0800be2c        0x4 c:/programdata/matlab/supportpackages/r2024a/3p.instrset/gnuarm-armcortex.instrset/win/bin/../lib/gcc/arm-none-eabi/11.3.1/thumb/v7e-m+fp/hard/crti.o
                0x0800be2c                _fini
 .fini          0x0800be30        0x8 c:/programdata/matlab/supportpackages/r2024a/3p.instrset/gnuarm-armcortex.instrset/win/bin/../lib/gcc/arm-none-eabi/11.3.1/thumb/v7e-m+fp/hard/crtn.o
                0x0800be38                . = ALIGN (0x4)
                0x0800be38                _etext = .

.vfp11_veneer   0x0800be38        0x0
 .vfp11_veneer  0x0800be38        0x0 linker stubs

.v4_bx          0x0800be38        0x0
 .v4_bx         0x0800be38        0x0 linker stubs

.iplt           0x0800be38        0x0
 .iplt          0x0800be38        0x0 c:/programdata/matlab/supportpackages/r2024a/3p.instrset/gnuarm-armcortex.instrset/win/bin/../lib/gcc/arm-none-eabi/11.3.1/thumb/v7e-m+fp/hard/crtbegin.o

.rodata         0x0800be38       0xc8
                0x0800be38                . = ALIGN (0x4)
 *(.rodata)
 *(.rodata*)
 .rodata.CHANNEL_OFFSET_TAB
                0x0800be38        0x7 stm_adc_ll.o
 *fill*         0x0800be3f        0x1 
 .rodata.MicroMouseTemplate_M
                0x0800be40        0x4 MicroMouseTemplate.o
                0x0800be40                MicroMouseTemplate_M
 .rodata.b_a.0  0x0800be44        0x7 MicroMouseTemplate.o
 *fill*         0x0800be4b        0x1 
 .rodata.CustomWhile.str1.4
                0x0800be4c        0x9 CustomWhile.o
 *fill*         0x0800be55        0x3 
 .rodata.CSWTCH.22
                0x0800be58        0x4 usbd_conf.o
 .rodata.USBD_FS_ManufacturerStrDescriptor.str1.4
                0x0800be5c       0x13 usbd_desc.o
 *fill*         0x0800be6f        0x1 
 .rodata.USBD_FS_ProductStrDescriptor.str1.4
                0x0800be70       0x16 usbd_desc.o
 *fill*         0x0800be86        0x2 
 .rodata.USBD_FS_ConfigStrDescriptor.str1.4
                0x0800be88        0xb usbd_desc.o
 *fill*         0x0800be93        0x1 
 .rodata.USBD_FS_InterfaceStrDescriptor.str1.4
                0x0800be94        0xe usbd_desc.o
 *fill*         0x0800bea2        0x2 
 .rodata.AHBPrescTable
                0x0800bea4       0x10 system_stm32l4xx.o
                0x0800bea4                AHBPrescTable
 .rodata.APBPrescTable
                0x0800beb4        0x8 system_stm32l4xx.o
                0x0800beb4                APBPrescTable
 .rodata.MSIRangeTable
                0x0800bebc       0x30 system_stm32l4xx.o
                0x0800bebc                MSIRangeTable
 *fill*         0x0800beec        0x4 
 .rodata.Zero   0x0800bef0       0x10 c:/programdata/matlab/supportpackages/r2024a/3p.instrset/gnuarm-armcortex.instrset/win/bin/../lib/gcc/arm-none-eabi/11.3.1/thumb/v7e-m+fp/hard\libm.a(libm_a-e_fmod.o)
                0x0800bf00                . = ALIGN (0x4)

.rel.dyn        0x0800bf00        0x0
 .rel.iplt      0x0800bf00        0x0 c:/programdata/matlab/supportpackages/r2024a/3p.instrset/gnuarm-armcortex.instrset/win/bin/../lib/gcc/arm-none-eabi/11.3.1/thumb/v7e-m+fp/hard/crtbegin.o

.ARM.extab      0x0800bf00        0x0
                0x0800bf00                . = ALIGN (0x4)
 *(.ARM.extab* .gnu.linkonce.armextab.*)
                0x0800bf00                . = ALIGN (0x4)

.ARM            0x0800bf00        0x0
                0x0800bf00                . = ALIGN (0x4)
                0x0800bf00                __exidx_start = .
 *(.ARM.exidx*)
                0x0800bf00                __exidx_end = .
                0x0800bf00                . = ALIGN (0x4)

.preinit_array  0x0800bf00        0x0
                0x0800bf00                . = ALIGN (0x4)
                0x0800bf00                PROVIDE (__preinit_array_start = .)
 *(.preinit_array*)
                0x0800bf00                PROVIDE (__preinit_array_end = .)
                0x0800bf00                . = ALIGN (0x4)

.init_array     0x0800bf00        0x4
                0x0800bf00                . = ALIGN (0x4)
                0x0800bf00                PROVIDE (__init_array_start = .)
 *(SORT_BY_NAME(.init_array.*))
 *(.init_array*)
 .init_array    0x0800bf00        0x4 c:/programdata/matlab/supportpackages/r2024a/3p.instrset/gnuarm-armcortex.instrset/win/bin/../lib/gcc/arm-none-eabi/11.3.1/thumb/v7e-m+fp/hard/crtbegin.o
                0x0800bf04                PROVIDE (__init_array_end = .)
                0x0800bf04                . = ALIGN (0x4)

.fini_array     0x0800bf04        0x4
                0x0800bf04                . = ALIGN (0x4)
                [!provide]                PROVIDE (__fini_array_start = .)
 *(SORT_BY_NAME(.fini_array.*))
 *(.fini_array*)
 .fini_array    0x0800bf04        0x4 c:/programdata/matlab/supportpackages/r2024a/3p.instrset/gnuarm-armcortex.instrset/win/bin/../lib/gcc/arm-none-eabi/11.3.1/thumb/v7e-m+fp/hard/crtbegin.o
                [!provide]                PROVIDE (__fini_array_end = .)
                0x0800bf08                . = ALIGN (0x4)
                0x0800bf08                _sidata = LOADADDR (.data)

.data           0x20000000      0x2b8 load address 0x0800bf08
                0x20000000                . = ALIGN (0x4)
                0x20000000                _sdata = .
 *(.data)
 *(.data*)
 .data.MicroMouseTemplate_P
                0x20000000       0xd8 MicroMouseTemplate_data.o
                0x20000000                MicroMouseTemplate_P
 .data.FS_Desc  0x200000d8       0x20 usbd_desc.o
                0x200000d8                FS_Desc
 .data.USBD_FS_BOSDesc
                0x200000f8        0xc usbd_desc.o
                0x200000f8                USBD_FS_BOSDesc
 .data.USBD_FS_DeviceDesc
                0x20000104       0x12 usbd_desc.o
                0x20000104                USBD_FS_DeviceDesc
 *fill*         0x20000116        0x2 
 .data.USBD_LangIDDesc
                0x20000118        0x4 usbd_desc.o
                0x20000118                USBD_LangIDDesc
 .data.USBD_StringSerial
                0x2000011c       0x1a usbd_desc.o
                0x2000011c                USBD_StringSerial
 *fill*         0x20000136        0x2 
 .data.USBD_Interface_fops_FS
                0x20000138       0x14 usbd_cdc_if.o
                0x20000138                USBD_Interface_fops_FS
 .data.uwTickFreq
                0x2000014c        0x1 stm32l4xx_hal.o
                0x2000014c                uwTickFreq
 *fill*         0x2000014d        0x3 
 .data.uwTickPrio
                0x20000150        0x4 stm32l4xx_hal.o
                0x20000150                uwTickPrio
 .data.USBD_CDC
                0x20000154       0x38 usbd_cdc.o
                0x20000154                USBD_CDC
 .data.USBD_CDC_CfgFSDesc
                0x2000018c       0x43 usbd_cdc.o
 *fill*         0x200001cf        0x1 
 .data.USBD_CDC_CfgHSDesc
                0x200001d0       0x43 usbd_cdc.o
 *fill*         0x20000213        0x1 
 .data.USBD_CDC_DeviceQualifierDesc
                0x20000214        0xa usbd_cdc.o
 *fill*         0x2000021e        0x2 
 .data.USBD_CDC_OtherSpeedCfgDesc
                0x20000220       0x43 usbd_cdc.o
 *fill*         0x20000263        0x1 
 .data.SystemCoreClock
                0x20000264        0x4 system_stm32l4xx.o
                0x20000264                SystemCoreClock
 .data._impure_data
                0x20000268       0x4c c:/programdata/matlab/supportpackages/r2024a/3p.instrset/gnuarm-armcortex.instrset/win/bin/../lib/gcc/arm-none-eabi/11.3.1/thumb/v7e-m+fp/hard\libc_nano.a(libc_a-impure.o)
                0x20000268                _impure_data
 .data._impure_ptr
                0x200002b4        0x4 c:/programdata/matlab/supportpackages/r2024a/3p.instrset/gnuarm-armcortex.instrset/win/bin/../lib/gcc/arm-none-eabi/11.3.1/thumb/v7e-m+fp/hard\libc_nano.a(libc_a-impure.o)
                0x200002b4                _impure_ptr
 *(.RamFunc)
 *(.RamFunc*)
                0x200002b8                . = ALIGN (0x4)
                0x200002b8                _edata = .

.tm_clone_table
                0x200002b8        0x0 load address 0x0800c1c0
 .tm_clone_table
                0x200002b8        0x0 c:/programdata/matlab/supportpackages/r2024a/3p.instrset/gnuarm-armcortex.instrset/win/bin/../lib/gcc/arm-none-eabi/11.3.1/thumb/v7e-m+fp/hard/crtbegin.o
 .tm_clone_table
                0x200002b8        0x0 c:/programdata/matlab/supportpackages/r2024a/3p.instrset/gnuarm-armcortex.instrset/win/bin/../lib/gcc/arm-none-eabi/11.3.1/thumb/v7e-m+fp/hard/crtend.o

.igot.plt       0x200002b8        0x0 load address 0x0800c1c0
 .igot.plt      0x200002b8        0x0 c:/programdata/matlab/supportpackages/r2024a/3p.instrset/gnuarm-armcortex.instrset/win/bin/../lib/gcc/arm-none-eabi/11.3.1/thumb/v7e-m+fp/hard/crtbegin.o
                0x200002b8                . = ALIGN (0x4)

.bss            0x200002b8     0x638c load address 0x0800c1c0
                0x200002b8                _sbss = .
                0x200002b8                __bss_start__ = _sbss
 *(.bss)
 *(.bss*)
 .bss.completed.1
                0x200002b8        0x1 c:/programdata/matlab/supportpackages/r2024a/3p.instrset/gnuarm-armcortex.instrset/win/bin/../lib/gcc/arm-none-eabi/11.3.1/thumb/v7e-m+fp/hard/crtbegin.o
 *fill*         0x200002b9        0x3 
 .bss.object.0  0x200002bc       0x18 c:/programdata/matlab/supportpackages/r2024a/3p.instrset/gnuarm-armcortex.instrset/win/bin/../lib/gcc/arm-none-eabi/11.3.1/thumb/v7e-m+fp/hard/crtbegin.o
 .bss.mw_tim3   0x200002d4       0x8c stm_timer_ll.o
                0x200002d4                mw_tim3
 .bss.mw_adc2   0x20000360       0x1c stm_adc_ll.o
                0x20000360                mw_adc2
 .bss.ADC1s     0x2000037c       0x12 MicroMouseTemplate.o
                0x2000037c                ADC1s
 *fill*         0x2000038e        0x2 
 .bss.ADC_H     0x20000390       0x12 MicroMouseTemplate.o
                0x20000390                ADC_H
 *fill*         0x200003a2        0x2 
 .bss.ADC_L     0x200003a4       0x12 MicroMouseTemplate.o
                0x200003a4                ADC_L
 *fill*         0x200003b6        0x2 
 .bss.Detections
                0x200003b8        0x8 MicroMouseTemplate.o
                0x200003b8                Detections
 .bss.IMU_Accel
                0x200003c0        0xc MicroMouseTemplate.o
                0x200003c0                IMU_Accel
 .bss.IMU_Gyro  0x200003cc        0xc MicroMouseTemplate.o
                0x200003cc                IMU_Gyro
 .bss.MicroMouseTemplate_B
                0x200003d8     0x1950 MicroMouseTemplate.o
                0x200003d8                MicroMouseTemplate_B
 .bss.MicroMouseTemplate_DW
                0x20001d28     0x16d0 MicroMouseTemplate.o
                0x20001d28                MicroMouseTemplate_DW
 .bss.MicroMouseTemplate_M_
                0x200033f8        0x8 MicroMouseTemplate.o
 .bss.Thresholds
                0x20003400       0x10 MicroMouseTemplate.o
                0x20003400                Thresholds
 .bss.currTicksLS
                0x20003410        0x4 MicroMouseTemplate.o
                0x20003410                currTicksLS
 .bss.currTicksRS
                0x20003414        0x4 MicroMouseTemplate.o
                0x20003414                currTicksRS
 .bss.IsrOverrun
                0x20003418        0x4 ert_main.o
                0x20003418                IsrOverrun
 .bss._tmwrunningCoreID
                0x2000341c        0x4 ert_main.o
                0x2000341c                _tmwrunningCoreID
 .bss.isRateRunning
                0x20003420        0x2 ert_main.o
                0x20003420                isRateRunning
 *fill*         0x20003422        0x2 
 .bss.need2runFlags
                0x20003424        0x2 ert_main.o
                0x20003424                need2runFlags
 *fill*         0x20003426        0x2 
 .bss.profilingData
                0x20003428     0x12c0 ert_main.o
                0x20003428                profilingData
 .bss.profilingDataIdx
                0x200046e8        0x4 ert_main.o
                0x200046e8                profilingDataIdx
 .bss.runModel  0x200046ec        0x1 ert_main.o
                0x200046ec                runModel
 .bss.stopRequested
                0x200046ed        0x1 ert_main.o
                0x200046ed                stopRequested
 .bss.checkIMU  0x200046ee        0x1 IMU.o
                0x200046ee                checkIMU
 *fill*         0x200046ef        0x1 
 .bss.IR_LED_TIMER
                0x200046f0        0x4 CustomWhile.o
                0x200046f0                IR_LED_TIMER
 .bss.diag_IR_LEDs
                0x200046f4        0x8 CustomWhile.o
                0x200046f4                diag_IR_LEDs
 .bss.diag_MOT_L
                0x200046fc        0x4 CustomWhile.o
                0x200046fc                diag_MOT_L
 .bss.diag_MOT_R
                0x20004700        0x4 CustomWhile.o
                0x20004700                diag_MOT_R
 .bss.diag_ProLED
                0x20004704        0x3 CustomWhile.o
                0x20004704                diag_ProLED
 *fill*         0x20004707        0x1 
 .bss.diag_ProSW
                0x20004708        0x2 CustomWhile.o
                0x20004708                diag_ProSW
 *fill*         0x2000470a        0x2 
 .bss.schdl_counter
                0x2000470c        0x4 SysTickScheduler.o
                0x2000470c                schdl_counter
 .bss.schdl_counter_max
                0x20004710        0x4 SysTickScheduler.o
                0x20004710                schdl_counter_max
 .bss.taskToSchedule
                0x20004714        0x4 m3m4m4f_multitasking.o
                0x20004714                taskToSchedule
 .bss.hi2c2     0x20004718       0x54 i2c.o
                0x20004718                hi2c2
 .bss.htim4     0x2000476c       0x4c tim.o
                0x2000476c                htim4
 .bss.hUsbDeviceFS
                0x200047b8      0x2d0 usb_device.o
                0x200047b8                hUsbDeviceFS
 .bss.hpcd_USB_OTG_FS
                0x20004a88      0x50c usbd_conf.o
                0x20004a88                hpcd_USB_OTG_FS
 .bss.mem.0     0x20004f94      0x220 usbd_conf.o
 .bss.USBD_StrDesc
                0x200051b4      0x200 usbd_desc.o
                0x200051b4                USBD_StrDesc
 .bss.UserRxBufferFS
                0x200053b4      0x800 usbd_cdc_if.o
                0x200053b4                UserRxBufferFS
 .bss.UserTxBufferFS
                0x20005bb4      0x800 usbd_cdc_if.o
                0x20005bb4                UserTxBufferFS
 .bss.usb_rx_buffer
                0x200063b4      0x100 usbd_cdc_if.o
                0x200063b4                usb_rx_buffer
 .bss.usb_rx_index
                0x200064b4        0x1 usbd_cdc_if.o
                0x200064b4                usb_rx_index
 *fill*         0x200064b5        0x3 
 .bss.htim1     0x200064b8       0x4c stm32l4xx_hal_timebase_tim.o
                0x200064b8                htim1
 .bss.uwTick    0x20006504        0x4 stm32l4xx_hal.o
                0x20006504                uwTick
 .bss.cfgidx.0  0x20006508        0x1 usbd_ctlreq.o
 *fill*         0x20006509        0x3 
 .bss.__sf      0x2000650c      0x138 c:/programdata/matlab/supportpackages/r2024a/3p.instrset/gnuarm-armcortex.instrset/win/bin/../lib/gcc/arm-none-eabi/11.3.1/thumb/v7e-m+fp/hard\libc_nano.a(libc_a-findfp.o)
                0x2000650c                __sf
 *(COMMON)
                0x20006644                . = ALIGN (0x4)
                0x20006644                _ebss = .
                0x20006644                __bss_end__ = _ebss

._user_heap_stack
                0x20006644      0x604 load address 0x0800c1c0
                0x20006648                . = ALIGN (0x8)
 *fill*         0x20006644        0x4 
                [!provide]                PROVIDE (end = .)
                0x20006648                PROVIDE (_end = .)
                0x20006848                . = (. + _Min_Heap_Size)
 *fill*         0x20006648      0x200 
                0x20006c48                . = (. + _Min_Stack_Size)
 *fill*         0x20006848      0x400 
                0x20006c48                . = ALIGN (0x8)

/DISCARD/
 libc.a(*)
 libm.a(*)
 libgcc.a(*)

.ARM.attributes
                0x00000000       0x30
 *(.ARM.attributes)
 .ARM.attributes
                0x00000000       0x1e c:/programdata/matlab/supportpackages/r2024a/3p.instrset/gnuarm-armcortex.instrset/win/bin/../lib/gcc/arm-none-eabi/11.3.1/thumb/v7e-m+fp/hard/crti.o
 .ARM.attributes
                0x0000001e       0x34 c:/programdata/matlab/supportpackages/r2024a/3p.instrset/gnuarm-armcortex.instrset/win/bin/../lib/gcc/arm-none-eabi/11.3.1/thumb/v7e-m+fp/hard/crtbegin.o
 .ARM.attributes
                0x00000052       0x34 stm_timer_ll.o
 .ARM.attributes
                0x00000086       0x34 stm_adc_ll.o
 .ARM.attributes
                0x000000ba       0x34 MicroMouseTemplate.o
 .ARM.attributes
                0x000000ee       0x34 MicroMouseTemplate_data.o
 .ARM.attributes
                0x00000122       0x34 ert_main.o
 .ARM.attributes
                0x00000156       0x34 IMU.o
 .ARM.attributes
                0x0000018a       0x34 CustomWhile.o
 .ARM.attributes
                0x000001be       0x34 overrideHALDelay.o
 .ARM.attributes
                0x000001f2       0x34 platform_timer.o
 .ARM.attributes
                0x00000226       0x34 SysTickScheduler.o
 .ARM.attributes
                0x0000025a       0x34 m3m4m4f_multitasking.o
 .ARM.attributes
                0x0000028e       0x34 main.o
 .ARM.attributes
                0x000002c2       0x34 gpio.o
 .ARM.attributes
                0x000002f6       0x34 adc.o
 .ARM.attributes
                0x0000032a       0x34 dma.o
 .ARM.attributes
                0x0000035e       0x34 i2c.o
 .ARM.attributes
                0x00000392       0x34 tim.o
 .ARM.attributes
                0x000003c6       0x34 usart.o
 .ARM.attributes
                0x000003fa       0x34 usb_device.o
 .ARM.attributes
                0x0000042e       0x34 usbd_conf.o
 .ARM.attributes
                0x00000462       0x34 usbd_desc.o
 .ARM.attributes
                0x00000496       0x34 usbd_cdc_if.o
 .ARM.attributes
                0x000004ca       0x34 stm32l4xx_it.o
 .ARM.attributes
                0x000004fe       0x34 stm32l4xx_hal_msp.o
 .ARM.attributes
                0x00000532       0x34 stm32l4xx_hal_timebase_tim.o
 .ARM.attributes
                0x00000566       0x34 stm32l4xx_ll_utils.o
 .ARM.attributes
                0x0000059a       0x34 stm32l4xx_ll_gpio.o
 .ARM.attributes
                0x000005ce       0x34 stm32l4xx_hal_pcd.o
 .ARM.attributes
                0x00000602       0x34 stm32l4xx_hal_pcd_ex.o
 .ARM.attributes
                0x00000636       0x34 stm32l4xx_ll_usb.o
 .ARM.attributes
                0x0000066a       0x34 stm32l4xx_hal.o
 .ARM.attributes
                0x0000069e       0x34 stm32l4xx_hal_rcc.o
 .ARM.attributes
                0x000006d2       0x34 stm32l4xx_hal_gpio.o
 .ARM.attributes
                0x00000706       0x34 stm32l4xx_hal_i2c.o
 .ARM.attributes
                0x0000073a       0x34 stm32l4xx_hal_i2c_ex.o
 .ARM.attributes
                0x0000076e       0x34 stm32l4xx_hal_pwr_ex.o
 .ARM.attributes
                0x000007a2       0x34 stm32l4xx_hal_cortex.o
 .ARM.attributes
                0x000007d6       0x34 stm32l4xx_ll_adc.o
 .ARM.attributes
                0x0000080a       0x34 stm32l4xx_hal_tim.o
 .ARM.attributes
                0x0000083e       0x34 stm32l4xx_hal_tim_ex.o
 .ARM.attributes
                0x00000872       0x34 stm32l4xx_ll_tim.o
 .ARM.attributes
                0x000008a6       0x34 stm32l4xx_ll_usart.o
 .ARM.attributes
                0x000008da       0x34 stm32l4xx_ll_rcc.o
 .ARM.attributes
                0x0000090e       0x34 usbd_core.o
 .ARM.attributes
                0x00000942       0x34 usbd_ctlreq.o
 .ARM.attributes
                0x00000976       0x34 usbd_ioreq.o
 .ARM.attributes
                0x000009aa       0x34 usbd_cdc.o
 .ARM.attributes
                0x000009de       0x34 system_stm32l4xx.o
 .ARM.attributes
                0x00000a12       0x21 startup_stm32l476vetx.o
 .ARM.attributes
                0x00000a33       0x34 code_profiling_utility_functions.o
 .ARM.attributes
                0x00000a67       0x34 c:/programdata/matlab/supportpackages/r2024a/3p.instrset/gnuarm-armcortex.instrset/win/bin/../lib/gcc/arm-none-eabi/11.3.1/thumb/v7e-m+fp/hard\libm.a(libm_a-w_fmod.o)
 .ARM.attributes
                0x00000a9b       0x34 c:/programdata/matlab/supportpackages/r2024a/3p.instrset/gnuarm-armcortex.instrset/win/bin/../lib/gcc/arm-none-eabi/11.3.1/thumb/v7e-m+fp/hard\libm.a(libm_a-s_floor.o)
 .ARM.attributes
                0x00000acf       0x34 c:/programdata/matlab/supportpackages/r2024a/3p.instrset/gnuarm-armcortex.instrset/win/bin/../lib/gcc/arm-none-eabi/11.3.1/thumb/v7e-m+fp/hard\libm.a(libm_a-e_fmod.o)
 .ARM.attributes
                0x00000b03       0x1e c:/programdata/matlab/supportpackages/r2024a/3p.instrset/gnuarm-armcortex.instrset/win/bin/../lib/gcc/arm-none-eabi/11.3.1/thumb/v7e-m+fp/hard\libgcc.a(_arm_addsubdf3.o)
 .ARM.attributes
                0x00000b21       0x1e c:/programdata/matlab/supportpackages/r2024a/3p.instrset/gnuarm-armcortex.instrset/win/bin/../lib/gcc/arm-none-eabi/11.3.1/thumb/v7e-m+fp/hard\libgcc.a(_arm_muldivdf3.o)
 .ARM.attributes
                0x00000b3f       0x1e c:/programdata/matlab/supportpackages/r2024a/3p.instrset/gnuarm-armcortex.instrset/win/bin/../lib/gcc/arm-none-eabi/11.3.1/thumb/v7e-m+fp/hard\libgcc.a(_arm_cmpdf2.o)
 .ARM.attributes
                0x00000b5d       0x1e c:/programdata/matlab/supportpackages/r2024a/3p.instrset/gnuarm-armcortex.instrset/win/bin/../lib/gcc/arm-none-eabi/11.3.1/thumb/v7e-m+fp/hard\libgcc.a(_arm_unorddf2.o)
 .ARM.attributes
                0x00000b7b       0x1e c:/programdata/matlab/supportpackages/r2024a/3p.instrset/gnuarm-armcortex.instrset/win/bin/../lib/gcc/arm-none-eabi/11.3.1/thumb/v7e-m+fp/hard\libgcc.a(_arm_fixdfsi.o)
 .ARM.attributes
                0x00000b99       0x1e c:/programdata/matlab/supportpackages/r2024a/3p.instrset/gnuarm-armcortex.instrset/win/bin/../lib/gcc/arm-none-eabi/11.3.1/thumb/v7e-m+fp/hard\libgcc.a(_arm_fixunsdfsi.o)
 .ARM.attributes
                0x00000bb7       0x1e c:/programdata/matlab/supportpackages/r2024a/3p.instrset/gnuarm-armcortex.instrset/win/bin/../lib/gcc/arm-none-eabi/11.3.1/thumb/v7e-m+fp/hard\libgcc.a(_arm_truncdfsf2.o)
 .ARM.attributes
                0x00000bd5       0x34 c:/programdata/matlab/supportpackages/r2024a/3p.instrset/gnuarm-armcortex.instrset/win/bin/../lib/gcc/arm-none-eabi/11.3.1/thumb/v7e-m+fp/hard\libc_nano.a(libc_a-findfp.o)
 .ARM.attributes
                0x00000c09       0x34 c:/programdata/matlab/supportpackages/r2024a/3p.instrset/gnuarm-armcortex.instrset/win/bin/../lib/gcc/arm-none-eabi/11.3.1/thumb/v7e-m+fp/hard\libc_nano.a(libc_a-memmove.o)
 .ARM.attributes
                0x00000c3d       0x34 c:/programdata/matlab/supportpackages/r2024a/3p.instrset/gnuarm-armcortex.instrset/win/bin/../lib/gcc/arm-none-eabi/11.3.1/thumb/v7e-m+fp/hard\libc_nano.a(libc_a-memset.o)
 .ARM.attributes
                0x00000c71       0x34 c:/programdata/matlab/supportpackages/r2024a/3p.instrset/gnuarm-armcortex.instrset/win/bin/../lib/gcc/arm-none-eabi/11.3.1/thumb/v7e-m+fp/hard\libc_nano.a(libc_a-impure.o)
 .ARM.attributes
                0x00000ca5       0x34 c:/programdata/matlab/supportpackages/r2024a/3p.instrset/gnuarm-armcortex.instrset/win/bin/../lib/gcc/arm-none-eabi/11.3.1/thumb/v7e-m+fp/hard\libc_nano.a(libc_a-errno.o)
 .ARM.attributes
                0x00000cd9       0x34 c:/programdata/matlab/supportpackages/r2024a/3p.instrset/gnuarm-armcortex.instrset/win/bin/../lib/gcc/arm-none-eabi/11.3.1/thumb/v7e-m+fp/hard\libc_nano.a(libc_a-init.o)
 .ARM.attributes
                0x00000d0d       0x34 c:/programdata/matlab/supportpackages/r2024a/3p.instrset/gnuarm-armcortex.instrset/win/bin/../lib/gcc/arm-none-eabi/11.3.1/thumb/v7e-m+fp/hard\libc_nano.a(libc_a-memcpy-stub.o)
 .ARM.attributes
                0x00000d41       0x34 c:/programdata/matlab/supportpackages/r2024a/3p.instrset/gnuarm-armcortex.instrset/win/bin/../lib/gcc/arm-none-eabi/11.3.1/thumb/v7e-m+fp/hard/crtend.o
 .ARM.attributes
                0x00000d75       0x1e c:/programdata/matlab/supportpackages/r2024a/3p.instrset/gnuarm-armcortex.instrset/win/bin/../lib/gcc/arm-none-eabi/11.3.1/thumb/v7e-m+fp/hard/crtn.o
OUTPUT(../../MicroMouseTemplate.elf elf32-littlearm)
LOAD linker stubs
LOAD c:/programdata/matlab/supportpackages/r2024a/3p.instrset/gnuarm-armcortex.instrset/win/bin/../lib/gcc/arm-none-eabi/11.3.1/thumb/v7e-m+fp/hard\libc.a
LOAD c:/programdata/matlab/supportpackages/r2024a/3p.instrset/gnuarm-armcortex.instrset/win/bin/../lib/gcc/arm-none-eabi/11.3.1/thumb/v7e-m+fp/hard\libm.a
LOAD c:/programdata/matlab/supportpackages/r2024a/3p.instrset/gnuarm-armcortex.instrset/win/bin/../lib/gcc/arm-none-eabi/11.3.1/thumb/v7e-m+fp/hard\libgcc.a

.comment        0x00000000       0x33
 .comment       0x00000000       0x33 c:/programdata/matlab/supportpackages/r2024a/3p.instrset/gnuarm-armcortex.instrset/win/bin/../lib/gcc/arm-none-eabi/11.3.1/thumb/v7e-m+fp/hard/crtbegin.o
                                 0x34 (size before relaxing)
 .comment       0x00000033       0x34 stm_timer_ll.o
 .comment       0x00000033       0x34 stm_adc_ll.o
 .comment       0x00000033       0x34 MicroMouseTemplate.o
 .comment       0x00000033       0x34 MicroMouseTemplate_data.o
 .comment       0x00000033       0x34 ert_main.o
 .comment       0x00000033       0x34 IMU.o
 .comment       0x00000033       0x34 CustomWhile.o
 .comment       0x00000033       0x34 overrideHALDelay.o
 .comment       0x00000033       0x34 platform_timer.o
 .comment       0x00000033       0x34 SysTickScheduler.o
 .comment       0x00000033       0x34 m3m4m4f_multitasking.o
 .comment       0x00000033       0x34 main.o
 .comment       0x00000033       0x34 gpio.o
 .comment       0x00000033       0x34 adc.o
 .comment       0x00000033       0x34 dma.o
 .comment       0x00000033       0x34 i2c.o
 .comment       0x00000033       0x34 tim.o
 .comment       0x00000033       0x34 usart.o
 .comment       0x00000033       0x34 usb_device.o
 .comment       0x00000033       0x34 usbd_conf.o
 .comment       0x00000033       0x34 usbd_desc.o
 .comment       0x00000033       0x34 usbd_cdc_if.o
 .comment       0x00000033       0x34 stm32l4xx_it.o
 .comment       0x00000033       0x34 stm32l4xx_hal_msp.o
 .comment       0x00000033       0x34 stm32l4xx_hal_timebase_tim.o
 .comment       0x00000033       0x34 stm32l4xx_ll_utils.o
 .comment       0x00000033       0x34 stm32l4xx_ll_gpio.o
 .comment       0x00000033       0x34 stm32l4xx_hal_pcd.o
 .comment       0x00000033       0x34 stm32l4xx_hal_pcd_ex.o
 .comment       0x00000033       0x34 stm32l4xx_ll_usb.o
 .comment       0x00000033       0x34 stm32l4xx_hal.o
 .comment       0x00000033       0x34 stm32l4xx_hal_rcc.o
 .comment       0x00000033       0x34 stm32l4xx_hal_gpio.o
 .comment       0x00000033       0x34 stm32l4xx_hal_i2c.o
 .comment       0x00000033       0x34 stm32l4xx_hal_i2c_ex.o
 .comment       0x00000033       0x34 stm32l4xx_hal_pwr_ex.o
 .comment       0x00000033       0x34 stm32l4xx_hal_cortex.o
 .comment       0x00000033       0x34 stm32l4xx_ll_adc.o
 .comment       0x00000033       0x34 stm32l4xx_hal_tim.o
 .comment       0x00000033       0x34 stm32l4xx_hal_tim_ex.o
 .comment       0x00000033       0x34 stm32l4xx_ll_tim.o
 .comment       0x00000033       0x34 stm32l4xx_ll_usart.o
 .comment       0x00000033       0x34 stm32l4xx_ll_rcc.o
 .comment       0x00000033       0x34 usbd_core.o
 .comment       0x00000033       0x34 usbd_ctlreq.o
 .comment       0x00000033       0x34 usbd_ioreq.o
 .comment       0x00000033       0x34 usbd_cdc.o
 .comment       0x00000033       0x34 system_stm32l4xx.o
 .comment       0x00000033       0x34 code_profiling_utility_functions.o
 .comment       0x00000033       0x34 c:/programdata/matlab/supportpackages/r2024a/3p.instrset/gnuarm-armcortex.instrset/win/bin/../lib/gcc/arm-none-eabi/11.3.1/thumb/v7e-m+fp/hard\libm.a(libm_a-w_fmod.o)
 .comment       0x00000033       0x34 c:/programdata/matlab/supportpackages/r2024a/3p.instrset/gnuarm-armcortex.instrset/win/bin/../lib/gcc/arm-none-eabi/11.3.1/thumb/v7e-m+fp/hard\libm.a(libm_a-s_floor.o)
 .comment       0x00000033       0x34 c:/programdata/matlab/supportpackages/r2024a/3p.instrset/gnuarm-armcortex.instrset/win/bin/../lib/gcc/arm-none-eabi/11.3.1/thumb/v7e-m+fp/hard\libm.a(libm_a-e_fmod.o)
 .comment       0x00000033       0x34 c:/programdata/matlab/supportpackages/r2024a/3p.instrset/gnuarm-armcortex.instrset/win/bin/../lib/gcc/arm-none-eabi/11.3.1/thumb/v7e-m+fp/hard\libc_nano.a(libc_a-findfp.o)
 .comment       0x00000033       0x34 c:/programdata/matlab/supportpackages/r2024a/3p.instrset/gnuarm-armcortex.instrset/win/bin/../lib/gcc/arm-none-eabi/11.3.1/thumb/v7e-m+fp/hard\libc_nano.a(libc_a-memmove.o)
 .comment       0x00000033       0x34 c:/programdata/matlab/supportpackages/r2024a/3p.instrset/gnuarm-armcortex.instrset/win/bin/../lib/gcc/arm-none-eabi/11.3.1/thumb/v7e-m+fp/hard\libc_nano.a(libc_a-memset.o)
 .comment       0x00000033       0x34 c:/programdata/matlab/supportpackages/r2024a/3p.instrset/gnuarm-armcortex.instrset/win/bin/../lib/gcc/arm-none-eabi/11.3.1/thumb/v7e-m+fp/hard\libc_nano.a(libc_a-impure.o)
 .comment       0x00000033       0x34 c:/programdata/matlab/supportpackages/r2024a/3p.instrset/gnuarm-armcortex.instrset/win/bin/../lib/gcc/arm-none-eabi/11.3.1/thumb/v7e-m+fp/hard\libc_nano.a(libc_a-errno.o)
 .comment       0x00000033       0x34 c:/programdata/matlab/supportpackages/r2024a/3p.instrset/gnuarm-armcortex.instrset/win/bin/../lib/gcc/arm-none-eabi/11.3.1/thumb/v7e-m+fp/hard\libc_nano.a(libc_a-init.o)
 .comment       0x00000033       0x34 c:/programdata/matlab/supportpackages/r2024a/3p.instrset/gnuarm-armcortex.instrset/win/bin/../lib/gcc/arm-none-eabi/11.3.1/thumb/v7e-m+fp/hard\libc_nano.a(libc_a-memcpy-stub.o)
 .comment       0x00000033       0x34 c:/programdata/matlab/supportpackages/r2024a/3p.instrset/gnuarm-armcortex.instrset/win/bin/../lib/gcc/arm-none-eabi/11.3.1/thumb/v7e-m+fp/hard/crtend.o

.debug_info     0x00000000     0x28ed
 .debug_info    0x00000000      0x16c c:/programdata/matlab/supportpackages/r2024a/3p.instrset/gnuarm-armcortex.instrset/win/bin/../lib/gcc/arm-none-eabi/11.3.1/thumb/v7e-m+fp/hard\libm.a(libm_a-w_fmod.o)
 .debug_info    0x0000016c      0x216 c:/programdata/matlab/supportpackages/r2024a/3p.instrset/gnuarm-armcortex.instrset/win/bin/../lib/gcc/arm-none-eabi/11.3.1/thumb/v7e-m+fp/hard\libm.a(libm_a-s_floor.o)
 .debug_info    0x00000382      0x2b3 c:/programdata/matlab/supportpackages/r2024a/3p.instrset/gnuarm-armcortex.instrset/win/bin/../lib/gcc/arm-none-eabi/11.3.1/thumb/v7e-m+fp/hard\libm.a(libm_a-e_fmod.o)
 .debug_info    0x00000635       0x25 c:/programdata/matlab/supportpackages/r2024a/3p.instrset/gnuarm-armcortex.instrset/win/bin/../lib/gcc/arm-none-eabi/11.3.1/thumb/v7e-m+fp/hard\libgcc.a(_arm_addsubdf3.o)
 .debug_info    0x0000065a       0x25 c:/programdata/matlab/supportpackages/r2024a/3p.instrset/gnuarm-armcortex.instrset/win/bin/../lib/gcc/arm-none-eabi/11.3.1/thumb/v7e-m+fp/hard\libgcc.a(_arm_muldivdf3.o)
 .debug_info    0x0000067f       0x25 c:/programdata/matlab/supportpackages/r2024a/3p.instrset/gnuarm-armcortex.instrset/win/bin/../lib/gcc/arm-none-eabi/11.3.1/thumb/v7e-m+fp/hard\libgcc.a(_arm_cmpdf2.o)
 .debug_info    0x000006a4       0x24 c:/programdata/matlab/supportpackages/r2024a/3p.instrset/gnuarm-armcortex.instrset/win/bin/../lib/gcc/arm-none-eabi/11.3.1/thumb/v7e-m+fp/hard\libgcc.a(_arm_unorddf2.o)
 .debug_info    0x000006c8       0x24 c:/programdata/matlab/supportpackages/r2024a/3p.instrset/gnuarm-armcortex.instrset/win/bin/../lib/gcc/arm-none-eabi/11.3.1/thumb/v7e-m+fp/hard\libgcc.a(_arm_fixdfsi.o)
 .debug_info    0x000006ec       0x24 c:/programdata/matlab/supportpackages/r2024a/3p.instrset/gnuarm-armcortex.instrset/win/bin/../lib/gcc/arm-none-eabi/11.3.1/thumb/v7e-m+fp/hard\libgcc.a(_arm_fixunsdfsi.o)
 .debug_info    0x00000710       0x25 c:/programdata/matlab/supportpackages/r2024a/3p.instrset/gnuarm-armcortex.instrset/win/bin/../lib/gcc/arm-none-eabi/11.3.1/thumb/v7e-m+fp/hard\libgcc.a(_arm_truncdfsf2.o)
 .debug_info    0x00000735      0xf8f c:/programdata/matlab/supportpackages/r2024a/3p.instrset/gnuarm-armcortex.instrset/win/bin/../lib/gcc/arm-none-eabi/11.3.1/thumb/v7e-m+fp/hard\libc_nano.a(libc_a-findfp.o)
 .debug_info    0x000016c4      0x10f c:/programdata/matlab/supportpackages/r2024a/3p.instrset/gnuarm-armcortex.instrset/win/bin/../lib/gcc/arm-none-eabi/11.3.1/thumb/v7e-m+fp/hard\libc_nano.a(libc_a-memmove.o)
 .debug_info    0x000017d3       0xe0 c:/programdata/matlab/supportpackages/r2024a/3p.instrset/gnuarm-armcortex.instrset/win/bin/../lib/gcc/arm-none-eabi/11.3.1/thumb/v7e-m+fp/hard\libc_nano.a(libc_a-memset.o)
 .debug_info    0x000018b3      0x714 c:/programdata/matlab/supportpackages/r2024a/3p.instrset/gnuarm-armcortex.instrset/win/bin/../lib/gcc/arm-none-eabi/11.3.1/thumb/v7e-m+fp/hard\libc_nano.a(libc_a-impure.o)
 .debug_info    0x00001fc7      0x6fa c:/programdata/matlab/supportpackages/r2024a/3p.instrset/gnuarm-armcortex.instrset/win/bin/../lib/gcc/arm-none-eabi/11.3.1/thumb/v7e-m+fp/hard\libc_nano.a(libc_a-errno.o)
 .debug_info    0x000026c1      0x10b c:/programdata/matlab/supportpackages/r2024a/3p.instrset/gnuarm-armcortex.instrset/win/bin/../lib/gcc/arm-none-eabi/11.3.1/thumb/v7e-m+fp/hard\libc_nano.a(libc_a-init.o)
 .debug_info    0x000027cc      0x121 c:/programdata/matlab/supportpackages/r2024a/3p.instrset/gnuarm-armcortex.instrset/win/bin/../lib/gcc/arm-none-eabi/11.3.1/thumb/v7e-m+fp/hard\libc_nano.a(libc_a-memcpy-stub.o)

.debug_abbrev   0x00000000      0xd81
 .debug_abbrev  0x00000000       0xd7 c:/programdata/matlab/supportpackages/r2024a/3p.instrset/gnuarm-armcortex.instrset/win/bin/../lib/gcc/arm-none-eabi/11.3.1/thumb/v7e-m+fp/hard\libm.a(libm_a-w_fmod.o)
 .debug_abbrev  0x000000d7      0x12a c:/programdata/matlab/supportpackages/r2024a/3p.instrset/gnuarm-armcortex.instrset/win/bin/../lib/gcc/arm-none-eabi/11.3.1/thumb/v7e-m+fp/hard\libm.a(libm_a-s_floor.o)
 .debug_abbrev  0x00000201      0x16d c:/programdata/matlab/supportpackages/r2024a/3p.instrset/gnuarm-armcortex.instrset/win/bin/../lib/gcc/arm-none-eabi/11.3.1/thumb/v7e-m+fp/hard\libm.a(libm_a-e_fmod.o)
 .debug_abbrev  0x0000036e       0x14 c:/programdata/matlab/supportpackages/r2024a/3p.instrset/gnuarm-armcortex.instrset/win/bin/../lib/gcc/arm-none-eabi/11.3.1/thumb/v7e-m+fp/hard\libgcc.a(_arm_addsubdf3.o)
 .debug_abbrev  0x00000382       0x14 c:/programdata/matlab/supportpackages/r2024a/3p.instrset/gnuarm-armcortex.instrset/win/bin/../lib/gcc/arm-none-eabi/11.3.1/thumb/v7e-m+fp/hard\libgcc.a(_arm_muldivdf3.o)
 .debug_abbrev  0x00000396       0x14 c:/programdata/matlab/supportpackages/r2024a/3p.instrset/gnuarm-armcortex.instrset/win/bin/../lib/gcc/arm-none-eabi/11.3.1/thumb/v7e-m+fp/hard\libgcc.a(_arm_cmpdf2.o)
 .debug_abbrev  0x000003aa       0x14 c:/programdata/matlab/supportpackages/r2024a/3p.instrset/gnuarm-armcortex.instrset/win/bin/../lib/gcc/arm-none-eabi/11.3.1/thumb/v7e-m+fp/hard\libgcc.a(_arm_unorddf2.o)
 .debug_abbrev  0x000003be       0x14 c:/programdata/matlab/supportpackages/r2024a/3p.instrset/gnuarm-armcortex.instrset/win/bin/../lib/gcc/arm-none-eabi/11.3.1/thumb/v7e-m+fp/hard\libgcc.a(_arm_fixdfsi.o)
 .debug_abbrev  0x000003d2       0x14 c:/programdata/matlab/supportpackages/r2024a/3p.instrset/gnuarm-armcortex.instrset/win/bin/../lib/gcc/arm-none-eabi/11.3.1/thumb/v7e-m+fp/hard\libgcc.a(_arm_fixunsdfsi.o)
 .debug_abbrev  0x000003e6       0x14 c:/programdata/matlab/supportpackages/r2024a/3p.instrset/gnuarm-armcortex.instrset/win/bin/../lib/gcc/arm-none-eabi/11.3.1/thumb/v7e-m+fp/hard\libgcc.a(_arm_truncdfsf2.o)
 .debug_abbrev  0x000003fa      0x40c c:/programdata/matlab/supportpackages/r2024a/3p.instrset/gnuarm-armcortex.instrset/win/bin/../lib/gcc/arm-none-eabi/11.3.1/thumb/v7e-m+fp/hard\libc_nano.a(libc_a-findfp.o)
 .debug_abbrev  0x00000806       0xac c:/programdata/matlab/supportpackages/r2024a/3p.instrset/gnuarm-armcortex.instrset/win/bin/../lib/gcc/arm-none-eabi/11.3.1/thumb/v7e-m+fp/hard\libc_nano.a(libc_a-memmove.o)
 .debug_abbrev  0x000008b2       0x9e c:/programdata/matlab/supportpackages/r2024a/3p.instrset/gnuarm-armcortex.instrset/win/bin/../lib/gcc/arm-none-eabi/11.3.1/thumb/v7e-m+fp/hard\libc_nano.a(libc_a-memset.o)
 .debug_abbrev  0x00000950      0x149 c:/programdata/matlab/supportpackages/r2024a/3p.instrset/gnuarm-armcortex.instrset/win/bin/../lib/gcc/arm-none-eabi/11.3.1/thumb/v7e-m+fp/hard\libc_nano.a(libc_a-impure.o)
 .debug_abbrev  0x00000a99      0x15e c:/programdata/matlab/supportpackages/r2024a/3p.instrset/gnuarm-armcortex.instrset/win/bin/../lib/gcc/arm-none-eabi/11.3.1/thumb/v7e-m+fp/hard\libc_nano.a(libc_a-errno.o)
 .debug_abbrev  0x00000bf7       0xc9 c:/programdata/matlab/supportpackages/r2024a/3p.instrset/gnuarm-armcortex.instrset/win/bin/../lib/gcc/arm-none-eabi/11.3.1/thumb/v7e-m+fp/hard\libc_nano.a(libc_a-init.o)
 .debug_abbrev  0x00000cc0       0xc1 c:/programdata/matlab/supportpackages/r2024a/3p.instrset/gnuarm-armcortex.instrset/win/bin/../lib/gcc/arm-none-eabi/11.3.1/thumb/v7e-m+fp/hard\libc_nano.a(libc_a-memcpy-stub.o)

.debug_loclists
                0x00000000      0xbec
 .debug_loclists
                0x00000000       0x8a c:/programdata/matlab/supportpackages/r2024a/3p.instrset/gnuarm-armcortex.instrset/win/bin/../lib/gcc/arm-none-eabi/11.3.1/thumb/v7e-m+fp/hard\libm.a(libm_a-w_fmod.o)
 .debug_loclists
                0x0000008a      0x1b5 c:/programdata/matlab/supportpackages/r2024a/3p.instrset/gnuarm-armcortex.instrset/win/bin/../lib/gcc/arm-none-eabi/11.3.1/thumb/v7e-m+fp/hard\libm.a(libm_a-s_floor.o)
 .debug_loclists
                0x0000023f      0x52c c:/programdata/matlab/supportpackages/r2024a/3p.instrset/gnuarm-armcortex.instrset/win/bin/../lib/gcc/arm-none-eabi/11.3.1/thumb/v7e-m+fp/hard\libm.a(libm_a-e_fmod.o)
 .debug_loclists
                0x0000076b      0x237 c:/programdata/matlab/supportpackages/r2024a/3p.instrset/gnuarm-armcortex.instrset/win/bin/../lib/gcc/arm-none-eabi/11.3.1/thumb/v7e-m+fp/hard\libc_nano.a(libc_a-findfp.o)
 .debug_loclists
                0x000009a2      0x130 c:/programdata/matlab/supportpackages/r2024a/3p.instrset/gnuarm-armcortex.instrset/win/bin/../lib/gcc/arm-none-eabi/11.3.1/thumb/v7e-m+fp/hard\libc_nano.a(libc_a-memmove.o)
 .debug_loclists
                0x00000ad2       0x47 c:/programdata/matlab/supportpackages/r2024a/3p.instrset/gnuarm-armcortex.instrset/win/bin/../lib/gcc/arm-none-eabi/11.3.1/thumb/v7e-m+fp/hard\libc_nano.a(libc_a-memset.o)
 .debug_loclists
                0x00000b19       0x44 c:/programdata/matlab/supportpackages/r2024a/3p.instrset/gnuarm-armcortex.instrset/win/bin/../lib/gcc/arm-none-eabi/11.3.1/thumb/v7e-m+fp/hard\libc_nano.a(libc_a-init.o)
 .debug_loclists
                0x00000b5d       0x8f c:/programdata/matlab/supportpackages/r2024a/3p.instrset/gnuarm-armcortex.instrset/win/bin/../lib/gcc/arm-none-eabi/11.3.1/thumb/v7e-m+fp/hard\libc_nano.a(libc_a-memcpy-stub.o)

.debug_aranges  0x00000000      0x270
 .debug_aranges
                0x00000000       0x20 c:/programdata/matlab/supportpackages/r2024a/3p.instrset/gnuarm-armcortex.instrset/win/bin/../lib/gcc/arm-none-eabi/11.3.1/thumb/v7e-m+fp/hard\libm.a(libm_a-w_fmod.o)
 .debug_aranges
                0x00000020       0x20 c:/programdata/matlab/supportpackages/r2024a/3p.instrset/gnuarm-armcortex.instrset/win/bin/../lib/gcc/arm-none-eabi/11.3.1/thumb/v7e-m+fp/hard\libm.a(libm_a-s_floor.o)
 .debug_aranges
                0x00000040       0x20 c:/programdata/matlab/supportpackages/r2024a/3p.instrset/gnuarm-armcortex.instrset/win/bin/../lib/gcc/arm-none-eabi/11.3.1/thumb/v7e-m+fp/hard\libm.a(libm_a-e_fmod.o)
 .debug_aranges
                0x00000060       0x20 c:/programdata/matlab/supportpackages/r2024a/3p.instrset/gnuarm-armcortex.instrset/win/bin/../lib/gcc/arm-none-eabi/11.3.1/thumb/v7e-m+fp/hard\libgcc.a(_arm_addsubdf3.o)
 .debug_aranges
                0x00000080       0x20 c:/programdata/matlab/supportpackages/r2024a/3p.instrset/gnuarm-armcortex.instrset/win/bin/../lib/gcc/arm-none-eabi/11.3.1/thumb/v7e-m+fp/hard\libgcc.a(_arm_muldivdf3.o)
 .debug_aranges
                0x000000a0       0x20 c:/programdata/matlab/supportpackages/r2024a/3p.instrset/gnuarm-armcortex.instrset/win/bin/../lib/gcc/arm-none-eabi/11.3.1/thumb/v7e-m+fp/hard\libgcc.a(_arm_cmpdf2.o)
 .debug_aranges
                0x000000c0       0x20 c:/programdata/matlab/supportpackages/r2024a/3p.instrset/gnuarm-armcortex.instrset/win/bin/../lib/gcc/arm-none-eabi/11.3.1/thumb/v7e-m+fp/hard\libgcc.a(_arm_unorddf2.o)
 .debug_aranges
                0x000000e0       0x20 c:/programdata/matlab/supportpackages/r2024a/3p.instrset/gnuarm-armcortex.instrset/win/bin/../lib/gcc/arm-none-eabi/11.3.1/thumb/v7e-m+fp/hard\libgcc.a(_arm_fixdfsi.o)
 .debug_aranges
                0x00000100       0x20 c:/programdata/matlab/supportpackages/r2024a/3p.instrset/gnuarm-armcortex.instrset/win/bin/../lib/gcc/arm-none-eabi/11.3.1/thumb/v7e-m+fp/hard\libgcc.a(_arm_fixunsdfsi.o)
 .debug_aranges
                0x00000120       0x20 c:/programdata/matlab/supportpackages/r2024a/3p.instrset/gnuarm-armcortex.instrset/win/bin/../lib/gcc/arm-none-eabi/11.3.1/thumb/v7e-m+fp/hard\libgcc.a(_arm_truncdfsf2.o)
 .debug_aranges
                0x00000140       0x78 c:/programdata/matlab/supportpackages/r2024a/3p.instrset/gnuarm-armcortex.instrset/win/bin/../lib/gcc/arm-none-eabi/11.3.1/thumb/v7e-m+fp/hard\libc_nano.a(libc_a-findfp.o)
 .debug_aranges
                0x000001b8       0x20 c:/programdata/matlab/supportpackages/r2024a/3p.instrset/gnuarm-armcortex.instrset/win/bin/../lib/gcc/arm-none-eabi/11.3.1/thumb/v7e-m+fp/hard\libc_nano.a(libc_a-memmove.o)
 .debug_aranges
                0x000001d8       0x20 c:/programdata/matlab/supportpackages/r2024a/3p.instrset/gnuarm-armcortex.instrset/win/bin/../lib/gcc/arm-none-eabi/11.3.1/thumb/v7e-m+fp/hard\libc_nano.a(libc_a-memset.o)
 .debug_aranges
                0x000001f8       0x18 c:/programdata/matlab/supportpackages/r2024a/3p.instrset/gnuarm-armcortex.instrset/win/bin/../lib/gcc/arm-none-eabi/11.3.1/thumb/v7e-m+fp/hard\libc_nano.a(libc_a-impure.o)
 .debug_aranges
                0x00000210       0x20 c:/programdata/matlab/supportpackages/r2024a/3p.instrset/gnuarm-armcortex.instrset/win/bin/../lib/gcc/arm-none-eabi/11.3.1/thumb/v7e-m+fp/hard\libc_nano.a(libc_a-errno.o)
 .debug_aranges
                0x00000230       0x20 c:/programdata/matlab/supportpackages/r2024a/3p.instrset/gnuarm-armcortex.instrset/win/bin/../lib/gcc/arm-none-eabi/11.3.1/thumb/v7e-m+fp/hard\libc_nano.a(libc_a-init.o)
 .debug_aranges
                0x00000250       0x20 c:/programdata/matlab/supportpackages/r2024a/3p.instrset/gnuarm-armcortex.instrset/win/bin/../lib/gcc/arm-none-eabi/11.3.1/thumb/v7e-m+fp/hard\libc_nano.a(libc_a-memcpy-stub.o)

.debug_rnglists
                0x00000000      0x15a
 .debug_rnglists
                0x00000000       0x13 c:/programdata/matlab/supportpackages/r2024a/3p.instrset/gnuarm-armcortex.instrset/win/bin/../lib/gcc/arm-none-eabi/11.3.1/thumb/v7e-m+fp/hard\libm.a(libm_a-w_fmod.o)
 .debug_rnglists
                0x00000013       0x2f c:/programdata/matlab/supportpackages/r2024a/3p.instrset/gnuarm-armcortex.instrset/win/bin/../lib/gcc/arm-none-eabi/11.3.1/thumb/v7e-m+fp/hard\libm.a(libm_a-s_floor.o)
 .debug_rnglists
                0x00000042       0x3b c:/programdata/matlab/supportpackages/r2024a/3p.instrset/gnuarm-armcortex.instrset/win/bin/../lib/gcc/arm-none-eabi/11.3.1/thumb/v7e-m+fp/hard\libm.a(libm_a-e_fmod.o)
 .debug_rnglists
                0x0000007d       0x7e c:/programdata/matlab/supportpackages/r2024a/3p.instrset/gnuarm-armcortex.instrset/win/bin/../lib/gcc/arm-none-eabi/11.3.1/thumb/v7e-m+fp/hard\libc_nano.a(libc_a-findfp.o)
 .debug_rnglists
                0x000000fb       0x13 c:/programdata/matlab/supportpackages/r2024a/3p.instrset/gnuarm-armcortex.instrset/win/bin/../lib/gcc/arm-none-eabi/11.3.1/thumb/v7e-m+fp/hard\libc_nano.a(libc_a-memmove.o)
 .debug_rnglists