Archive member included to satisfy reference by file (symbol)

c:/users/jessejabezarendse/appdata/roaming/code/user/globalstorage/bmd.stm32-for-vscode/@xpack-dev-tools/arm-none-eabi-gcc/12.3.1-1.2.1/.content/bin/../lib/gcc/arm-none-eabi/12.3.1/../../../../arm-none-eabi/lib/thumb/v7e-m+fp/hard\libc_nano.a(libc_a-atexit.o)
                              c:/users/jessejabezarendse/appdata/roaming/code/user/globalstorage/bmd.stm32-for-vscode/@xpack-dev-tools/arm-none-eabi-gcc/12.3.1-1.2.1/.content/bin/../lib/gcc/arm-none-eabi/12.3.1/../../../../arm-none-eabi/lib/thumb/v7e-m+fp/hard/crt0.o (atexit)
c:/users/jessejabezarendse/appdata/roaming/code/user/globalstorage/bmd.stm32-for-vscode/@xpack-dev-tools/arm-none-eabi-gcc/12.3.1-1.2.1/.content/bin/../lib/gcc/arm-none-eabi/12.3.1/../../../../arm-none-eabi/lib/thumb/v7e-m+fp/hard\libc_nano.a(libc_a-exit.o)
                              c:/users/jessejabezarendse/appdata/roaming/code/user/globalstorage/bmd.stm32-for-vscode/@xpack-dev-tools/arm-none-eabi-gcc/12.3.1-1.2.1/.content/bin/../lib/gcc/arm-none-eabi/12.3.1/../../../../arm-none-eabi/lib/thumb/v7e-m+fp/hard/crt0.o (exit)
c:/users/jessejabezarendse/appdata/roaming/code/user/globalstorage/bmd.stm32-for-vscode/@xpack-dev-tools/arm-none-eabi-gcc/12.3.1-1.2.1/.content/bin/../lib/gcc/arm-none-eabi/12.3.1/../../../../arm-none-eabi/lib/thumb/v7e-m+fp/hard\libc_nano.a(libc_a-findfp.o)
                              c:/users/jessejabezarendse/appdata/roaming/code/user/globalstorage/bmd.stm32-for-vscode/@xpack-dev-tools/arm-none-eabi-gcc/12.3.1-1.2.1/.content/bin/../lib/gcc/arm-none-eabi/12.3.1/../../../../arm-none-eabi/lib/thumb/v7e-m+fp/hard\libc_nano.a(libc_a-exit.o) (__stdio_exit_handler)
c:/users/jessejabezarendse/appdata/roaming/code/user/globalstorage/bmd.stm32-for-vscode/@xpack-dev-tools/arm-none-eabi-gcc/12.3.1-1.2.1/.content/bin/../lib/gcc/arm-none-eabi/12.3.1/../../../../arm-none-eabi/lib/thumb/v7e-m+fp/hard\libc_nano.a(libc_a-fwalk.o)
                              c:/users/jessejabezarendse/appdata/roaming/code/user/globalstorage/bmd.stm32-for-vscode/@xpack-dev-tools/arm-none-eabi-gcc/12.3.1-1.2.1/.content/bin/../lib/gcc/arm-none-eabi/12.3.1/../../../../arm-none-eabi/lib/thumb/v7e-m+fp/hard\libc_nano.a(libc_a-findfp.o) (_fwalk_sglue)
c:/users/jessejabezarendse/appdata/roaming/code/user/globalstorage/bmd.stm32-for-vscode/@xpack-dev-tools/arm-none-eabi-gcc/12.3.1-1.2.1/.content/bin/../lib/gcc/arm-none-eabi/12.3.1/../../../../arm-none-eabi/lib/thumb/v7e-m+fp/hard\libc_nano.a(libc_a-stdio.o)
                              c:/users/jessejabezarendse/appdata/roaming/code/user/globalstorage/bmd.stm32-for-vscode/@xpack-dev-tools/arm-none-eabi-gcc/12.3.1-1.2.1/.content/bin/../lib/gcc/arm-none-eabi/12.3.1/../../../../arm-none-eabi/lib/thumb/v7e-m+fp/hard\libc_nano.a(libc_a-findfp.o) (__sread)
c:/users/jessejabezarendse/appdata/roaming/code/user/globalstorage/bmd.stm32-for-vscode/@xpack-dev-tools/arm-none-eabi-gcc/12.3.1-1.2.1/.content/bin/../lib/gcc/arm-none-eabi/12.3.1/../../../../arm-none-eabi/lib/thumb/v7e-m+fp/hard\libc_nano.a(libc_a-memset.o)
                              c:/users/jessejabezarendse/appdata/roaming/code/user/globalstorage/bmd.stm32-for-vscode/@xpack-dev-tools/arm-none-eabi-gcc/12.3.1-1.2.1/.content/bin/../lib/gcc/arm-none-eabi/12.3.1/../../../../arm-none-eabi/lib/thumb/v7e-m+fp/hard/crt0.o (memset)
c:/users/jessejabezarendse/appdata/roaming/code/user/globalstorage/bmd.stm32-for-vscode/@xpack-dev-tools/arm-none-eabi-gcc/12.3.1-1.2.1/.content/bin/../lib/gcc/arm-none-eabi/12.3.1/../../../../arm-none-eabi/lib/thumb/v7e-m+fp/hard\libc_nano.a(libc_a-closer.o)
                              c:/users/jessejabezarendse/appdata/roaming/code/user/globalstorage/bmd.stm32-for-vscode/@xpack-dev-tools/arm-none-eabi-gcc/12.3.1-1.2.1/.content/bin/../lib/gcc/arm-none-eabi/12.3.1/../../../../arm-none-eabi/lib/thumb/v7e-m+fp/hard\libc_nano.a(libc_a-stdio.o) (_close_r)
c:/users/jessejabezarendse/appdata/roaming/code/user/globalstorage/bmd.stm32-for-vscode/@xpack-dev-tools/arm-none-eabi-gcc/12.3.1-1.2.1/.content/bin/../lib/gcc/arm-none-eabi/12.3.1/../../../../arm-none-eabi/lib/thumb/v7e-m+fp/hard\libc_nano.a(libc_a-reent.o)
                              c:/users/jessejabezarendse/appdata/roaming/code/user/globalstorage/bmd.stm32-for-vscode/@xpack-dev-tools/arm-none-eabi-gcc/12.3.1-1.2.1/.content/bin/../lib/gcc/arm-none-eabi/12.3.1/../../../../arm-none-eabi/lib/thumb/v7e-m+fp/hard\libc_nano.a(libc_a-closer.o) (errno)
c:/users/jessejabezarendse/appdata/roaming/code/user/globalstorage/bmd.stm32-for-vscode/@xpack-dev-tools/arm-none-eabi-gcc/12.3.1-1.2.1/.content/bin/../lib/gcc/arm-none-eabi/12.3.1/../../../../arm-none-eabi/lib/thumb/v7e-m+fp/hard\libc_nano.a(libc_a-impure.o)
[...]
Memory Configuration

Name             Origin             Length             Attributes
RAM              0x20000000         0x00018000         xrw
RAM2             0x10000000         0x00008000         xrw
FLASH            0x08000000         0x00080000         xr
*default*        0x00000000         0xffffffff

Linker script and memory map

LOAD c:/users/jessejabezarendse/appdata/roaming/code/user/globalstorage/bmd.stm32-for-vscode/@xpack-dev-tools/arm-none-eabi-gcc/12.3.1-1.2.1/.content/bin/../lib/gcc/arm-none-eabi/12.3.1/thumb/v7e-m+fp/hard/crti.o
LOAD c:/users/jessejabezarendse/appdata/roaming/code/user/globalstorage/bmd.stm32-for-vscode/@xpack-dev-tools/arm-none-eabi-gcc/12.3.1-1.2.1/.content/bin/../lib/gcc/arm-none-eabi/12.3.1/thumb/v7e-m+fp/hard/crtbegin.o
LOAD c:/users/jessejabezarendse/appdata/roaming/code/user/globalstorage/bmd.stm32-for-vscode/@xpack-dev-tools/arm-none-eabi-gcc/12.3.1-1.2.1/.content/bin/../lib/gcc/arm-none-eabi/12.3.1/../../../../arm-none-eabi/lib/thumb/v7e-m+fp/hard/crt0.o
LOAD build/CustomWhile.o
LOAD build/IMU.o
LOAD build/Motors.o
LOAD build/main.o
LOAD build/stm32l4xx_hal_msp.o
LOAD build/stm32l4xx_hal_timebase_tim.o
LOAD build/stm32l4xx_it.o
LOAD build/syscalls.o
LOAD build/sysmem.o
LOAD build/system_stm32l4xx.o
LOAD build/stm32l4xx_hal.o
LOAD build/stm32l4xx_hal_cortex.o
LOAD build/stm32l4xx_hal_dma.o
LOAD build/stm32l4xx_hal_dma_ex.o
LOAD build/stm32l4xx_hal_exti.o
LOAD build/stm32l4xx_hal_flash.o
LOAD build/stm32l4xx_hal_flash_ex.o
LOAD build/stm32l4xx_hal_flash_ramfunc.o
LOAD build/stm32l4xx_hal_gpio.o
LOAD build/stm32l4xx_hal_i2c.o
LOAD build/stm32l4xx_hal_i2c_ex.o
LOAD build/stm32l4xx_hal_pcd.o
LOAD build/stm32l4xx_hal_pcd_ex.o
LOAD build/stm32l4xx_hal_pwr.o
LOAD build/stm32l4xx_hal_pwr_ex.o
LOAD build/stm32l4xx_hal_rcc.o
LOAD build/stm32l4xx_hal_rcc_ex.o
LOAD build/stm32l4xx_hal_tim.o
LOAD build/stm32l4xx_hal_tim_ex.o
LOAD build/stm32l4xx_ll_adc.o
LOAD build/stm32l4xx_ll_dma.o
LOAD build/stm32l4xx_ll_exti.o
LOAD build/stm32l4xx_ll_gpio.o
LOAD build/stm32l4xx_ll_usb.o
LOAD build/stm32l4xx_ll_utils.o
LOAD build/usbd_cdc.o
LOAD build/usbd_core.o
LOAD build/usbd_ctlreq.o
LOAD build/usbd_ioreq.o
LOAD build/usb_device.o
LOAD build/usbd_cdc_if.o
LOAD build/usbd_desc.o
LOAD build/usbd_conf.o
LOAD build/startup_stm32l476xx.o
LOAD c:/users/jessejabezarendse/appdata/roaming/code/user/globalstorage/bmd.stm32-for-vscode/@xpack-dev-tools/arm-none-eabi-gcc/12.3.1-1.2.1/.content/bin/../lib/gcc/arm-none-eabi/12.3.1/../../../../arm-none-eabi/lib/thumb/v7e-m+fp/hard\libc_nano.a
LOAD c:/users/jessejabezarendse/appdata/roaming/code/user/globalstorage/bmd.stm32-for-vscode/@xpack-dev-tools/arm-none-eabi-gcc/12.3.1-1.2.1/.content/bin/../lib/gcc/arm-none-eabi/12.3.1/../../../../arm-none-eabi/lib/thumb/v7e-m+fp/hard\libm.a
LOAD c:/users/jessejabezarendse/appdata/roaming/code/user/globalstorage/bmd.stm32-for-vscode/@xpack-dev-tools/arm-none-eabi-gcc/12.3.1-1.2.1/.content/bin/../lib/gcc/arm-none-eabi/12.3.1/../../../../arm-none-eabi/lib/thumb/v7e-m+fp/hard\libnosys.a
START GROUP
LOAD c:/users/jessejabezarendse/appdata/roaming/code/user/globalstorage/bmd.stm32-for-vscode/@xpack-dev-tools/arm-none-eabi-gcc/12.3.1-1.2.1/.content/bin/../lib/gcc/arm-none-eabi/12.3.1/thumb/v7e-m+fp/hard\libgcc.a
LOAD c:/users/jessejabezarendse/appdata/roaming/code/user/globalstorage/bmd.stm32-for-vscode/@xpack-dev-tools/arm-none-eabi-gcc/12.3.1-1.2.1/.content/bin/../lib/gcc/arm-none-eabi/12.3.1/../../../../arm-none-eabi/lib/thumb/v7e-m+fp/hard\libc_nano.a
END GROUP
START GROUP
LOAD c:/users/jessejabezarendse/appdata/roaming/code/user/globalstorage/bmd.stm32-for-vscode/@xpack-dev-tools/arm-none-eabi-gcc/12.3.1-1.2.1/.content/bin/../lib/gcc/arm-none-eabi/12.3.1/thumb/v7e-m+fp/hard\libgcc.a
LOAD c:/users/jessejabezarendse/appdata/roaming/code/user/globalstorage/bmd.stm32-for-vscode/@xpack-dev-tools/arm-none-eabi-gcc/12.3.1-1.2.1/.content/bin/../lib/gcc/arm-none-eabi/12.3.1/../../../../arm-none-eabi/lib/thumb/v7e-m+fp/hard\libc_nano.a
END GROUP
LOAD c:/users/jessejabezarendse/appdata/roaming/code/user/globalstorage/bmd.stm32-for-vscode/@xpack-dev-tools/arm-none-eabi-gcc/12.3.1-1.2.1/.content/bin/../lib/gcc/arm-none-eabi/12.3.1/thumb/v7e-m+fp/hard/crtend.o
LOAD c:/users/jessejabezarendse/appdata/roaming/code/user/globalstorage/bmd.stm32-for-vscode/@xpack-dev-tools/arm-none-eabi-gcc/12.3.1-1.2.1/.content/bin/../lib/gcc/arm-none-eabi/12.3.1/thumb/v7e-m+fp/hard/crtn.o
                0x20018000                        _estack = (ORIGIN (RAM) + LENGTH (RAM))
                0x00000200                        _Min_Heap_Size = 0x200
                0x00000400                        _Min_Stack_Size = 0x400

.isr_vector     0x08000000      0x188
                0x08000000                        . = ALIGN (0x8)
 *(.isr_vector)
 .isr_vector    0x08000000      0x188 build/startup_stm32l476xx.o
                0x08000000                g_pfnVectors
                0x08000188                        . = ALIGN (0x8)

.text           0x08000188     0x58e8
                0x08000188                        . = ALIGN (0x8)
 *(.text)
 *(.text*)
 .text.__do_global_dtors_aux
                0x08000188       0x24 c:/users/jessejabezarendse/appdata/roaming/code/user/globalstorage/bmd.stm32-for-vscode/@xpack-dev-tools/arm-none-eabi-gcc/12.3.1-1.2.1/.content/bin/../lib/gcc/arm-none-eabi/12.3.1/thumb/v7e-m+fp/hard/crtbegin.o
 .text.frame_dummy
                0x080001ac       0x1c c:/users/jessejabezarendse/appdata/roaming/code/user/globalstorage/bmd.stm32-for-vscode/@xpack-dev-tools/arm-none-eabi-gcc/12.3.1-1.2.1/.content/bin/../lib/gcc/arm-none-eabi/12.3.1/thumb/v7e-m+fp/hard/crtbegin.o
 .text.UnInterruptable
                0x080001c8       0x30 build/CustomWhile.o
                0x080001c8                UnInterruptable
 .text.CustomWhile
                0x080001f8      0x20c build/CustomWhile.o
                0x080001f8                CustomWhile
 .text.ReadMem  0x08000404       0x38 build/IMU.o
 .text.signNumber16
                0x0800043c        0x4 build/IMU.o
                0x0800043c                signNumber16
 .text.refreshIMUValues
                0x08000440       0xe4 build/IMU.o
                0x08000440                refreshIMUValues
 .text.initIMU  0x08000524       0x80 build/IMU.o
                0x08000524                initIMU
 .text.NVIC_EncodePriority
                0x080005a4       0x3e build/main.o
 *fill*         0x080005e2        0x2 
 .text.PeriphCommonClock_Config
                0x080005e4       0x48 build/main.o
                0x080005e4                PeriphCommonClock_Config
 .text.MX_ADC1_Init
                0x0800062c      0x32c build/main.o
                0x0800062c                MX_ADC1_Init
 .text.MX_ADC2_Init
                0x08000958      0x378 build/main.o
                0x08000958                MX_ADC2_Init
 .text.MX_DMA_Init
                0x08000cd0       0x64 build/main.o
                0x08000cd0                MX_DMA_Init
 .text.MX_GPIO_Init
                0x08000d34      0x1c4 build/main.o
                0x08000d34                MX_GPIO_Init
 .text.HAL_TIM_PeriodElapsedCallback
                0x08000ef8       0x18 build/main.o
                0x08000ef8                HAL_TIM_PeriodElapsedCallback
 .text.Error_Handler
                0x08000f10        0x4 build/main.o
                0x08000f10                Error_Handler
 .text.SystemClock_Config
                0x08000f14       0xe8 build/main.o
                0x08000f14                SystemClock_Config
 .text.MX_I2C2_Init
                0x08000ffc       0x54 build/main.o
                0x08000ffc                MX_I2C2_Init
 .text.MX_TIM3_Init
                0x08001050       0xd8 build/main.o
                0x08001050                MX_TIM3_Init
 .text.main     0x08001128       0x38 build/main.o
                0x08001128                main
 .text.HAL_MspInit
                0x08001160       0x30 build/stm32l4xx_hal_msp.o
                0x08001160                HAL_MspInit
 .text.HAL_I2C_MspInit
                0x08001190       0x7c build/stm32l4xx_hal_msp.o
                0x08001190                HAL_I2C_MspInit
 .text.HAL_TIM_Base_MspInit
                0x0800120c       0x60 build/stm32l4xx_hal_msp.o
                0x0800120c                HAL_TIM_Base_MspInit
 .text.HAL_TIM_MspPostInit
                0x0800126c       0x54 build/stm32l4xx_hal_msp.o
                0x0800126c                HAL_TIM_MspPostInit
 .text.HAL_InitTick
                0x080012c0       0x94 build/stm32l4xx_hal_timebase_tim.o
                0x080012c0                HAL_InitTick
 .text.NMI_Handler
                0x08001354        0x2 build/stm32l4xx_it.o
                0x08001354                NMI_Handler
 .text.HardFault_Handler
                0x08001356        0x2 build/stm32l4xx_it.o
                0x08001356                HardFault_Handler
 .text.MemManage_Handler
                0x08001358        0x2 build/stm32l4xx_it.o
                0x08001358                MemManage_Handler
 .text.BusFault_Handler
                0x0800135a        0x2 build/stm32l4xx_it.o
                0x0800135a                BusFault_Handler
 .text.UsageFault_Handler
                0x0800135c        0x2 build/stm32l4xx_it.o
                0x0800135c                UsageFault_Handler
 .text.DebugMon_Handler
                0x0800135e        0x2 build/stm32l4xx_it.o
                0x0800135e                DebugMon_Handler
 .text.DMA1_Channel1_IRQHandler
                0x08001360        0x2 build/stm32l4xx_it.o
                0x08001360                DMA1_Channel1_IRQHandler
 .text.DMA1_Channel2_IRQHandler
                0x08001362        0x2 build/stm32l4xx_it.o
                0x08001362                DMA1_Channel2_IRQHandler
 .text.ADC1_2_IRQHandler
                0x08001364        0x2 build/stm32l4xx_it.o
                0x08001364                ADC1_2_IRQHandler
 *fill*         0x08001366        0x2 
 .text.TIM1_UP_TIM16_IRQHandler
                0x08001368       0x10 build/stm32l4xx_it.o
                0x08001368                TIM1_UP_TIM16_IRQHandler
 .text.OTG_FS_IRQHandler
                0x08001378       0x10 build/stm32l4xx_it.o
                0x08001378                OTG_FS_IRQHandler
 .text.SystemInit
                0x08001388       0x14 build/system_stm32l4xx.o
                0x08001388                SystemInit
 .text.HAL_Init
                0x0800139c       0x1e build/stm32l4xx_hal.o
                0x0800139c                HAL_Init
 *fill*         0x080013ba        0x2 
 .text.HAL_IncTick
                0x080013bc       0x18 build/stm32l4xx_hal.o
                0x080013bc                HAL_IncTick
 .text.HAL_GetTick
                0x080013d4        0xc build/stm32l4xx_hal.o
                0x080013d4                HAL_GetTick
 .text.HAL_Delay
                0x080013e0       0x28 build/stm32l4xx_hal.o
                0x080013e0                HAL_Delay
 .text.__NVIC_EnableIRQ
                0x08001408       0x1c build/stm32l4xx_hal_cortex.o
 .text.__NVIC_DisableIRQ
                0x08001424       0x24 build/stm32l4xx_hal_cortex.o
 .text.__NVIC_SetPriority
                0x08001448       0x28 build/stm32l4xx_hal_cortex.o
 .text.NVIC_EncodePriority
                0x08001470       0x3e build/stm32l4xx_hal_cortex.o
 *fill*         0x080014ae        0x2 
 .text.HAL_NVIC_SetPriorityGrouping
                0x080014b0       0x24 build/stm32l4xx_hal_cortex.o
                0x080014b0                HAL_NVIC_SetPriorityGrouping
 .text.HAL_NVIC_SetPriority
                0x080014d4       0x20 build/stm32l4xx_hal_cortex.o
                0x080014d4                HAL_NVIC_SetPriority
 .text.HAL_NVIC_EnableIRQ
                0x080014f4        0x8 build/stm32l4xx_hal_cortex.o
                0x080014f4                HAL_NVIC_EnableIRQ
 .text.HAL_NVIC_DisableIRQ
                0x080014fc        0x8 build/stm32l4xx_hal_cortex.o
                0x080014fc                HAL_NVIC_DisableIRQ
 .text.HAL_GPIO_Init
                0x08001504      0x200 build/stm32l4xx_hal_gpio.o
                0x08001504                HAL_GPIO_Init
 .text.HAL_GPIO_ReadPin
                0x08001704        0xe build/stm32l4xx_hal_gpio.o
                0x08001704                HAL_GPIO_ReadPin
 .text.HAL_GPIO_TogglePin
                0x08001712       0x12 build/stm32l4xx_hal_gpio.o
                0x08001712                HAL_GPIO_TogglePin
 .text.I2C_Flush_TXDR
                0x08001724       0x22 build/stm32l4xx_hal_i2c.o
 .text.I2C_TransferConfig
                0x08001746       0x3c build/stm32l4xx_hal_i2c.o
 .text.I2C_IsErrorOccurred
                0x08001782      0x114 build/stm32l4xx_hal_i2c.o
 .text.I2C_WaitOnTXISFlagUntilTimeout
                0x08001896       0x60 build/stm32l4xx_hal_i2c.o
 .text.I2C_WaitOnFlagUntilTimeout
                0x080018f6       0x6a build/stm32l4xx_hal_i2c.o
 .text.I2C_RequestMemoryWrite
                0x08001960       0x7c build/stm32l4xx_hal_i2c.o
 .text.I2C_RequestMemoryRead
                0x080019dc       0x78 build/stm32l4xx_hal_i2c.o
 .text.I2C_WaitOnSTOPFlagUntilTimeout
                0x08001a54       0x5e build/stm32l4xx_hal_i2c.o
 .text.HAL_I2C_Init
                0x08001ab2       0xc8 build/stm32l4xx_hal_i2c.o
                0x08001ab2                HAL_I2C_Init
 .text.HAL_I2C_Mem_Write
                0x08001b7a      0x1a8 build/stm32l4xx_hal_i2c.o
                0x08001b7a                HAL_I2C_Mem_Write
 *fill*         0x08001d22        0x2 
 .text.HAL_I2C_Mem_Read
                0x08001d24      0x1b0 build/stm32l4xx_hal_i2c.o
                0x08001d24                HAL_I2C_Mem_Read
 .text.HAL_I2CEx_ConfigAnalogFilter
                0x08001ed4       0x5c build/stm32l4xx_hal_i2c_ex.o
                0x08001ed4                HAL_I2CEx_ConfigAnalogFilter
 .text.HAL_I2CEx_ConfigDigitalFilter
                0x08001f30       0x58 build/stm32l4xx_hal_i2c_ex.o
                0x08001f30                HAL_I2CEx_ConfigDigitalFilter
 .text.PCD_WriteEmptyTxFifo
                0x08001f88       0xca build/stm32l4xx_hal_pcd.o
 .text.HAL_PCD_Init
                0x08002052      0x13c build/stm32l4xx_hal_pcd.o
                0x08002052                HAL_PCD_Init
 .text.HAL_PCD_Start
                0x0800218e       0x3c build/stm32l4xx_hal_pcd.o
                0x0800218e                HAL_PCD_Start
 *fill*         0x080021ca        0x2 
 .text.PCD_EP_OutXfrComplete_int
                0x080021cc       0x44 build/stm32l4xx_hal_pcd.o
 .text.PCD_EP_OutSetupPacket_int
                0x08002210       0x30 build/stm32l4xx_hal_pcd.o
 .text.HAL_PCD_SetAddress
                0x08002240       0x28 build/stm32l4xx_hal_pcd.o
                0x08002240                HAL_PCD_SetAddress
 .text.HAL_PCD_EP_Open
                0x08002268       0x8a build/stm32l4xx_hal_pcd.o
                0x08002268                HAL_PCD_EP_Open
 .text.HAL_PCD_EP_Close
                0x080022f2       0x72 build/stm32l4xx_hal_pcd.o
                0x080022f2                HAL_PCD_EP_Close
 .text.HAL_PCD_EP_Receive
                0x08002364       0x3c build/stm32l4xx_hal_pcd.o
                0x08002364                HAL_PCD_EP_Receive
 .text.HAL_PCD_EP_GetRxCount
                0x080023a0       0x12 build/stm32l4xx_hal_pcd.o
                0x080023a0                HAL_PCD_EP_GetRxCount
 .text.HAL_PCD_EP_Transmit
                0x080023b2       0x3c build/stm32l4xx_hal_pcd.o
                0x080023b2                HAL_PCD_EP_Transmit
 .text.HAL_PCD_EP_SetStall
                0x080023ee       0x86 build/stm32l4xx_hal_pcd.o
                0x080023ee                HAL_PCD_EP_SetStall
 .text.HAL_PCD_EP_ClrStall
                0x08002474       0x76 build/stm32l4xx_hal_pcd.o
                0x08002474                HAL_PCD_EP_ClrStall
 .text.HAL_PCD_EP_Abort
                0x080024ea       0x34 build/stm32l4xx_hal_pcd.o
                0x080024ea                HAL_PCD_EP_Abort
 .text.HAL_PCD_IRQHandler
                0x0800251e      0x5d2 build/stm32l4xx_hal_pcd.o
                0x0800251e                HAL_PCD_IRQHandler
 .text.HAL_PCDEx_SetTxFiFo
                0x08002af0       0x4c build/stm32l4xx_hal_pcd_ex.o
                0x08002af0                HAL_PCDEx_SetTxFiFo
 .text.HAL_PCDEx_SetRxFiFo
                0x08002b3c        0x8 build/stm32l4xx_hal_pcd_ex.o
                0x08002b3c                HAL_PCDEx_SetRxFiFo
 .text.HAL_PCDEx_ActivateLPM
                0x08002b44       0x26 build/stm32l4xx_hal_pcd_ex.o
                0x08002b44                HAL_PCDEx_ActivateLPM
 *fill*         0x08002b6a        0x2 
 .text.HAL_PWREx_EnableVddUSB
                0x08002b6c       0x10 build/stm32l4xx_hal_pwr_ex.o
                0x08002b6c                HAL_PWREx_EnableVddUSB
 .text.HAL_RCC_GetHCLKFreq
                0x08002b7c        0xc build/stm32l4xx_hal_rcc.o
                0x08002b7c                HAL_RCC_GetHCLKFreq
 .text.HAL_RCC_GetPCLK2Freq
                0x08002b88       0x24 build/stm32l4xx_hal_rcc.o
                0x08002b88                HAL_RCC_GetPCLK2Freq
 .text.HAL_RCC_GetClockConfig
                0x08002bac       0x3c build/stm32l4xx_hal_rcc.o
                0x08002bac                HAL_RCC_GetClockConfig
 .text.TIM_OC1_SetConfig
                0x08002be8       0x9c build/stm32l4xx_hal_tim.o
 .text.TIM_OC3_SetConfig
                0x08002c84       0x8c build/stm32l4xx_hal_tim.o
 .text.TIM_OC4_SetConfig
                0x08002d10       0x6c build/stm32l4xx_hal_tim.o
 .text.TIM_OC5_SetConfig
                0x08002d7c       0x68 build/stm32l4xx_hal_tim.o
 .text.TIM_OC6_SetConfig
                0x08002de4       0x6c build/stm32l4xx_hal_tim.o
 .text.TIM_TI1_ConfigInputStage
                0x08002e50       0x26 build/stm32l4xx_hal_tim.o
 .text.TIM_TI2_ConfigInputStage
                0x08002e76       0x28 build/stm32l4xx_hal_tim.o
 .text.TIM_ITRx_SetConfig
                0x08002e9e       0x10 build/stm32l4xx_hal_tim.o
 *fill*         0x08002eae        0x2 
 .text.HAL_TIM_Base_Start_IT
                0x08002eb0       0x8c build/stm32l4xx_hal_tim.o
                0x08002eb0                HAL_TIM_Base_Start_IT
 .text.HAL_TIM_PWM_MspInit
                0x08002f3c        0x2 build/stm32l4xx_hal_tim.o
                0x08002f3c                HAL_TIM_PWM_MspInit
 .text.HAL_TIM_OC_DelayElapsedCallback
                0x08002f3e        0x2 build/stm32l4xx_hal_tim.o
                0x08002f3e                HAL_TIM_OC_DelayElapsedCallback
 .text.HAL_TIM_IC_CaptureCallback
                0x08002f40        0x2 build/stm32l4xx_hal_tim.o
                0x08002f40                HAL_TIM_IC_CaptureCallback
 .text.HAL_TIM_PWM_PulseFinishedCallback
                0x08002f42        0x2 build/stm32l4xx_hal_tim.o
                0x08002f42                HAL_TIM_PWM_PulseFinishedCallback
 .text.HAL_TIM_TriggerCallback
                0x08002f44        0x2 build/stm32l4xx_hal_tim.o
                0x08002f44                HAL_TIM_TriggerCallback
 .text.HAL_TIM_IRQHandler
                0x08002f46      0x17a build/stm32l4xx_hal_tim.o
                0x08002f46                HAL_TIM_IRQHandler
 .text.TIM_Base_SetConfig
                0x080030c0       0xc8 build/stm32l4xx_hal_tim.o
                0x080030c0                TIM_Base_SetConfig
 .text.HAL_TIM_Base_Init
                0x08003188       0x60 build/stm32l4xx_hal_tim.o
                0x08003188                HAL_TIM_Base_Init
 .text.HAL_TIM_PWM_Init
                0x080031e8       0x60 build/stm32l4xx_hal_tim.o
                0x080031e8                HAL_TIM_PWM_Init
 .text.TIM_OC2_SetConfig
                0x08003248       0x8c build/stm32l4xx_hal_tim.o
                0x08003248                TIM_OC2_SetConfig
 .text.HAL_TIM_PWM_ConfigChannel
                0x080032d4      0x13a build/stm32l4xx_hal_tim.o
                0x080032d4                HAL_TIM_PWM_ConfigChannel
 .text.TIM_ETR_SetConfig
                0x0800340e       0x1a build/stm32l4xx_hal_tim.o
                0x0800340e                TIM_ETR_SetConfig
 .text.HAL_TIM_ConfigClockSource
                0x08003428      0x100 build/stm32l4xx_hal_tim.o
                0x08003428                HAL_TIM_ConfigClockSource
 .text.HAL_TIMEx_MasterConfigSynchronization
                0x08003528       0x98 build/stm32l4xx_hal_tim_ex.o
                0x08003528                HAL_TIMEx_MasterConfigSynchronization
 .text.HAL_TIMEx_CommutCallback
                0x080035c0        0x2 build/stm32l4xx_hal_tim_ex.o
                0x080035c0                HAL_TIMEx_CommutCallback
 .text.HAL_TIMEx_BreakCallback
                0x080035c2        0x2 build/stm32l4xx_hal_tim_ex.o
                0x080035c2                HAL_TIMEx_BreakCallback
 .text.HAL_TIMEx_Break2Callback
                0x080035c4        0x2 build/stm32l4xx_hal_tim_ex.o
                0x080035c4                HAL_TIMEx_Break2Callback
 *fill*         0x080035c6        0x2 
 .text.LL_ADC_CommonInit
                0x080035c8       0x74 build/stm32l4xx_ll_adc.o
                0x080035c8                LL_ADC_CommonInit
 .text.LL_ADC_Init
                0x0800363c       0x2e build/stm32l4xx_ll_adc.o
                0x0800363c                LL_ADC_Init
 *fill*         0x0800366a        0x2 
 .text.LL_ADC_REG_Init
                0x0800366c       0x60 build/stm32l4xx_ll_adc.o
                0x0800366c                LL_ADC_REG_Init
 .text.LL_GPIO_SetPinMode
                0x080036cc       0x3c build/stm32l4xx_ll_gpio.o
 .text.LL_GPIO_SetPinSpeed
                0x08003708       0x3c build/stm32l4xx_ll_gpio.o
 .text.LL_GPIO_SetPinPull
                0x08003744       0x3c build/stm32l4xx_ll_gpio.o
 .text.LL_GPIO_SetAFPin_0_7
                0x08003780       0x3c build/stm32l4xx_ll_gpio.o
 .text.LL_GPIO_SetAFPin_8_15
                0x080037bc       0x3e build/stm32l4xx_ll_gpio.o
 .text.LL_GPIO_Init
                0x080037fa       0x88 build/stm32l4xx_ll_gpio.o
                0x080037fa                LL_GPIO_Init
 *fill*         0x08003882        0x2 
 .text.USB_CoreReset
                0x08003884       0x50 build/stm32l4xx_ll_usb.o
 .text.USB_CoreInit
                0x080038d4       0x38 build/stm32l4xx_ll_usb.o
                0x080038d4                USB_CoreInit
 .text.USB_SetTurnaroundTime
                0x0800390c       0xe4 build/stm32l4xx_ll_usb.o
                0x0800390c                USB_SetTurnaroundTime
 .text.USB_EnableGlobalInt
                0x080039f0        0xc build/stm32l4xx_ll_usb.o
                0x080039f0                USB_EnableGlobalInt
 .text.USB_DisableGlobalInt
                0x080039fc        0xc build/stm32l4xx_ll_usb.o
                0x080039fc                USB_DisableGlobalInt
 .text.USB_FlushTxFifo
                0x08003a08       0x50 build/stm32l4xx_ll_usb.o
                0x08003a08                USB_FlushTxFifo
 .text.USB_FlushRxFifo
                0x08003a58       0x4c build/stm32l4xx_ll_usb.o
                0x08003a58                USB_FlushRxFifo
 .text.USB_SetDevSpeed
                0x08003aa4        0xe build/stm32l4xx_ll_usb.o
                0x08003aa4                USB_SetDevSpeed
 *fill*         0x08003ab2        0x2 
 .text.USB_DevInit
                0x08003ab4      0x160 build/stm32l4xx_ll_usb.o
                0x08003ab4                USB_DevInit
 .text.USB_GetDevSpeed
                0x08003c14       0x1c build/stm32l4xx_ll_usb.o
                0x08003c14                USB_GetDevSpeed
 .text.USB_ActivateEndpoint
                0x08003c30       0x9a build/stm32l4xx_ll_usb.o
                0x08003c30                USB_ActivateEndpoint
 *fill*         0x08003cca        0x2 
 .text.USB_DeactivateEndpoint
                0x08003ccc       0xe0 build/stm32l4xx_ll_usb.o
                0x08003ccc                USB_DeactivateEndpoint
 .text.USB_EPStopXfer
                0x08003dac       0xbe build/stm32l4xx_ll_usb.o
                0x08003dac                USB_EPStopXfer
 .text.USB_WritePacket
                0x08003e6a       0x28 build/stm32l4xx_ll_usb.o
                0x08003e6a                USB_WritePacket
 *fill*         0x08003e92        0x2 
 .text.USB_EPStartXfer
                0x08003e94      0x1d4 build/stm32l4xx_ll_usb.o
                0x08003e94                USB_EPStartXfer
 .text.USB_ReadPacket
                0x08004068       0x46 build/stm32l4xx_ll_usb.o
                0x08004068                USB_ReadPacket
 .text.USB_EPSetStall
                0x080040ae       0x5a build/stm32l4xx_ll_usb.o
                0x080040ae                USB_EPSetStall
 .text.USB_EPClearStall
                0x08004108       0x5c build/stm32l4xx_ll_usb.o
                0x08004108                USB_EPClearStall
 .text.USB_SetDevAddress
                0x08004164       0x20 build/stm32l4xx_ll_usb.o
                0x08004164                USB_SetDevAddress
 .text.USB_DevConnect
                0x08004184       0x1c build/stm32l4xx_ll_usb.o
                0x08004184                USB_DevConnect
 .text.USB_DevDisconnect
                0x080041a0       0x1c build/stm32l4xx_ll_usb.o
                0x080041a0                USB_DevDisconnect
 .text.USB_ReadInterrupts
                0x080041bc        0x8 build/stm32l4xx_ll_usb.o
                0x080041bc                USB_ReadInterrupts
 .text.USB_ReadDevAllOutEpInterrupt
                0x080041c4       0x10 build/stm32l4xx_ll_usb.o
                0x080041c4                USB_ReadDevAllOutEpInterrupt
 .text.USB_ReadDevAllInEpInterrupt
                0x080041d4       0x10 build/stm32l4xx_ll_usb.o
                0x080041d4                USB_ReadDevAllInEpInterrupt
 .text.USB_ReadDevOutEPInterrupt
                0x080041e4       0x12 build/stm32l4xx_ll_usb.o
                0x080041e4                USB_ReadDevOutEPInterrupt
 .text.USB_ReadDevInEPInterrupt
                0x080041f6       0x24 build/stm32l4xx_ll_usb.o
                0x080041f6                USB_ReadDevInEPInterrupt
 .text.USB_GetMode
                0x0800421a        0x8 build/stm32l4xx_ll_usb.o
                0x0800421a                USB_GetMode
 .text.USB_SetCurrentMode
                0x08004222       0x62 build/stm32l4xx_ll_usb.o
                0x08004222                USB_SetCurrentMode
 .text.USB_ActivateSetup
                0x08004284       0x20 build/stm32l4xx_ll_usb.o
                0x08004284                USB_ActivateSetup
 .text.USB_EP0_OutStart
                0x080042a4       0x44 build/stm32l4xx_ll_usb.o
                0x080042a4                USB_EP0_OutStart
 .text.LL_SetSystemCoreClock
                0x080042e8        0xc build/stm32l4xx_ll_utils.o
                0x080042e8                LL_SetSystemCoreClock
 .text.USBD_CDC_EP0_RxReady
                0x080042f4       0x40 build/usbd_cdc.o
 .text.USBD_CDC_GetDeviceQualifierDescriptor
                0x08004334        0xc build/usbd_cdc.o
                0x08004334                USBD_CDC_GetDeviceQualifierDescriptor
 .text.USBD_CDC_GetOtherSpeedCfgDesc
                0x08004340       0x48 build/usbd_cdc.o
 .text.USBD_CDC_GetFSCfgDesc
                0x08004388       0x48 build/usbd_cdc.o
 .text.USBD_CDC_GetHSCfgDesc
                0x080043d0       0x48 build/usbd_cdc.o
 .text.USBD_CDC_DataOut
                0x08004418       0x38 build/usbd_cdc.o
 .text.USBD_CDC_DataIn
                0x08004450       0x7c build/usbd_cdc.o
 .text.USBD_CDC_Setup
                0x080044cc      0x11a build/usbd_cdc.o
 .text.USBD_CDC_DeInit
                0x080045e6       0x64 build/usbd_cdc.o
 .text.USBD_CDC_Init
                0x0800464a       0xee build/usbd_cdc.o
 .text.USBD_CDC_RegisterInterface
                0x08004738       0x16 build/usbd_cdc.o
                0x08004738                USBD_CDC_RegisterInterface
 .text.USBD_CDC_SetTxBuffer
                0x0800474e       0x1c build/usbd_cdc.o
                0x0800474e                USBD_CDC_SetTxBuffer
 .text.USBD_CDC_SetRxBuffer
                0x0800476a       0x18 build/usbd_cdc.o
                0x0800476a                USBD_CDC_SetRxBuffer
 .text.USBD_CDC_TransmitPacket
                0x08004782       0x36 build/usbd_cdc.o
                0x08004782                USBD_CDC_TransmitPacket
 .text.USBD_CDC_ReceivePacket
                0x080047b8       0x38 build/usbd_cdc.o
                0x080047b8                USBD_CDC_ReceivePacket
 .text.USBD_Init
                0x080047f0       0x2e build/usbd_core.o
                0x080047f0                USBD_Init
 .text.USBD_RegisterClass
                0x0800481e       0x34 build/usbd_core.o
                0x0800481e                USBD_RegisterClass
 .text.USBD_Start
                0x08004852        0x8 build/usbd_core.o
                0x08004852                USBD_Start
 .text.USBD_SetClassConfig
                0x0800485a       0x12 build/usbd_core.o
                0x0800485a                USBD_SetClassConfig
 .text.USBD_ClrClassConfig
                0x0800486c       0x12 build/usbd_core.o
                0x0800486c                USBD_ClrClassConfig
 .text.USBD_LL_SetupStage
                0x0800487e       0x58 build/usbd_core.o
                0x0800487e                USBD_LL_SetupStage
 .text.USBD_LL_Reset
                0x080048d6       0x64 build/usbd_core.o
                0x080048d6                USBD_LL_Reset
 .text.USBD_LL_SetSpeed
                0x0800493a        0x6 build/usbd_core.o
                0x0800493a                USBD_LL_SetSpeed
 .text.USBD_LL_Suspend
                0x08004940       0x1e build/usbd_core.o
                0x08004940                USBD_LL_Suspend
 .text.USBD_LL_Resume
                0x0800495e       0x1a build/usbd_core.o
                0x0800495e                USBD_LL_Resume
 .text.USBD_LL_SOF
                0x08004978       0x22 build/usbd_core.o
                0x08004978                USBD_LL_SOF
 .text.USBD_LL_IsoINIncomplete
                0x0800499a       0x2e build/usbd_core.o
                0x0800499a                USBD_LL_IsoINIncomplete
 .text.USBD_LL_IsoOUTIncomplete
                0x080049c8       0x2e build/usbd_core.o
                0x080049c8                USBD_LL_IsoOUTIncomplete
 .text.USBD_LL_DevConnected
                0x080049f6        0x4 build/usbd_core.o
                0x080049f6                USBD_LL_DevConnected
 .text.USBD_LL_DevDisconnected
                0x080049fa       0x20 build/usbd_core.o
                0x080049fa                USBD_LL_DevDisconnected
 .text.USBD_CoreFindIF
                0x08004a1a        0x4 build/usbd_core.o
                0x08004a1a                USBD_CoreFindIF
 .text.USBD_CoreFindEP
                0x08004a1e        0x4 build/usbd_core.o
                0x08004a1e                USBD_CoreFindEP
 .text.USBD_LL_DataOutStage
                0x08004a22       0xc6 build/usbd_core.o
                0x08004a22                USBD_LL_DataOutStage
 .text.USBD_LL_DataInStage
                0x08004ae8       0xd6 build/usbd_core.o
                0x08004ae8                USBD_LL_DataInStage
 .text.USBD_GetNextDesc
                0x08004bbe        0xe build/usbd_core.o
                0x08004bbe                USBD_GetNextDesc
 .text.USBD_GetEpDesc
                0x08004bcc       0x3e build/usbd_core.o
                0x08004bcc                USBD_GetEpDesc
 .text.USBD_GetLen
                0x08004c0a       0x14 build/usbd_ctlreq.o
 .text.USBD_ParseSetupRequest
                0x08004c1e       0x28 build/usbd_ctlreq.o
                0x08004c1e                USBD_ParseSetupRequest
 .text.USBD_CtlError
                0x08004c46       0x14 build/usbd_ctlreq.o
                0x08004c46                USBD_CtlError
 .text.USBD_GetDescriptor
                0x08004c5a      0x1ac build/usbd_ctlreq.o
 .text.USBD_SetAddress
                0x08004e06       0x50 build/usbd_ctlreq.o
 *fill*         0x08004e56        0x2 
 .text.USBD_SetConfig
                0x08004e58       0xcc build/usbd_ctlreq.o
 .text.USBD_GetConfig
                0x08004f24       0x40 build/usbd_ctlreq.o
 .text.USBD_GetStatus
                0x08004f64       0x38 build/usbd_ctlreq.o
 .text.USBD_SetFeature
                0x08004f9c       0x2a build/usbd_ctlreq.o
 .text.USBD_ClrFeature
                0x08004fc6       0x26 build/usbd_ctlreq.o
 .text.USBD_StdDevReq
                0x08004fec       0x76 build/usbd_ctlreq.o
                0x08004fec                USBD_StdDevReq
 .text.USBD_StdItfReq
                0x08005062       0x84 build/usbd_ctlreq.o
                0x08005062                USBD_StdItfReq
 .text.USBD_StdEPReq
                0x080050e6      0x230 build/usbd_ctlreq.o
                0x080050e6                USBD_StdEPReq
 .text.USBD_GetString
                0x08005316       0x3a build/usbd_ctlreq.o
                0x08005316                USBD_GetString
 .text.USBD_CtlSendData
                0x08005350       0x1a build/usbd_ioreq.o
                0x08005350                USBD_CtlSendData
 .text.USBD_CtlContinueSendData
                0x0800536a       0x10 build/usbd_ioreq.o
                0x0800536a                USBD_CtlContinueSendData
 .text.USBD_CtlPrepareRx
                0x0800537a       0x1e build/usbd_ioreq.o
                0x0800537a                USBD_CtlPrepareRx
 .text.USBD_CtlContinueRx
                0x08005398       0x10 build/usbd_ioreq.o
                0x08005398                USBD_CtlContinueRx
 .text.USBD_CtlSendStatus
                0x080053a8       0x16 build/usbd_ioreq.o
                0x080053a8                USBD_CtlSendStatus
 .text.USBD_CtlReceiveStatus
                0x080053be       0x16 build/usbd_ioreq.o
                0x080053be                USBD_CtlReceiveStatus
 .text.MX_USB_DEVICE_Init
                0x080053d4       0x54 build/usb_device.o
                0x080053d4                MX_USB_DEVICE_Init
 .text.CDC_DeInit_FS
                0x08005428        0x4 build/usbd_cdc_if.o
 .text.CDC_Control_FS
                0x0800542c        0x4 build/usbd_cdc_if.o
 .text.CDC_TransmitCplt_FS
                0x08005430        0x4 build/usbd_cdc_if.o
 .text.CDC_Receive_FS
                0x08005434       0x1c build/usbd_cdc_if.o
 .text.CDC_Init_FS
                0x08005450       0x28 build/usbd_cdc_if.o
 .text.CDC_Transmit_FS
                0x08005478       0x2c build/usbd_cdc_if.o
                0x08005478                CDC_Transmit_FS
 .text.USBD_FS_DeviceDescriptor
                0x080054a4        0xc build/usbd_desc.o
                0x080054a4                USBD_FS_DeviceDescriptor
 .text.USBD_FS_LangIDStrDescriptor
                0x080054b0        0xc build/usbd_desc.o
                0x080054b0                USBD_FS_LangIDStrDescriptor
 .text.USBD_FS_USR_BOSDescriptor
                0x080054bc        0xc build/usbd_desc.o
                0x080054bc                USBD_FS_USR_BOSDescriptor
 .text.IntToUnicode
                0x080054c8       0x46 build/usbd_desc.o
 *fill*         0x0800550e        0x2 
 .text.Get_SerialNum
                0x08005510       0x38 build/usbd_desc.o
 .text.USBD_FS_SerialStrDescriptor
                0x08005548       0x14 build/usbd_desc.o
                0x08005548                USBD_FS_SerialStrDescriptor
 .text.USBD_FS_ProductStrDescriptor
                0x0800555c       0x24 build/usbd_desc.o
                0x0800555c                USBD_FS_ProductStrDescriptor
 .text.USBD_FS_ManufacturerStrDescriptor
                0x08005580       0x1c build/usbd_desc.o
                0x08005580                USBD_FS_ManufacturerStrDescriptor
 .text.USBD_FS_ConfigStrDescriptor
                0x0800559c       0x24 build/usbd_desc.o
                0x0800559c                USBD_FS_ConfigStrDescriptor
 .text.USBD_FS_InterfaceStrDescriptor
                0x080055c0       0x24 build/usbd_desc.o
                0x080055c0                USBD_FS_InterfaceStrDescriptor
 .text.SystemClockConfig_Resume
                0x080055e4        0x8 build/usbd_conf.o
 .text.HAL_PCD_MspInit
                0x080055ec       0xb0 build/usbd_conf.o
                0x080055ec                HAL_PCD_MspInit
 .text.HAL_PCD_SetupStageCallback
                0x0800569c       0x10 build/usbd_conf.o
                0x0800569c                HAL_PCD_SetupStageCallback
 .text.HAL_PCD_DataOutStageCallback
                0x080056ac       0x18 build/usbd_conf.o
                0x080056ac                HAL_PCD_DataOutStageCallback
 .text.HAL_PCD_DataInStageCallback
                0x080056c4       0x16 build/usbd_conf.o
                0x080056c4                HAL_PCD_DataInStageCallback
 .text.HAL_PCD_SOFCallback
                0x080056da        0xc build/usbd_conf.o
                0x080056da                HAL_PCD_SOFCallback
 .text.HAL_PCD_ResetCallback
                0x080056e6       0x24 build/usbd_conf.o
                0x080056e6                HAL_PCD_ResetCallback
 *fill*         0x0800570a        0x2 
 .text.HAL_PCD_SuspendCallback
                0x0800570c       0x30 build/usbd_conf.o
                0x0800570c                HAL_PCD_SuspendCallback
 .text.HAL_PCD_ResumeCallback
                0x0800573c       0x34 build/usbd_conf.o
                0x0800573c                HAL_PCD_ResumeCallback
 .text.HAL_PCD_ISOOUTIncompleteCallback
                0x08005770        0xc build/usbd_conf.o
                0x08005770                HAL_PCD_ISOOUTIncompleteCallback
 .text.HAL_PCD_ISOINIncompleteCallback
                0x0800577c        0xc build/usbd_conf.o
                0x0800577c                HAL_PCD_ISOINIncompleteCallback
 .text.HAL_PCD_ConnectCallback
                0x08005788        0xc build/usbd_conf.o
                0x08005788                HAL_PCD_ConnectCallback
 .text.HAL_PCD_DisconnectCallback
                0x08005794        0xc build/usbd_conf.o
                0x08005794                HAL_PCD_DisconnectCallback
 .text.USBD_LL_Init
                0x080057a0       0x68 build/usbd_conf.o
                0x080057a0                USBD_LL_Init
 .text.USBD_LL_Start
                0x08005808       0x1e build/usbd_conf.o
                0x08005808                USBD_LL_Start
 .text.USBD_LL_OpenEP
                0x08005826       0x24 build/usbd_conf.o
                0x08005826                USBD_LL_OpenEP
 .text.USBD_LL_CloseEP
                0x0800584a       0x1e build/usbd_conf.o
                0x0800584a                USBD_LL_CloseEP
 .text.USBD_LL_StallEP
                0x08005868       0x1e build/usbd_conf.o
                0x08005868                USBD_LL_StallEP
 .text.USBD_LL_ClearStallEP
                0x08005886       0x1e build/usbd_conf.o
                0x08005886                USBD_LL_ClearStallEP
 .text.USBD_LL_IsStallEP
                0x080058a4       0x2e build/usbd_conf.o
                0x080058a4                USBD_LL_IsStallEP
 .text.USBD_LL_SetUSBAddress
                0x080058d2       0x1e build/usbd_conf.o
                0x080058d2                USBD_LL_SetUSBAddress
 .text.USBD_LL_Transmit
                0x080058f0       0x1e build/usbd_conf.o
                0x080058f0                USBD_LL_Transmit
 .text.USBD_LL_PrepareReceive
                0x0800590e       0x1e build/usbd_conf.o
                0x0800590e                USBD_LL_PrepareReceive
 .text.USBD_LL_GetRxDataSize
                0x0800592c        0xc build/usbd_conf.o
                0x0800592c                USBD_LL_GetRxDataSize
 .text.HAL_PCDEx_LPM_Callback
                0x08005938       0x64 build/usbd_conf.o
                0x08005938                HAL_PCDEx_LPM_Callback
 .text.USBD_static_malloc
                0x0800599c        0x8 build/usbd_conf.o
                0x0800599c                USBD_static_malloc
 .text.USBD_static_free
                0x080059a4        0x2 build/usbd_conf.o
                0x080059a4                USBD_static_free
 *fill*         0x080059a6        0x2 
 .text.Reset_Handler
                0x080059a8       0x50 build/startup_stm32l476xx.o
                0x080059a8                Reset_Handler
 .text.Default_Handler
                0x080059f8        0x2 build/startup_stm32l476xx.o
                0x080059f8                RTC_Alarm_IRQHandler
                0x080059f8                EXTI2_IRQHandler
                0x080059f8                TIM8_TRG_COM_IRQHandler
                0x080059f8                TIM8_CC_IRQHandler
                0x080059f8                TIM1_CC_IRQHandler
                0x080059f8                TSC_IRQHandler
                0x080059f8                SysTick_Handler
                0x080059f8                TAMP_STAMP_IRQHandler
                0x080059f8                PendSV_Handler
                0x080059f8                EXTI3_IRQHandler
                0x080059f8                LPTIM2_IRQHandler
                0x080059f8                DFSDM1_FLT1_IRQHandler
                0x080059f8                I2C3_ER_IRQHandler
                0x080059f8                DFSDM1_FLT2_IRQHandler
                0x080059f8                EXTI0_IRQHandler
                0x080059f8                I2C2_EV_IRQHandler
                0x080059f8                CAN1_RX0_IRQHandler
                0x080059f8                FPU_IRQHandler
                0x080059f8                SPI1_IRQHandler
                0x080059f8                TIM6_DAC_IRQHandler
                0x080059f8                TIM8_UP_IRQHandler
                0x080059f8                DMA2_Channel2_IRQHandler
                0x080059f8                DMA1_Channel4_IRQHandler
                0x080059f8                SAI2_IRQHandler
                0x080059f8                DFSDM1_FLT3_IRQHandler
                0x080059f8                USART3_IRQHandler
                0x080059f8                DMA1_Channel7_IRQHandler
                0x080059f8                CAN1_RX1_IRQHandler
                0x080059f8                LCD_IRQHandler
                0x080059f8                UART5_IRQHandler
                0x080059f8                ADC3_IRQHandler
                0x080059f8                TIM4_IRQHandler
                0x080059f8                DMA2_Channel1_IRQHandler
                0x080059f8                QUADSPI_IRQHandler
                0x080059f8                I2C1_EV_IRQHandler
                0x080059f8                DMA1_Channel6_IRQHandler
                0x080059f8                UART4_IRQHandler
                0x080059f8                DMA2_Channel4_IRQHandler
                0x080059f8                TIM3_IRQHandler
                0x080059f8                RCC_IRQHandler
                0x080059f8                Default_Handler
                0x080059f8                DMA2_Channel7_IRQHandler
                0x080059f8                EXTI15_10_IRQHandler
                0x080059f8                TIM7_IRQHandler
                0x080059f8                SDMMC1_IRQHandler
                0x080059f8                TIM5_IRQHandler
                0x080059f8                I2C3_EV_IRQHandler
                0x080059f8                EXTI9_5_IRQHandler
                0x080059f8                RTC_WKUP_IRQHandler
                0x080059f8                PVD_PVM_IRQHandler
                0x080059f8                SPI2_IRQHandler
                0x080059f8                CAN1_TX_IRQHandler
                0x080059f8                SVC_Handler
                0x080059f8                DMA2_Channel5_IRQHandler
                0x080059f8                DMA1_Channel5_IRQHandler
                0x080059f8                EXTI4_IRQHandler
                0x080059f8                RNG_IRQHandler
                0x080059f8                TIM1_TRG_COM_TIM17_IRQHandler
                0x080059f8                DMA1_Channel3_IRQHandler
                0x080059f8                COMP_IRQHandler
                0x080059f8                WWDG_IRQHandler
                0x080059f8                LPUART1_IRQHandler
                0x080059f8                DMA2_Channel6_IRQHandler
                0x080059f8                TIM2_IRQHandler
                0x080059f8                EXTI1_IRQHandler
                0x080059f8                USART2_IRQHandler
                0x080059f8                DFSDM1_FLT0_IRQHandler
                0x080059f8                I2C2_ER_IRQHandler
                0x080059f8                TIM8_BRK_IRQHandler
                0x080059f8                CAN1_SCE_IRQHandler
                0x080059f8                FLASH_IRQHandler
                0x080059f8                USART1_IRQHandler
                0x080059f8                SPI3_IRQHandler
                0x080059f8                I2C1_ER_IRQHandler
                0x080059f8                FMC_IRQHandler
                0x080059f8                SWPMI1_IRQHandler
                0x080059f8                LPTIM1_IRQHandler
                0x080059f8                SAI1_IRQHandler
                0x080059f8                DMA2_Channel3_IRQHandler
                0x080059f8                TIM1_BRK_TIM15_IRQHandler
 .text.memset   0x080059fa       0x10 c:/users/jessejabezarendse/appdata/roaming/code/user/globalstorage/bmd.stm32-for-vscode/@xpack-dev-tools/arm-none-eabi-gcc/12.3.1-1.2.1/.content/bin/../lib/gcc/arm-none-eabi/12.3.1/../../../../arm-none-eabi/lib/thumb/v7e-m+fp/hard\libc_nano.a(libc_a-memset.o)
                0x080059fa                memset
 *fill*         0x08005a0a        0x2 
 .text.__libc_init_array
                0x08005a0c       0x48 c:/users/jessejabezarendse/appdata/roaming/code/user/globalstorage/bmd.stm32-for-vscode/@xpack-dev-tools/arm-none-eabi-gcc/12.3.1-1.2.1/.content/bin/../lib/gcc/arm-none-eabi/12.3.1/../../../../arm-none-eabi/lib/thumb/v7e-m+fp/hard\libc_nano.a(libc_a-init.o)
                0x08005a0c                __libc_init_array
 *(.glue_7)
 .glue_7        0x08005a54        0x0 linker stubs
 *(.glue_7t)
 .glue_7t       0x08005a54        0x0 linker stubs
 *(.eh_frame)
 .eh_frame      0x08005a54        0x0 c:/users/jessejabezarendse/appdata/roaming/code/user/globalstorage/bmd.stm32-for-vscode/@xpack-dev-tools/arm-none-eabi-gcc/12.3.1-1.2.1/.content/bin/../lib/gcc/arm-none-eabi/12.3.1/thumb/v7e-m+fp/hard/crtbegin.o
 *(.init)
 .init          0x08005a54        0x4 c:/users/jessejabezarendse/appdata/roaming/code/user/globalstorage/bmd.stm32-for-vscode/@xpack-dev-tools/arm-none-eabi-gcc/12.3.1-1.2.1/.content/bin/../lib/gcc/arm-none-eabi/12.3.1/thumb/v7e-m+fp/hard/crti.o
                0x08005a54                _init
 .init          0x08005a58        0x8 c:/users/jessejabezarendse/appdata/roaming/code/user/globalstorage/bmd.stm32-for-vscode/@xpack-dev-tools/arm-none-eabi-gcc/12.3.1-1.2.1/.content/bin/../lib/gcc/arm-none-eabi/12.3.1/thumb/v7e-m+fp/hard/crtn.o
 *(.fini)
 .fini          0x08005a60        0x4 c:/users/jessejabezarendse/appdata/roaming/code/user/globalstorage/bmd.stm32-for-vscode/@xpack-dev-tools/arm-none-eabi-gcc/12.3.1-1.2.1/.content/bin/../lib/gcc/arm-none-eabi/12.3.1/thumb/v7e-m+fp/hard/crti.o
                0x08005a60                _fini
 .fini          0x08005a64        0x8 c:/users/jessejabezarendse/appdata/roaming/code/user/globalstorage/bmd.stm32-for-vscode/@xpack-dev-tools/arm-none-eabi-gcc/12.3.1-1.2.1/.content/bin/../lib/gcc/arm-none-eabi/12.3.1/thumb/v7e-m+fp/hard/crtn.o
                0x08005a70                        . = ALIGN (0x8)
 *fill*         0x08005a6c        0x4 
                0x08005a70                        _etext = .

.vfp11_veneer   0x08005a70        0x0
 .vfp11_veneer  0x08005a70        0x0 linker stubs

.v4_bx          0x08005a70        0x0
 .v4_bx         0x08005a70        0x0 linker stubs

.iplt           0x08005a70        0x0
 .iplt          0x08005a70        0x0 c:/users/jessejabezarendse/appdata/roaming/code/user/globalstorage/bmd.stm32-for-vscode/@xpack-dev-tools/arm-none-eabi-gcc/12.3.1-1.2.1/.content/bin/../lib/gcc/arm-none-eabi/12.3.1/thumb/v7e-m+fp/hard/crtbegin.o

.rodata         0x08005a70       0x60
                0x08005a70                        . = ALIGN (0x8)
 *(.rodata)
 *(.rodata*)
 .rodata.CustomWhile.str1.4
                0x08005a70        0x9 build/CustomWhile.o
 *fill*         0x08005a79        0x3 
 .rodata.APBPrescTable
                0x08005a7c        0x8 build/system_stm32l4xx.o
                0x08005a7c                APBPrescTable
 .rodata.USBD_FS_ProductStrDescriptor.str1.4
                0x08005a84       0x16 build/usbd_desc.o
 *fill*         0x08005a9a        0x2 
 .rodata.USBD_FS_ManufacturerStrDescriptor.str1.4
                0x08005a9c       0x13 build/usbd_desc.o
 *fill*         0x08005aaf        0x1 
 .rodata.USBD_FS_ConfigStrDescriptor.str1.4
                0x08005ab0        0xb build/usbd_desc.o
 *fill*         0x08005abb        0x1 
 .rodata.USBD_FS_InterfaceStrDescriptor.str1.4
                0x08005abc        0xe build/usbd_desc.o
                0x08005ad0                        . = ALIGN (0x8)
 *fill*         0x08005aca        0x6 

.rel.dyn        0x08005ad0        0x0
 .rel.iplt      0x08005ad0        0x0 c:/users/jessejabezarendse/appdata/roaming/code/user/globalstorage/bmd.stm32-for-vscode/@xpack-dev-tools/arm-none-eabi-gcc/12.3.1-1.2.1/.content/bin/../lib/gcc/arm-none-eabi/12.3.1/thumb/v7e-m+fp/hard/crtbegin.o

.ARM.extab      0x08005ad0        0x0
                0x08005ad0                        . = ALIGN (0x8)
 *(.ARM.extab* .gnu.linkonce.armextab.*)
                0x08005ad0                        . = ALIGN (0x8)

.ARM            0x08005ad0        0x0
                0x08005ad0                        . = ALIGN (0x8)
                0x08005ad0                        __exidx_start = .
 *(.ARM.exidx*)
                0x08005ad0                        __exidx_end = .
                0x08005ad0                        . = ALIGN (0x8)

.preinit_array  0x08005ad0        0x0
                0x08005ad0                        . = ALIGN (0x8)
                0x08005ad0                        PROVIDE (__preinit_array_start = .)
 *(.preinit_array*)
                0x08005ad0                        PROVIDE (__preinit_array_end = .)
                0x08005ad0                        . = ALIGN (0x8)

.init_array     0x08005ad0        0x8
                0x08005ad0                        . = ALIGN (0x8)
                0x08005ad0                        PROVIDE (__init_array_start = .)
 *(SORT_BY_NAME(.init_array.*))
 *(.init_array*)
 .init_array    0x08005ad0        0x4 c:/users/jessejabezarendse/appdata/roaming/code/user/globalstorage/bmd.stm32-for-vscode/@xpack-dev-tools/arm-none-eabi-gcc/12.3.1-1.2.1/.content/bin/../lib/gcc/arm-none-eabi/12.3.1/thumb/v7e-m+fp/hard/crtbegin.o
                0x08005ad4                        PROVIDE (__init_array_end = .)
                0x08005ad8                        . = ALIGN (0x8)
 *fill*         0x08005ad4        0x4 

.fini_array     0x08005ad8        0x8
                0x08005ad8                        . = ALIGN (0x8)
                0x08005ad8                        PROVIDE (__fini_array_start = .)
 *(SORT_BY_NAME(.fini_array.*))
 *(.fini_array*)
 .fini_array    0x08005ad8        0x4 c:/users/jessejabezarendse/appdata/roaming/code/user/globalstorage/bmd.stm32-for-vscode/@xpack-dev-tools/arm-none-eabi-gcc/12.3.1-1.2.1/.content/bin/../lib/gcc/arm-none-eabi/12.3.1/thumb/v7e-m+fp/hard/crtbegin.o
                0x08005adc                        PROVIDE (__fini_array_end = .)
                0x08005ae0                        . = ALIGN (0x8)
 *fill*         0x08005adc        0x4 
                0x08005ae0                        _sidata = LOADADDR (.data)

.data           0x20000000      0x108 load address 0x08005ae0
                0x20000000                        . = ALIGN (0x8)
                0x20000000                        _sdata = .
 *(.data)
 *(.data*)
 .data.SystemCoreClock
                0x20000000        0x4 build/system_stm32l4xx.o
                0x20000000                SystemCoreClock
 .data.uwTickFreq
                0x20000004        0x1 build/stm32l4xx_hal.o
                0x20000004                uwTickFreq
 *fill*         0x20000005        0x3 
 .data.uwTickPrio
                0x20000008        0x4 build/stm32l4xx_hal.o
                0x20000008                uwTickPrio
 .data.USBD_CDC_CfgDesc
                0x2000000c       0x43 build/usbd_cdc.o
 *fill*         0x2000004f        0x1 
 .data.USBD_CDC
                0x20000050       0x38 build/usbd_cdc.o
                0x20000050                USBD_CDC
 .data.USBD_CDC_DeviceQualifierDesc
                0x20000088        0xa build/usbd_cdc.o
 *fill*         0x20000092        0x2 
 .data.USBD_Interface_fops_FS
                0x20000094       0x14 build/usbd_cdc_if.o
                0x20000094                USBD_Interface_fops_FS
 .data.USBD_StringSerial
                0x200000a8       0x1a build/usbd_desc.o
                0x200000a8                USBD_StringSerial
 *fill*         0x200000c2        0x2 
 .data.USBD_LangIDDesc
                0x200000c4        0x4 build/usbd_desc.o
                0x200000c4                USBD_LangIDDesc
 .data.USBD_FS_BOSDesc
                0x200000c8        0xc build/usbd_desc.o
                0x200000c8                USBD_FS_BOSDesc
 .data.USBD_FS_DeviceDesc
                0x200000d4       0x12 build/usbd_desc.o
                0x200000d4                USBD_FS_DeviceDesc
 *fill*         0x200000e6        0x2 
 .data.FS_Desc  0x200000e8       0x20 build/usbd_desc.o
                0x200000e8                FS_Desc
                0x20000108                        . = ALIGN (0x8)
                0x20000108                        _edata = .

.igot.plt       0x20000108        0x0 load address 0x08005be8
 .igot.plt      0x20000108        0x0 c:/users/jessejabezarendse/appdata/roaming/code/user/globalstorage/bmd.stm32-for-vscode/@xpack-dev-tools/arm-none-eabi-gcc/12.3.1-1.2.1/.content/bin/../lib/gcc/arm-none-eabi/12.3.1/thumb/v7e-m+fp/hard/crtbegin.o
                0x20000108                        . = ALIGN (0x4)

.bss            0x20000108     0x1d88 load address 0x08005be8
                0x20000108                        _sbss = .
                0x20000108                        __bss_start__ = _sbss
 *(.bss)
 *(.bss*)
 .bss.completed.1
                0x20000108        0x1 c:/users/jessejabezarendse/appdata/roaming/code/user/globalstorage/bmd.stm32-for-vscode/@xpack-dev-tools/arm-none-eabi-gcc/12.3.1-1.2.1/.content/bin/../lib/gcc/arm-none-eabi/12.3.1/thumb/v7e-m+fp/hard/crtbegin.o
 *fill*         0x20000109        0x3 
 .bss.object.0  0x2000010c       0x18 c:/users/jessejabezarendse/appdata/roaming/code/user/globalstorage/bmd.stm32-for-vscode/@xpack-dev-tools/arm-none-eabi-gcc/12.3.1-1.2.1/.content/bin/../lib/gcc/arm-none-eabi/12.3.1/thumb/v7e-m+fp/hard/crtbegin.o
 .bss.diag_MOT_R
                0x20000124        0x4 build/CustomWhile.o
                0x20000124                diag_MOT_R
 .bss.diag_MOT_L
                0x20000128        0x4 build/CustomWhile.o
                0x20000128                diag_MOT_L
 .bss.diag_IR_LEDs
                0x2000012c        0x8 build/CustomWhile.o
                0x2000012c                diag_IR_LEDs
 .bss.diag_ProLED
                0x20000134        0x3 build/CustomWhile.o
                0x20000134                diag_ProLED
 *fill*         0x20000137        0x1 
 .bss.diag_ProSW
                0x20000138        0x2 build/CustomWhile.o
                0x20000138                diag_ProSW
 .bss.checkIMU  0x2000013a        0x1 build/IMU.o
                0x2000013a                checkIMU
 *fill*         0x2000013b        0x1 
 .bss.ADC_L     0x2000013c       0x12 build/main.o
                0x2000013c                ADC_L
 *fill*         0x2000014e        0x2 
 .bss.ADC_H     0x20000150       0x12 build/main.o
                0x20000150                ADC_H
 *fill*         0x20000162        0x2 
 .bss.ADC1s     0x20000164       0x12 build/main.o
                0x20000164                ADC1s
 *fill*         0x20000176        0x2 
 .bss.IR_LED_TIMER
                0x20000178        0x4 build/main.o
                0x20000178                IR_LED_TIMER
 .bss.IMU_Gyro  0x2000017c        0xc build/main.o
                0x2000017c                IMU_Gyro
 .bss.IMU_Accel
                0x20000188        0xc build/main.o
                0x20000188                IMU_Accel
 .bss.htim3     0x20000194       0x4c build/main.o
                0x20000194                htim3
 .bss.hi2c2     0x200001e0       0x54 build/main.o
                0x200001e0                hi2c2
 .bss.htim1     0x20000234       0x4c build/stm32l4xx_hal_timebase_tim.o
                0x20000234                htim1
 .bss.uwTick    0x20000280        0x4 build/stm32l4xx_hal.o
                0x20000280                uwTick
 .bss.cfgidx.0  0x20000284        0x1 build/usbd_ctlreq.o
 *fill*         0x20000285        0x3 
 .bss.hUsbDeviceFS
                0x20000288      0x2dc build/usb_device.o
                0x20000288                hUsbDeviceFS
 .bss.UserTxBufferFS
                0x20000564      0x800 build/usbd_cdc_if.o
                0x20000564                UserTxBufferFS
 .bss.UserRxBufferFS
                0x20000d64      0x800 build/usbd_cdc_if.o
                0x20000d64                UserRxBufferFS
 .bss.USBD_StrDesc
                0x20001564      0x200 build/usbd_desc.o
                0x20001564                USBD_StrDesc
 .bss.mem.0     0x20001764      0x220 build/usbd_conf.o
 .bss.hpcd_USB_OTG_FS
                0x20001984      0x50c build/usbd_conf.o
                0x20001984                hpcd_USB_OTG_FS
 *(COMMON)
                0x20001e90                        . = ALIGN (0x4)
                0x20001e90                        _ebss = .
                0x20001e90                        __bss_end__ = _ebss

._user_heap_stack
                0x20001e90      0x600 load address 0x08005be8
                0x20001e90                        . = ALIGN (0x8)
                [!provide]                        PROVIDE (end = .)
                0x20001e90                        PROVIDE (_end = .)
                0x20002090                        . = (. + _Min_Heap_Size)
 *fill*         0x20001e90      0x200 
                0x20002490                        . = (. + _Min_Stack_Size)
 *fill*         0x20002090      0x400 
                0x20002490                        . = ALIGN (0x8)

/DISCARD/
 libc.a(*)
 libm.a(*)
 libgcc.a(*)

.ARM.attributes
                0x00000000       0x30
 *(.ARM.attributes)
 .ARM.attributes
                0x00000000       0x22 c:/users/jessejabezarendse/appdata/roaming/code/user/globalstorage/bmd.stm32-for-vscode/@xpack-dev-tools/arm-none-eabi-gcc/12.3.1-1.2.1/.content/bin/../lib/gcc/arm-none-eabi/12.3.1/thumb/v7e-m+fp/hard/crti.o
 .ARM.attributes
                0x00000022       0x34 c:/users/jessejabezarendse/appdata/roaming/code/user/globalstorage/bmd.stm32-for-vscode/@xpack-dev-tools/arm-none-eabi-gcc/12.3.1-1.2.1/.content/bin/../lib/gcc/arm-none-eabi/12.3.1/thumb/v7e-m+fp/hard/crtbegin.o
 .ARM.attributes
                0x00000056       0x34 build/CustomWhile.o
 .ARM.attributes
                0x0000008a       0x34 build/IMU.o
 .ARM.attributes
                0x000000be       0x34 build/main.o
 .ARM.attributes
                0x000000f2       0x34 build/stm32l4xx_hal_msp.o
 .ARM.attributes
                0x00000126       0x34 build/stm32l4xx_hal_timebase_tim.o
 .ARM.attributes
                0x0000015a       0x34 build/stm32l4xx_it.o
 .ARM.attributes
                0x0000018e       0x34 build/system_stm32l4xx.o
 .ARM.attributes
                0x000001c2       0x34 build/stm32l4xx_hal.o
 .ARM.attributes
                0x000001f6       0x34 build/stm32l4xx_hal_cortex.o
 .ARM.attributes
                0x0000022a       0x34 build/stm32l4xx_hal_gpio.o
 .ARM.attributes
                0x0000025e       0x34 build/stm32l4xx_hal_i2c.o
 .ARM.attributes
                0x00000292       0x34 build/stm32l4xx_hal_i2c_ex.o
 .ARM.attributes
                0x000002c6       0x34 build/stm32l4xx_hal_pcd.o
 .ARM.attributes
                0x000002fa       0x34 build/stm32l4xx_hal_pcd_ex.o
 .ARM.attributes
                0x0000032e       0x34 build/stm32l4xx_hal_pwr_ex.o
 .ARM.attributes
                0x00000362       0x34 build/stm32l4xx_hal_rcc.o
 .ARM.attributes
                0x00000396       0x34 build/stm32l4xx_hal_tim.o
 .ARM.attributes
                0x000003ca       0x34 build/stm32l4xx_hal_tim_ex.o
 .ARM.attributes
                0x000003fe       0x34 build/stm32l4xx_ll_adc.o
 .ARM.attributes
                0x00000432       0x34 build/stm32l4xx_ll_gpio.o
 .ARM.attributes
                0x00000466       0x34 build/stm32l4xx_ll_usb.o
 .ARM.attributes
                0x0000049a       0x34 build/stm32l4xx_ll_utils.o
 .ARM.attributes
                0x000004ce       0x34 build/usbd_cdc.o
 .ARM.attributes
                0x00000502       0x34 build/usbd_core.o
 .ARM.attributes
                0x00000536       0x34 build/usbd_ctlreq.o
 .ARM.attributes
                0x0000056a       0x34 build/usbd_ioreq.o
 .ARM.attributes
                0x0000059e       0x34 build/usb_device.o
 .ARM.attributes
                0x000005d2       0x34 build/usbd_cdc_if.o
 .ARM.attributes
                0x00000606       0x34 build/usbd_desc.o
 .ARM.attributes
                0x0000063a       0x34 build/usbd_conf.o
 .ARM.attributes
                0x0000066e       0x21 build/startup_stm32l476xx.o
 .ARM.attributes
                0x0000068f       0x34 c:/users/jessejabezarendse/appdata/roaming/code/user/globalstorage/bmd.stm32-for-vscode/@xpack-dev-tools/arm-none-eabi-gcc/12.3.1-1.2.1/.content/bin/../lib/gcc/arm-none-eabi/12.3.1/../../../../arm-none-eabi/lib/thumb/v7e-m+fp/hard\libc_nano.a(libc_a-memset.o)
 .ARM.attributes
                0x000006c3       0x34 c:/users/jessejabezarendse/appdata/roaming/code/user/globalstorage/bmd.stm32-for-vscode/@xpack-dev-tools/arm-none-eabi-gcc/12.3.1-1.2.1/.content/bin/../lib/gcc/arm-none-eabi/12.3.1/../../../../arm-none-eabi/lib/thumb/v7e-m+fp/hard\libc_nano.a(libc_a-init.o)
 .ARM.attributes
                0x000006f7       0x22 c:/users/jessejabezarendse/appdata/roaming/code/user/globalstorage/bmd.stm32-for-vscode/@xpack-dev-tools/arm-none-eabi-gcc/12.3.1-1.2.1/.content/bin/../lib/gcc/arm-none-eabi/12.3.1/thumb/v7e-m+fp/hard/crtn.o
OUTPUT(build/MicroMouseProgramming.elf elf32-littlearm)
LOAD linker stubs
LOAD c:/users/jessejabezarendse/appdata/roaming/code/user/globalstorage/bmd.stm32-for-vscode/@xpack-dev-tools/arm-none-eabi-gcc/12.3.1-1.2.1/.content/bin/../lib/gcc/arm-none-eabi/12.3.1/../../../../arm-none-eabi/lib/thumb/v7e-m+fp/hard\libc.a
LOAD c:/users/jessejabezarendse/appdata/roaming/code/user/globalstorage/bmd.stm32-for-vscode/@xpack-dev-tools/arm-none-eabi-gcc/12.3.1-1.2.1/.content/bin/../lib/gcc/arm-none-eabi/12.3.1/../../../../arm-none-eabi/lib/thumb/v7e-m+fp/hard\libm.a
LOAD c:/users/jessejabezarendse/appdata/roaming/code/user/globalstorage/bmd.stm32-for-vscode/@xpack-dev-tools/arm-none-eabi-gcc/12.3.1-1.2.1/.content/bin/../lib/gcc/arm-none-eabi/12.3.1/thumb/v7e-m+fp/hard\libgcc.a

.comment        0x00000000       0x39
 .comment       0x00000000       0x39 c:/users/jessejabezarendse/appdata/roaming/code/user/globalstorage/bmd.stm32-for-vscode/@xpack-dev-tools/arm-none-eabi-gcc/12.3.1-1.2.1/.content/bin/../lib/gcc/arm-none-eabi/12.3.1/thumb/v7e-m+fp/hard/crtbegin.o
                                 0x3a (size before relaxing)
 .comment       0x00000039       0x3a build/CustomWhile.o
 .comment       0x00000039       0x3a build/IMU.o
 .comment       0x00000039       0x3a build/main.o
 .comment       0x00000039       0x3a build/stm32l4xx_hal_msp.o
 .comment       0x00000039       0x3a build/stm32l4xx_hal_timebase_tim.o
 .comment       0x00000039       0x3a build/stm32l4xx_it.o
 .comment       0x00000039       0x3a build/system_stm32l4xx.o
 .comment       0x00000039       0x3a build/stm32l4xx_hal.o
 .comment       0x00000039       0x3a build/stm32l4xx_hal_cortex.o
 .comment       0x00000039       0x3a build/stm32l4xx_hal_gpio.o
 .comment       0x00000039       0x3a build/stm32l4xx_hal_i2c.o
 .comment       0x00000039       0x3a build/stm32l4xx_hal_i2c_ex.o
 .comment       0x00000039       0x3a build/stm32l4xx_hal_pcd.o
 .comment       0x00000039       0x3a build/stm32l4xx_hal_pcd_ex.o
 .comment       0x00000039       0x3a build/stm32l4xx_hal_pwr_ex.o
 .comment       0x00000039       0x3a build/stm32l4xx_hal_rcc.o
 .comment       0x00000039       0x3a build/stm32l4xx_hal_tim.o
 .comment       0x00000039       0x3a build/stm32l4xx_hal_tim_ex.o
 .comment       0x00000039       0x3a build/stm32l4xx_ll_adc.o
 .comment       0x00000039       0x3a build/stm32l4xx_ll_gpio.o
 .comment       0x00000039       0x3a build/stm32l4xx_ll_usb.o
 .comment       0x00000039       0x3a build/stm32l4xx_ll_utils.o
 .comment       0x00000039       0x3a build/usbd_cdc.o
 .comment       0x00000039       0x3a build/usbd_core.o
 .comment       0x00000039       0x3a build/usbd_ctlreq.o
 .comment       0x00000039       0x3a build/usbd_ioreq.o
 .comment       0x00000039       0x3a build/usb_device.o
 .comment       0x00000039       0x3a build/usbd_cdc_if.o
 .comment       0x00000039       0x3a build/usbd_desc.o
 .comment       0x00000039       0x3a build/usbd_conf.o
 .comment       0x00000039       0x3a c:/users/jessejabezarendse/appdata/roaming/code/user/globalstorage/bmd.stm32-for-vscode/@xpack-dev-tools/arm-none-eabi-gcc/12.3.1-1.2.1/.content/bin/../lib/gcc/arm-none-eabi/12.3.1/../../../../arm-none-eabi/lib/thumb/v7e-m+fp/hard\libc_nano.a(libc_a-memset.o)
 .comment       0x00000039       0x3a c:/users/jessejabezarendse/appdata/roaming/code/user/globalstorage/bmd.stm32-for-vscode/@xpack-dev-tools/arm-none-eabi-gcc/12.3.1-1.2.1/.content/bin/../lib/gcc/arm-none-eabi/12.3.1/../../../../arm-none-eabi/lib/thumb/v7e-m+fp/hard\libc_nano.a(libc_a-init.o)

.debug_info     0x00000000    0x26529
 .debug_info    0x00000000      0xb62 build/CustomWhile.o
 .debug_info    0x00000b62      0xba6 build/IMU.o
 .debug_info    0x00001708     0x4b7a build/main.o
 .debug_info    0x00006282     0x125a build/stm32l4xx_hal_msp.o
 .debug_info    0x000074dc      0xd00 build/stm32l4xx_hal_timebase_tim.o
 .debug_info    0x000081dc      0xca1 build/stm32l4xx_it.o
 .debug_info    0x00008e7d      0x5cb build/system_stm32l4xx.o
 .debug_info    0x00009448      0xba6 build/stm32l4xx_hal.o
 .debug_info    0x00009fee      0xf7d build/stm32l4xx_hal_cortex.o
 .debug_info    0x0000af6b      0x789 build/stm32l4xx_hal_gpio.o
 .debug_info    0x0000b6f4     0x41bd build/stm32l4xx_hal_i2c.o
 .debug_info    0x0000f8b1      0x99e build/stm32l4xx_hal_i2c_ex.o
 .debug_info    0x0001024f     0x1b0a build/stm32l4xx_hal_pcd.o
 .debug_info    0x00011d59      0xa05 build/stm32l4xx_hal_pcd_ex.o
 .debug_info    0x0001275e      0xa4c build/stm32l4xx_hal_pwr_ex.o
 .debug_info    0x000131aa      0xe85 build/stm32l4xx_hal_rcc.o
 .debug_info    0x0001402f     0x3cb5 build/stm32l4xx_hal_tim.o
 .debug_info    0x00017ce4     0x1ccc build/stm32l4xx_hal_tim_ex.o
 .debug_info    0x000199b0      0xe34 build/stm32l4xx_ll_adc.o
 .debug_info    0x0001a7e4      0xd3d build/stm32l4xx_ll_gpio.o
 .debug_info    0x0001b521     0x1e01 build/stm32l4xx_ll_usb.o
 .debug_info    0x0001d322     0x1035 build/stm32l4xx_ll_utils.o
 .debug_info    0x0001e357     0x180e build/usbd_cdc.o
 .debug_info    0x0001fb65     0x1253 build/usbd_core.o
 .debug_info    0x00020db8     0x1429 build/usbd_ctlreq.o
 .debug_info    0x000221e1      0x8bd build/usbd_ioreq.o
 .debug_info    0x00022a9e      0x7be build/usb_device.o
 .debug_info    0x0002325c      0x9e3 build/usbd_cdc_if.o
 .debug_info    0x00023c3f      0x65b build/usbd_desc.o
 .debug_info    0x0002429a     0x225f build/usbd_conf.o
 .debug_info    0x000264f9       0x30 build/startup_stm32l476xx.o

.debug_abbrev   0x00000000     0x4cde
 .debug_abbrev  0x00000000      0x20d build/CustomWhile.o
 .debug_abbrev  0x0000020d      0x254 build/IMU.o
 .debug_abbrev  0x00000461      0x48f build/main.o
 .debug_abbrev  0x000008f0      0x247 build/stm32l4xx_hal_msp.o
 .debug_abbrev  0x00000b37      0x233 build/stm32l4xx_hal_timebase_tim.o
 .debug_abbrev  0x00000d6a      0x1f7 build/stm32l4xx_it.o
 .debug_abbrev  0x00000f61      0x11e build/system_stm32l4xx.o
 .debug_abbrev  0x0000107f      0x267 build/stm32l4xx_hal.o
 .debug_abbrev  0x000012e6      0x39b build/stm32l4xx_hal_cortex.o
 .debug_abbrev  0x00001681      0x1f9 build/stm32l4xx_hal_gpio.o
 .debug_abbrev  0x0000187a      0x29a build/stm32l4xx_hal_i2c.o
 .debug_abbrev  0x00001b14      0x1c7 build/stm32l4xx_hal_i2c_ex.o
 .debug_abbrev  0x00001cdb      0x2f0 build/stm32l4xx_hal_pcd.o
 .debug_abbrev  0x00001fcb      0x2ad build/stm32l4xx_hal_pcd_ex.o
 .debug_abbrev  0x00002278      0x215 build/stm32l4xx_hal_pwr_ex.o
 .debug_abbrev  0x0000248d      0x2ab build/stm32l4xx_hal_rcc.o
 .debug_abbrev  0x00002738      0x271 build/stm32l4xx_hal_tim.o
 .debug_abbrev  0x000029a9      0x26f build/stm32l4xx_hal_tim_ex.o
 .debug_abbrev  0x00002c18      0x20d build/stm32l4xx_ll_adc.o
 .debug_abbrev  0x00002e25      0x2d3 build/stm32l4xx_ll_gpio.o
 .debug_abbrev  0x000030f8      0x329 build/stm32l4xx_ll_usb.o
 .debug_abbrev  0x00003421      0x2c9 build/stm32l4xx_ll_utils.o
 .debug_abbrev  0x000036ea      0x355 build/usbd_cdc.o
 .debug_abbrev  0x00003a3f      0x307 build/usbd_core.o
 .debug_abbrev  0x00003d46      0x35b build/usbd_ctlreq.o
 .debug_abbrev  0x000040a1      0x1c8 build/usbd_ioreq.o
 .debug_abbrev  0x00004269      0x1c8 build/usb_device.o
 .debug_abbrev  0x00004431      0x2e2 build/usbd_cdc_if.o
 .debug_abbrev  0x00004713      0x204 build/usbd_desc.o
 .debug_abbrev  0x00004917      0x3a3 build/usbd_conf.o
 .debug_abbrev  0x00004cba       0x24 build/startup_stm32l476xx.o

.debug_loclists
                0x00000000    0x1064e
 .debug_loclists
                0x00000000       0x43 build/CustomWhile.o
 .debug_loclists
                0x00000043       0x75 build/IMU.o
 .debug_loclists
                0x000000b8     0x1434 build/main.o
 .debug_loclists
                0x000014ec       0xe1 build/stm32l4xx_hal_msp.o
 .debug_loclists
                0x000015cd       0x6e build/stm32l4xx_hal_timebase_tim.o
 .debug_loclists
                0x0000163b       0xb5 build/system_stm32l4xx.o
 .debug_loclists
                0x000016f0      0x12f build/stm32l4xx_hal.o
 .debug_loclists
                0x0000181f      0x439 build/stm32l4xx_hal_cortex.o
 .debug_loclists
                0x00001c58      0x277 build/stm32l4xx_hal_gpio.o
 .debug_loclists
                0x00001ecf     0x32fe build/stm32l4xx_hal_i2c.o
 .debug_loclists
                0x000051cd      0x11d build/stm32l4xx_hal_i2c_ex.o
 .debug_loclists
                0x000052ea      0xb0a build/stm32l4xx_hal_pcd.o
 .debug_loclists
                0x00005df4      0x15b build/stm32l4xx_hal_pcd_ex.o
 .debug_loclists
                0x00005f4f      0x593 build/stm32l4xx_hal_pwr_ex.o
 .debug_loclists
                0x000064e2      0x534 build/stm32l4xx_hal_rcc.o
 .debug_loclists
                0x00006a16     0x3662 build/stm32l4xx_hal_tim.o
 .debug_loclists
                0x0000a078     0x1784 build/stm32l4xx_hal_tim_ex.o
 .debug_loclists
                0x0000b7fc      0x36a build/stm32l4xx_ll_adc.o
 .debug_loclists
                0x0000bb66      0x582 build/stm32l4xx_ll_gpio.o
 .debug_loclists
                0x0000c0e8     0x143a build/stm32l4xx_ll_usb.o
 .debug_loclists
                0x0000d522      0x524 build/stm32l4xx_ll_utils.o
 .debug_loclists
                0x0000da46      0x6a7 build/usbd_cdc.o
 .debug_loclists
                0x0000e0ed      0x86d build/usbd_core.o
 .debug_loclists
                0x0000e95a      0xf97 build/usbd_ctlreq.o
 .debug_loclists
                0x0000f8f1      0x1b4 build/usbd_ioreq.o
 .debug_loclists
                0x0000faa5       0xe0 build/usbd_cdc_if.o
 .debug_loclists
                0x0000fb85      0x244 build/usbd_desc.o
 .debug_loclists
                0x0000fdc9      0x885 build/usbd_conf.o

.debug_aranges  0x00000000     0x1750
 .debug_aranges
                0x00000000       0x28 build/CustomWhile.o
 .debug_aranges
                0x00000028       0x48 build/IMU.o
 .debug_aranges
                0x00000070       0x80 build/main.o
 .debug_aranges
                0x000000f0       0x48 build/stm32l4xx_hal_msp.o
 .debug_aranges
                0x00000138       0x30 build/stm32l4xx_hal_timebase_tim.o
 .debug_aranges
                0x00000168       0x70 build/stm32l4xx_it.o
 .debug_aranges
                0x000001d8       0x28 build/system_stm32l4xx.o
 .debug_aranges
                0x00000200      0x130 build/stm32l4xx_hal.o
 .debug_aranges
                0x00000330       0xe0 build/stm32l4xx_hal_cortex.o
 .debug_aranges
                0x00000410       0x58 build/stm32l4xx_hal_gpio.o
 .debug_aranges
                0x00000468      0x2a0 build/stm32l4xx_hal_i2c.o
 .debug_aranges
                0x00000708       0x48 build/stm32l4xx_hal_i2c_ex.o
 .debug_aranges
                0x00000750      0x138 build/stm32l4xx_hal_pcd.o
 .debug_aranges
                0x00000888       0x60 build/stm32l4xx_hal_pcd_ex.o
 .debug_aranges
                0x000008e8      0x160 build/stm32l4xx_hal_pwr_ex.o
 .debug_aranges
                0x00000a48       0x90 build/stm32l4xx_hal_rcc.o
 .debug_aranges
                0x00000ad8      0x3e0 build/stm32l4xx_hal_tim.o
 .debug_aranges
                0x00000eb8      0x180 build/stm32l4xx_hal_tim_ex.o
 .debug_aranges
                0x00001038       0x68 build/stm32l4xx_ll_adc.o
 .debug_aranges
                0x000010a0       0x58 build/stm32l4xx_ll_gpio.o
 .debug_aranges
                0x000010f8      0x1a0 build/stm32l4xx_ll_usb.o
 .debug_aranges
                0x00001298       0x68 build/stm32l4xx_ll_utils.o
 .debug_aranges
                0x00001300       0x90 build/usbd_cdc.o
 .debug_aranges
                0x00001390       0xd8 build/usbd_core.o
 .debug_aranges
                0x00001468       0x88 build/usbd_ctlreq.o
 .debug_aranges
                0x000014f0       0x50 build/usbd_ioreq.o
 .debug_aranges
                0x00001540       0x20 build/usb_device.o
 .debug_aranges
                0x00001560       0x48 build/usbd_cdc_if.o
 .debug_aranges
                0x000015a8       0x68 build/usbd_desc.o
 .debug_aranges
                0x00001610      0x118 build/usbd_conf.o
 .debug_aranges
                0x00001728       0x28 build/startup_stm32l476xx.o

.debug_rnglists
                0x00000000     0x1273
 .debug_rnglists
                0x00000000       0x1a build/CustomWhile.o
 .debug_rnglists
                0x0000001a       0x35 build/IMU.o
 .debug_rnglists
                0x0000004f       0x60 build/main.o
 .debug_rnglists
                0x000000af       0x31 build/stm32l4xx_hal_msp.o
 .debug_rnglists
                0x000000e0       0x20 build/stm32l4xx_hal_timebase_tim.o
 .debug_rnglists
                0x00000100       0x4f build/stm32l4xx_it.o
 .debug_rnglists
                0x0000014f       0x1a build/system_stm32l4xx.o
 .debug_rnglists
                0x00000169       0xdf build/stm32l4xx_hal.o
 .debug_rnglists
                0x00000248       0xa3 build/stm32l4xx_hal_cortex.o
 .debug_rnglists
                0x000002eb       0x3f build/stm32l4xx_hal_gpio.o
 .debug_rnglists
                0x0000032a      0x21d build/stm32l4xx_hal_i2c.o
 .debug_rnglists
                0x00000547       0x31 build/stm32l4xx_hal_i2c_ex.o
 .debug_rnglists
                0x00000578       0xea build/stm32l4xx_hal_pcd.o
 .debug_rnglists
                0x00000662       0x44 build/stm32l4xx_hal_pcd_ex.o
 .debug_rnglists
                0x000006a6      0x109 build/stm32l4xx_hal_pwr_ex.o
 .debug_rnglists
                0x000007af       0x7c build/stm32l4xx_hal_rcc.o
 .debug_rnglists
                0x0000082b      0x313 build/stm32l4xx_hal_tim.o
 .debug_rnglists
                0x00000b3e      0x12f build/stm32l4xx_hal_tim_ex.o
 .debug_rnglists
                0x00000c6d       0x4a build/stm32l4xx_ll_adc.o
 .debug_rnglists
                0x00000cb7      0x117 build/stm32l4xx_ll_gpio.o
 .debug_rnglists
                0x00000dce      0x140 build/stm32l4xx_ll_usb.o
 .debug_rnglists
                0x00000f0e       0x4d build/stm32l4xx_ll_utils.o
 .debug_rnglists
                0x00000f5b       0x69 build/usbd_cdc.o
 .debug_rnglists
                0x00000fc4       0x9f build/usbd_core.o
 .debug_rnglists
                0x00001063       0x65 build/usbd_ctlreq.o
 .debug_rnglists
                0x000010c8       0x37 build/usbd_ioreq.o
 .debug_rnglists
                0x000010ff       0x13 build/usb_device.o
 .debug_rnglists
                0x00001112       0x31 build/usbd_cdc_if.o
 .debug_rnglists
                0x00001143       0x49 build/usbd_desc.o
 .debug_rnglists
                0x0000118c       0xce build/usbd_conf.o
 .debug_rnglists
                0x0000125a       0x19 build/startup_stm32l476xx.o

.debug_line     0x00000000    0x1bc42
 .debug_line    0x00000000      0x571 build/CustomWhile.o
 .debug_line    0x00000571      0x41e build/IMU.o
 .debug_line    0x0000098f     0x1879 build/main.o
 .debug_line    0x00002208      0x480 build/stm32l4xx_hal_msp.o
 .debug_line    0x00002688      0x38a build/stm32l4xx_hal_timebase_tim.o
 .debug_line    0x00002a12      0x3ce build/stm32l4xx_it.o
 .debug_line    0x00002de0      0x351 build/system_stm32l4xx.o
 .debug_line    0x00003131      0x754 build/stm32l4xx_hal.o
 .debug_line    0x00003885      0x8ce build/stm32l4xx_hal_cortex.o
 .debug_line    0x00004153      0x79d build/stm32l4xx_hal_gpio.o
 .debug_line    0x000048f0     0x52ea build/stm32l4xx_hal_i2c.o
 .debug_line    0x00009bda      0x5ad build/stm32l4xx_hal_i2c_ex.o
 .debug_line    0x0000a187     0x1483 build/stm32l4xx_hal_pcd.o
 .debug_line    0x0000b60a      0x574 build/stm32l4xx_hal_pcd_ex.o
 .debug_line    0x0000bb7e      0xb4c build/stm32l4xx_hal_pwr_ex.o
 .debug_line    0x0000c6ca      0xfab build/stm32l4xx_hal_rcc.o
 .debug_line    0x0000d675     0x4fae build/stm32l4xx_hal_tim.o
 .debug_line    0x00012623     0x2099 build/stm32l4xx_hal_tim_ex.o
 .debug_line    0x000146bc      0x78d build/stm32l4xx_ll_adc.o
 .debug_line    0x00014e49      0x8cc build/stm32l4xx_ll_gpio.o
 .debug_line    0x00015715     0x1ca3 build/stm32l4xx_ll_usb.o
 .debug_line    0x000173b8      0xa09 build/stm32l4xx_ll_utils.o
 .debug_line    0x00017dc1      0xc3f build/usbd_cdc.o
 .debug_line    0x00018a00      0xac3 build/usbd_core.o
 .debug_line    0x000194c3      0xe68 build/usbd_ctlreq.o
 .debug_line    0x0001a32b      0x39d build/usbd_ioreq.o
 .debug_line    0x0001a6c8      0x300 build/usb_device.o
 .debug_line    0x0001a9c8      0x357 build/usbd_cdc_if.o
 .debug_line    0x0001ad1f      0x462 build/usbd_desc.o
 .debug_line    0x0001b181      0xa4b build/usbd_conf.o
 .debug_line    0x0001bbcc       0x76 build/startup_stm32l476xx.o

.debug_str      0x00000000     0x766c
 .debug_str     0x00000000      0x843 build/CustomWhile.o
                                0x8a7 (size before relaxing)
 .debug_str     0x00000843      0x579 build/IMU.o
                                0x7ce (size before relaxing)
 .debug_str     0x00000dbc     0x1014 build/main.o
                               0x1def (size before relaxing)
 .debug_str     0x00001dd0       0xf0 build/stm32l4xx_hal_msp.o
                               0x116e (size before relaxing)
 .debug_str     0x00001ec0      0x12b build/stm32l4xx_hal_timebase_tim.o
                                0xe73 (size before relaxing)
 .debug_str     0x00001feb      0x4cf build/stm32l4xx_it.o
                                0xbac (size before relaxing)
 .debug_str     0x000024ba       0x8b build/system_stm32l4xx.o
                                0x3d3 (size before relaxing)
 .debug_str     0x00002545      0x447 build/stm32l4xx_hal.o
                                0xcf2 (size before relaxing)
 .debug_str     0x0000298c      0x349 build/stm32l4xx_hal_cortex.o
                                0xc1a (size before relaxing)
 .debug_str     0x00002cd5       0xfb build/stm32l4xx_hal_gpio.o
                                0x53a (size before relaxing)
 .debug_str     0x00002dd0      0x894 build/stm32l4xx_hal_i2c.o
                                0xfe1 (size before relaxing)
 .debug_str     0x00003664       0xb5 build/stm32l4xx_hal_i2c_ex.o
                                0x90a (size before relaxing)
 .debug_str     0x00003719      0x7f5 build/stm32l4xx_hal_pcd.o
                                0xe06 (size before relaxing)
 .debug_str     0x00003f0e      0x199 build/stm32l4xx_hal_pcd_ex.o
                                0x822 (size before relaxing)
 .debug_str     0x000040a7      0x50d build/stm32l4xx_hal_pwr_ex.o
                                0x849 (size before relaxing)
 .debug_str     0x000045b4      0x283 build/stm32l4xx_hal_rcc.o
                                0x896 (size before relaxing)
 .debug_str     0x00004837      0xe0d build/stm32l4xx_hal_tim.o
                               0x1713 (size before relaxing)
 .debug_str     0x00005644      0x5e0 build/stm32l4xx_hal_tim_ex.o
                               0x1027 (size before relaxing)
 .debug_str     0x00005c24      0x2dc build/stm32l4xx_ll_adc.o
                                0x7c5 (size before relaxing)
 .debug_str     0x00005f00       0xe7 build/stm32l4xx_ll_gpio.o
                                0x4db (size before relaxing)
 .debug_str     0x00005fe7      0x475 build/stm32l4xx_ll_usb.o
                                0xd2c (size before relaxing)
 .debug_str     0x0000645c      0x2e6 build/stm32l4xx_ll_utils.o
                                0x8c3 (size before relaxing)
 .debug_str     0x00006742      0x716 build/usbd_cdc.o
                                0xe00 (size before relaxing)
 .debug_str     0x00006e58      0x35f build/usbd_core.o
                                0x9f5 (size before relaxing)
 .debug_str     0x000071b7      0x136 build/usbd_ctlreq.o
                                0x820 (size before relaxing)
 .debug_str     0x000072ed       0x4e build/usbd_ioreq.o
                                0x6f5 (size before relaxing)
 .debug_str     0x0000733b       0x48 build/usb_device.o
                                0x6e3 (size before relaxing)
 .debug_str     0x00007383       0x87 build/usbd_cdc_if.o
                                0x7b1 (size before relaxing)
 .debug_str     0x0000740a      0x197 build/usbd_desc.o
                                0x4a6 (size before relaxing)
 .debug_str     0x000075a1       0x99 build/usbd_conf.o
                               0x173b (size before relaxing)
 .debug_str     0x0000763a       0x32 build/startup_stm32l476xx.o
                                 0x78 (size before relaxing)

.debug_frame    0x00000000     0x3e00
 .debug_frame   0x00000000       0x4c build/CustomWhile.o
 .debug_frame   0x0000004c       0xe0 build/IMU.o
 .debug_frame   0x0000012c      0x184 build/main.o
 .debug_frame   0x000002b0       0xb8 build/stm32l4xx_hal_msp.o
 .debug_frame   0x00000368       0x54 build/stm32l4xx_hal_timebase_tim.o
 .debug_frame   0x000003bc       0xd0 build/stm32l4xx_it.o
 .debug_frame   0x0000048c       0x30 build/system_stm32l4xx.o
 .debug_frame   0x000004bc      0x274 build/stm32l4xx_hal.o
 .debug_frame   0x00000730      0x1e4 build/stm32l4xx_hal_cortex.o
 .debug_frame   0x00000914       0xd0 build/stm32l4xx_hal_gpio.o
 .debug_frame   0x000009e4      0x984 build/stm32l4xx_hal_i2c.o
 .debug_frame   0x00001368       0x80 build/stm32l4xx_hal_i2c_ex.o
 .debug_frame   0x000013e8      0x35c build/stm32l4xx_hal_pcd.o
 .debug_frame   0x00001744       0xb8 build/stm32l4xx_hal_pcd_ex.o
 .debug_frame   0x000017fc      0x2b8 build/stm32l4xx_hal_pwr_ex.o
 .debug_frame   0x00001ab4      0x19c build/stm32l4xx_hal_rcc.o
 .debug_frame   0x00001c50      0xb54 build/stm32l4xx_hal_tim.o
 .debug_frame   0x000027a4      0x470 build/stm32l4xx_hal_tim_ex.o
 .debug_frame   0x00002c14       0xf4 build/stm32l4xx_ll_adc.o
 .debug_frame   0x00002d08       0xdc build/stm32l4xx_ll_gpio.o
 .debug_frame   0x00002de4      0x478 build/stm32l4xx_ll_usb.o
 .debug_frame   0x0000325c       0xf4 build/stm32l4xx_ll_utils.o
 .debug_frame   0x00003350      0x190 build/usbd_cdc.o
 .debug_frame   0x000034e0      0x240 build/usbd_core.o
 .debug_frame   0x00003720      0x180 build/usbd_ctlreq.o
 .debug_frame   0x000038a0       0xb8 build/usbd_ioreq.o
 .debug_frame   0x00003958       0x28 build/usb_device.o
 .debug_frame   0x00003980       0x88 build/usbd_cdc_if.o
 .debug_frame   0x00003a08       0xf0 build/usbd_desc.o
 .debug_frame   0x00003af8      0x308 build/usbd_conf.o

.debug_line_str
                0x00000000       0x5c
 .debug_line_str
                0x00000000       0x5c build/startup_stm32l476xx.o

Cross Reference Table

Symbol                                            File
ADC1_2_IRQHandler                                 build/stm32l4xx_it.o
ADC1s                                             build/main.o
                                                  build/CustomWhile.o
ADC2s                                             build/main.o
ADC3_IRQHandler                                   build/startup_stm32l476xx.o
ADC_H                                             build/main.o
                                                  build/CustomWhile.o
ADC_L                                             build/main.o
                                                  build/CustomWhile.o
AHBPrescTable                                     build/system_stm32l4xx.o
                                                  build/stm32l4xx_ll_utils.o
                                                  build/stm32l4xx_hal_rcc.o
APBPrescTable                                     build/system_stm32l4xx.o
                                                  build/stm32l4xx_hal_rcc.o
BusFault_Handler                                  build/stm32l4xx_it.o
CAN1_RX0_IRQHandler                               build/startup_stm32l476xx.o
CAN1_RX1_IRQHandler                               build/startup_stm32l476xx.o
CAN1_SCE_IRQHandler                               build/startup_stm32l476xx.o
CAN1_TX_IRQHandler                                build/startup_stm32l476xx.o
CDC_Transmit_FS                                   build/usbd_cdc_if.o
                                                  build/CustomWhile.o
COMP_IRQHandler                                   build/startup_stm32l476xx.o
CustomWhile                                       build/CustomWhile.o
                                                  build/main.o
DFSDM1_FLT0_IRQHandler                            build/startup_stm32l476xx.o
DFSDM1_FLT1_IRQHandler                            build/startup_stm32l476xx.o
DFSDM1_FLT2_IRQHandler                            build/startup_stm32l476xx.o
DFSDM1_FLT3_IRQHandler                            build/startup_stm32l476xx.o
DMA1_Channel1_IRQHandler                          build/stm32l4xx_it.o
DMA1_Channel2_IRQHandler                          build/stm32l4xx_it.o
DMA1_Channel3_IRQHandler                          build/startup_stm32l476xx.o
DMA1_Channel4_IRQHandler                          build/startup_stm32l476xx.o
DMA1_Channel5_IRQHandler                          build/startup_stm32l476xx.o
DMA1_Channel6_IRQHandler                          build/startup_stm32l476xx.o
DMA1_Channel7_IRQHandler                          build/startup_stm32l476xx.o
DMA2_Channel1_IRQHandler                          build/startup_stm32l476xx.o
DMA2_Channel2_IRQHandler                          build/startup_stm32l476xx.o
DMA2_Channel3_IRQHandler                          build/startup_stm32l476xx.o
DMA2_Channel4_IRQHandler                          build/startup_stm32l476xx.o
DMA2_Channel5_IRQHandler                          build/startup_stm32l476xx.o
DMA2_Channel6_IRQHandler                          build/startup_stm32l476xx.o
DMA2_Channel7_IRQHandler                          build/startup_stm32l476xx.o
DebugMon_Handler                                  build/stm32l4xx_it.o
Default_Handler                                   build/startup_stm32l476xx.o
EXTI0_IRQHandler                                  build/startup_stm32l476xx.o
EXTI15_10_IRQHandler                              build/startup_stm32l476xx.o
EXTI1_IRQHandler                                  build/startup_stm32l476xx.o
EXTI2_IRQHandler                                  build/startup_stm32l476xx.o
EXTI3_IRQHandler                                  build/startup_stm32l476xx.o
EXTI4_IRQHandler                                  build/startup_stm32l476xx.o
EXTI9_5_IRQHandler                                build/startup_stm32l476xx.o
Error_Handler                                     build/main.o
                                                  build/usbd_conf.o
                                                  build/usb_device.o
FLASH_FlushCaches                                 build/stm32l4xx_hal_flash_ex.o
                                                  build/stm32l4xx_hal_flash.o
FLASH_IRQHandler                                  build/startup_stm32l476xx.o
FLASH_PageErase                                   build/stm32l4xx_hal_flash_ex.o
                                                  build/stm32l4xx_hal_flash.o
FLASH_WaitForLastOperation                        build/stm32l4xx_hal_flash.o
                                                  build/stm32l4xx_hal_flash_ex.o
FMC_IRQHandler                                    build/startup_stm32l476xx.o
FPU_IRQHandler                                    build/startup_stm32l476xx.o
FS_Desc                                           build/usbd_desc.o
                                                  build/usb_device.o
HAL_DBGMCU_DisableDBGSleepMode                    build/stm32l4xx_hal.o
HAL_DBGMCU_DisableDBGStandbyMode                  build/stm32l4xx_hal.o
HAL_DBGMCU_DisableDBGStopMode                     build/stm32l4xx_hal.o
HAL_DBGMCU_EnableDBGSleepMode                     build/stm32l4xx_hal.o
HAL_DBGMCU_EnableDBGStandbyMode                   build/stm32l4xx_hal.o
HAL_DBGMCU_EnableDBGStopMode                      build/stm32l4xx_hal.o
HAL_DMA_Abort                                     build/stm32l4xx_hal_dma.o
HAL_DMA_Abort_IT                                  build/stm32l4xx_hal_dma.o
                                                  build/stm32l4xx_hal_tim_ex.o
                                                  build/stm32l4xx_hal_tim.o
                                                  build/stm32l4xx_hal_i2c.o
HAL_DMA_DeInit                                    build/stm32l4xx_hal_dma.o
HAL_DMA_GetError                                  build/stm32l4xx_hal_dma.o
HAL_DMA_GetState                                  build/stm32l4xx_hal_dma.o
                                                  build/stm32l4xx_hal_i2c.o
HAL_DMA_IRQHandler                                build/stm32l4xx_hal_dma.o
HAL_DMA_Init                                      build/stm32l4xx_hal_dma.o
HAL_DMA_PollForTransfer                           build/stm32l4xx_hal_dma.o
HAL_DMA_RegisterCallback                          build/stm32l4xx_hal_dma.o
HAL_DMA_Start                                     build/stm32l4xx_hal_dma.o
HAL_DMA_Start_IT                                  build/stm32l4xx_hal_dma.o
                                                  build/stm32l4xx_hal_tim_ex.o
                                                  build/stm32l4xx_hal_tim.o
                                                  build/stm32l4xx_hal_i2c.o
HAL_DMA_UnRegisterCallback                        build/stm32l4xx_hal_dma.o
HAL_DeInit                                        build/stm32l4xx_hal.o
HAL_Delay                                         build/stm32l4xx_hal.o
                                                  build/usbd_conf.o
                                                  build/stm32l4xx_ll_usb.o
                                                  build/stm32l4xx_hal_pcd_ex.o
HAL_EXTI_ClearConfigLine                          build/stm32l4xx_hal_exti.o
HAL_EXTI_ClearPending                             build/stm32l4xx_hal_exti.o
HAL_EXTI_GenerateSWI                              build/stm32l4xx_hal_exti.o
HAL_EXTI_GetConfigLine                            build/stm32l4xx_hal_exti.o
HAL_EXTI_GetHandle                                build/stm32l4xx_hal_exti.o
HAL_EXTI_GetPending                               build/stm32l4xx_hal_exti.o
HAL_EXTI_IRQHandler                               build/stm32l4xx_hal_exti.o
HAL_EXTI_RegisterCallback                         build/stm32l4xx_hal_exti.o
HAL_EXTI_SetConfigLine                            build/stm32l4xx_hal_exti.o
HAL_FLASHEx_DisableRunPowerDown                   build/stm32l4xx_hal_flash_ramfunc.o
HAL_FLASHEx_EnableRunPowerDown                    build/stm32l4xx_hal_flash_ramfunc.o
HAL_FLASHEx_Erase                                 build/stm32l4xx_hal_flash_ex.o
HAL_FLASHEx_Erase_IT                              build/stm32l4xx_hal_flash_ex.o
HAL_FLASHEx_OBGetConfig                           build/stm32l4xx_hal_flash_ex.o
HAL_FLASHEx_OBProgram                             build/stm32l4xx_hal_flash_ex.o
HAL_FLASH_EndOfOperationCallback                  build/stm32l4xx_hal_flash.o
HAL_FLASH_GetError                                build/stm32l4xx_hal_flash.o
HAL_FLASH_IRQHandler                              build/stm32l4xx_hal_flash.o
HAL_FLASH_Lock                                    build/stm32l4xx_hal_flash.o
HAL_FLASH_OB_Launch                               build/stm32l4xx_hal_flash.o
HAL_FLASH_OB_Lock                                 build/stm32l4xx_hal_flash.o
HAL_FLASH_OB_Unlock                               build/stm32l4xx_hal_flash.o
HAL_FLASH_OperationErrorCallback                  build/stm32l4xx_hal_flash.o
HAL_FLASH_Program                                 build/stm32l4xx_hal_flash.o
HAL_FLASH_Program_IT                              build/stm32l4xx_hal_flash.o
HAL_FLASH_Unlock                                  build/stm32l4xx_hal_flash.o
HAL_GPIO_DeInit                                   build/stm32l4xx_hal_gpio.o
                                                  build/usbd_conf.o
                                                  build/stm32l4xx_hal_msp.o
HAL_GPIO_EXTI_Callback                            build/stm32l4xx_hal_gpio.o
HAL_GPIO_EXTI_IRQHandler                          build/stm32l4xx_hal_gpio.o
HAL_GPIO_Init                                     build/stm32l4xx_hal_gpio.o
                                                  build/usbd_conf.o
                                                  build/stm32l4xx_hal_rcc_ex.o
                                                  build/stm32l4xx_hal_rcc.o
                                                  build/stm32l4xx_hal_msp.o
HAL_GPIO_LockPin                                  build/stm32l4xx_hal_gpio.o