../Drivers/STM32L4xx_HAL_Driver/Inc/stm32l4xx_ll_usart.h:3187:26:LL_USART_IsActiveFlag_TXE	16	static
../Drivers/STM32L4xx_HAL_Driver/Inc/stm32l4xx_ll_usart.h:4566:22:LL_USART_TransmitData8	16	static
../USB_DEVICE/App/usbd_cdc_if.c:154:15:CDC_Init_FS	8	static
../USB_DEVICE/App/usbd_cdc_if.c:168:15:CDC_DeInit_FS	4	static
../USB_DEVICE/App/usbd_cdc_if.c:182:15:CDC_Control_FS	16	static
../USB_DEVICE/App/usbd_cdc_if.c:263:15:CDC_Receive_FS	24	static
../USB_DEVICE/App/usbd_cdc_if.c:294:9:CDC_Transmit_FS	24	static
../USB_DEVICE/App/usbd_cdc_if.c:320:15:CDC_TransmitCplt_FS	32	static
